###############################################################################
#
# IAR ELF Linker V8.50.9.278/W32 for ARM                  10/Feb/2022  16:12:09
# Copyright 2007-2020 IAR Systems AB.
#
#    Output file  =
#        C:\Users\olima\OneDrive\REV\MotorController2021\rev-motor-controller-2021\pac55xx_REV\Debug\Exe\c.out
#    Map file     =
#        C:\Users\olima\OneDrive\REV\MotorController2021\rev-motor-controller-2021\pac55xx_REV\Debug\List\c.map
#    Command line =
#        -f C:\Users\olima\AppData\Local\Temp\EWF62A.tmp
#        (C:\Users\olima\OneDrive\REV\MotorController2021\rev-motor-controller-2021\pac55xx_REV\Debug\Obj\can_app.o
#        C:\Users\olima\OneDrive\REV\MotorController2021\rev-motor-controller-2021\pac55xx_REV\Debug\Obj\can_func.o
#        C:\Users\olima\OneDrive\REV\MotorController2021\rev-motor-controller-2021\pac55xx_REV\Debug\Obj\can_isr.o
#        C:\Users\olima\OneDrive\REV\MotorController2021\rev-motor-controller-2021\pac55xx_REV\Debug\Obj\common.o
#        C:\Users\olima\OneDrive\REV\MotorController2021\rev-motor-controller-2021\pac55xx_REV\Debug\Obj\gpio_app.o
#        C:\Users\olima\OneDrive\REV\MotorController2021\rev-motor-controller-2021\pac55xx_REV\Debug\Obj\gpio_func.o
#        C:\Users\olima\OneDrive\REV\MotorController2021\rev-motor-controller-2021\pac55xx_REV\Debug\Obj\gpio_isr.o
#        C:\Users\olima\OneDrive\REV\MotorController2021\rev-motor-controller-2021\pac55xx_REV\Debug\Obj\hs_functions.o
#        C:\Users\olima\OneDrive\REV\MotorController2021\rev-motor-controller-2021\pac55xx_REV\Debug\Obj\init.o
#        C:\Users\olima\OneDrive\REV\MotorController2021\rev-motor-controller-2021\pac55xx_REV\Debug\Obj\isr_TimerC.o
#        C:\Users\olima\OneDrive\REV\MotorController2021\rev-motor-controller-2021\pac55xx_REV\Debug\Obj\main.o
#        C:\Users\olima\OneDrive\REV\MotorController2021\rev-motor-controller-2021\pac55xx_REV\Debug\Obj\pac5xxx_driver_adc.o
#        C:\Users\olima\OneDrive\REV\MotorController2021\rev-motor-controller-2021\pac55xx_REV\Debug\Obj\pac5xxx_driver_can.o
#        C:\Users\olima\OneDrive\REV\MotorController2021\rev-motor-controller-2021\pac55xx_REV\Debug\Obj\pac5xxx_driver_gpio.o
#        C:\Users\olima\OneDrive\REV\MotorController2021\rev-motor-controller-2021\pac55xx_REV\Debug\Obj\pac5xxx_driver_socbridge.o
#        C:\Users\olima\OneDrive\REV\MotorController2021\rev-motor-controller-2021\pac55xx_REV\Debug\Obj\pac5xxx_driver_system.o
#        C:\Users\olima\OneDrive\REV\MotorController2021\rev-motor-controller-2021\pac55xx_REV\Debug\Obj\pac5xxx_driver_tile_socbridge.o
#        C:\Users\olima\OneDrive\REV\MotorController2021\rev-motor-controller-2021\pac55xx_REV\Debug\Obj\pac5xxx_driver_timer.o
#        C:\Users\olima\OneDrive\REV\MotorController2021\rev-motor-controller-2021\pac55xx_REV\Debug\Obj\pac5xxx_driver_uart.o
#        C:\Users\olima\OneDrive\REV\MotorController2021\rev-motor-controller-2021\pac55xx_REV\Debug\Obj\startup_pac55xx_iar.o
#        C:\Users\olima\OneDrive\REV\MotorController2021\rev-motor-controller-2021\pac55xx_REV\Debug\Obj\uart_app.o
#        C:\Users\olima\OneDrive\REV\MotorController2021\rev-motor-controller-2021\pac55xx_REV\Debug\Obj\uart_func.o
#        C:\Users\olima\OneDrive\REV\MotorController2021\rev-motor-controller-2021\pac55xx_REV\Debug\Obj\uart_isr.o
#        --no_out_extension -o
#        C:\Users\olima\OneDrive\REV\MotorController2021\rev-motor-controller-2021\pac55xx_REV\Debug\Exe\c.out
#        --redirect _Printf=_PrintfFull --redirect _Scanf=_ScanfFull --map
#        C:\Users\olima\OneDrive\REV\MotorController2021\rev-motor-controller-2021\pac55xx_REV\Debug\List\c.map
#        --config
#        C:\Users\olima\OneDrive\REV\MotorController2021\rev-motor-controller-2021\pac55xx_REV\pac55xx.icf
#        --semihosting --entry __iar_program_start --vfe --text_out locale)
#
###############################################################################

*******************************************************************************
*** RUNTIME MODEL ATTRIBUTES
***

CppFlavor       = *
__Heap_Handler  = Basic
__SystemLibrary = DLib
__dlib_version  = 6


*******************************************************************************
*** HEAP SELECTION
***

The basic heap was selected because some modules are built with
size limitations (and not runtime checking), and --advanced_heap
was not specified.


*******************************************************************************
*** PLACEMENT SUMMARY
***

"A0":  place at address 0x0 { ro section .intvec };
"P1":  place in [from 0x0 to 0x1'ffff] { ro };
define block CSTACK with size = 512, alignment = 8 { };
define block HEAP with size = 0, alignment = 8 { };
"P3":  place in [from 0x0 to 0x0] |
                [from 0x2000'0000 to 0x2000'7fff] {
          rw, block CSTACK, block HEAP };
initialize by copy { rw };

No sections matched the following patterns:

  ro section application_specific_ro  in "P2|P4"
  rw section application_specific_rw  in "P2|P4"


  Section            Kind         Address    Size  Object
  -------            ----         -------    ----  ------
"A0":                                        0xbc
  .intvec            ro code          0x0    0xbc  startup_pac55xx_iar.o [1]
                                   - 0xbc    0xbc

"P1":                                      0x1878
  .text              ro code         0xbc   0x55a  init.o [1]
  .text              ro code        0x616    0x3a  zero_init3.o [4]
  .text              ro code        0x650    0x90  pac5xxx_driver_system.o [1]
  .text              ro code        0x6e0    0xd8  pac5xxx_driver_timer.o [1]
  .text              ro code        0x7b8    0x88  pac5xxx_driver_tile_socbridge.o [1]
  .text              ro code        0x840    0x20  startup_pac55xx_iar.o [1]
  .text              ro code        0x860   0x13c  pac5xxx_driver_socbridge.o [1]
  .text              ro code        0x99c   0x450  can_func.o [1]
  .text              ro code        0xdec   0x380  uart_func.o [1]
  .text              ro code       0x116c    0x4a  pac5xxx_driver_uart.o [1]
  .text              ro code       0x11b6    0x2e  copy_init3.o [4]
  .text              ro code       0x11e4   0x1e0  hs_functions.o [1]
  .text              ro code       0x13c4   0x17c  uart_isr.o [1]
  .text              ro code       0x1540    0xd4  isr_TimerC.o [1]
  .text              ro code       0x1614    0x88  main.o [1]
  .rodata            const         0x169c    0x30  common.o [1]
  .text              ro code       0x16cc    0x2c  iarttio.o [5]
  .text              ro code       0x16f8     0xc  XShttio.o [2]
  .text              ro code       0x1704    0x28  data_init.o [4]
  .text              ro code       0x172c    0x22  fpinit_M.o [3]
  .iar.init_table    const         0x1750    0x24  - Linker created -
  .text              ro code       0x1774    0x1e  cmain.o [4]
  .text              ro code       0x1792     0x4  low_level_init.o [2]
  .text              ro code       0x1796     0x4  exit.o [2]
  .text              ro code       0x179c     0xa  cexit.o [4]
  .text              ro code       0x17a8    0x14  exit.o [5]
  .text              ro code       0x17bc    0x1c  cstartup_M.o [4]
  .rodata            const         0x17d8    0x10  common.o [1]
  .rodata            const         0x17e8     0xc  common.o [1]
  .text              ro code       0x17f4     0x4  startup_pac55xx_iar.o [1]
  .rodata            const         0x17f8     0x0  zero_init3.o [4]
  .rodata            const         0x17f8     0x0  copy_init3.o [4]
  Initializer bytes  const         0x17f8   0x13c  <for P3 s0>
                                 - 0x1934  0x1878

"P3", part 1 of 3:                          0x13c
  P3 s0                       0x2000'0000   0x13c  <Init block>
    Veneer           inited   0x2000'0000     0x8  - Linker created -
    .textrw          inited   0x2000'0008    0xfc  can_isr.o [1]
    .textrw          inited   0x2000'0104    0x20  gpio_isr.o [1]
    .text            inited   0x2000'0124     0xe  startup_pac55xx_iar.o [1]
    .data            inited   0x2000'0134     0x8  XShttio.o [2]
                            - 0x2000'013c   0x13c

"P3", part 2 of 3:                           0x68
  .bss               zero     0x2000'013c    0x34  uart_isr.o [1]
  .bss               zero     0x2000'0170    0x18  common.o [1]
  .bss               zero     0x2000'0188     0x8  can_func.o [1]
  .bss               zero     0x2000'0190     0x4  can_func.o [1]
  .bss               zero     0x2000'0194     0x4  common.o [1]
  .bss               zero     0x2000'0198     0x4  uart_isr.o [1]
  .bss               zero     0x2000'019c     0x2  can_func.o [1]
  .bss               zero     0x2000'019e     0x1  can_func.o [1]
  .bss               zero     0x2000'019f     0x1  can_func.o [1]
  .bss               zero     0x2000'01a0     0x1  hs_functions.o [1]
                            - 0x2000'01a1    0x65

"P3", part 3 of 3:                          0x200
  CSTACK                      0x2000'01a8   0x200  <Block>
    CSTACK           uninit   0x2000'01a8   0x200  <Block tail>
                            - 0x2000'03a8   0x200

Unused ranges:

         From           To      Size
         ----           --      ----
       0x1934     0x1'ffff  0x1'e6cc
  0x2000'01a4  0x2000'01a7       0x4
  0x2000'03a8  0x2000'7fff    0x7c58


*******************************************************************************
*** INIT TABLE
***

          Address      Size
          -------      ----
Zero (__iar_zero_init3)
    1 destination range, total size 0x65:
          0x2000'013c   0x65

Copy (__iar_copy_init3)
    1 source range, total size 0x13c:
               0x17f8  0x13c
    1 destination range, total size 0x13c:
          0x2000'0000  0x13c



*******************************************************************************
*** MODULE SUMMARY
***

    Module                           ro code  rw code  ro data  rw data
    ------                           -------  -------  -------  -------
command line/config:
    -------------------------------------------------------------------
    Total:

C:\Users\olima\OneDrive\REV\MotorController2021\rev-motor-controller-2021\pac55xx_REV\Debug\Obj: [1]
    can_func.o                         1'104                         16
    can_isr.o                                     252      252
    common.o                                                76       28
    gpio_isr.o                                     32       32
    hs_functions.o                       480                          1
    init.o                             1'370
    isr_TimerC.o                         212
    main.o                               136
    pac5xxx_driver_socbridge.o           316
    pac5xxx_driver_system.o              144
    pac5xxx_driver_tile_socbridge.o      136
    pac5xxx_driver_timer.o               216
    pac5xxx_driver_uart.o                 74
    startup_pac55xx_iar.o                224       14       14
    uart_func.o                          896
    uart_isr.o                           380                         56
    -------------------------------------------------------------------
    Total:                             5'688      298      374      101

dl7M_tlf.a: [2]
    XShttio.o                             12                10        8
    exit.o                                 4
    low_level_init.o                       4
    -------------------------------------------------------------------
    Total:                                20                10        8

m7M_tls.a: [3]
    fpinit_M.o                            34
    -------------------------------------------------------------------
    Total:                                34

rt7M_tl.a: [4]
    cexit.o                               10
    cmain.o                               30
    copy_init3.o                          46
    cstartup_M.o                          28
    data_init.o                           40
    zero_init3.o                          58
    -------------------------------------------------------------------
    Total:                               212

shb_l.a: [5]
    exit.o                                20
    iarttio.o                             44
    -------------------------------------------------------------------
    Total:                                64

    Gaps                                   4                 2        2
    Linker created                                  8       44      512
-----------------------------------------------------------------------
    Grand Total:                       6'022      306      430      623


*******************************************************************************
*** ENTRY LIST
***

Entry                       Address   Size  Type      Object
-----                       -------   ----  ----      ------
.iar.init_table$$Base        0x1750          --   Gb  - Linker created -
.iar.init_table$$Limit       0x1774          --   Gb  - Linker created -
?main                        0x1775         Code  Gb  cmain.o [4]
CAN_IRQHandler          0x2000'0009   0xfc  Code  Gb  can_isr.o [1]
CSTACK$$Base            0x2000'01a8          --   Gb  - Linker created -
CSTACK$$Limit           0x2000'03a8          --   Gb  - Linker created -
GpioC_IRQHandler        0x2000'0105   0x20  Code  Gb  gpio_isr.o [1]
Region$$Table$$Base          0x1750          --   Gb  - Linker created -
Region$$Table$$Limit         0x1774          --   Gb  - Linker created -
TimerC_IRQHandler            0x1541   0xd4  Code  Gb  isr_TimerC.o [1]
UARTA_IO_Select_PA45          0xe75   0x40  Code  Gb  uart_func.o [1]
UARTB_IO_Select_PF23          0xeb5   0x40  Code  Gb  uart_func.o [1]
UARTC_IO_Select_PE23          0xef5   0x40  Code  Gb  uart_func.o [1]
UARTD_IO_Select_PD45          0xf35   0x40  Code  Gb  uart_func.o [1]
USARTA_IRQHandler            0x13e3   0x3c  Code  Gb  uart_isr.o [1]
USARTB_IRQHandler            0x141f   0x54  Code  Gb  uart_isr.o [1]
USARTC_IRQHandler            0x1473   0x64  Code  Gb  uart_isr.o [1]
USARTD_IRQHandler            0x14d7   0x3c  Code  Gb  uart_isr.o [1]
__NVIC_ClearPendingIRQ        0x87f   0x1e  Code  Lc  pac5xxx_driver_socbridge.o [1]
__NVIC_ClearPendingIRQ        0xe0d   0x20  Code  Lc  uart_func.o [1]
__NVIC_ClearPendingIRQ       0x13c5   0x1e  Code  Lc  uart_isr.o [1]
__NVIC_EnableIRQ              0x99d   0x20  Code  Lc  can_func.o [1]
__NVIC_EnableIRQ               0xbd   0x1e  Code  Lc  init.o [1]
__NVIC_EnableIRQ              0x861   0x1e  Code  Lc  pac5xxx_driver_socbridge.o [1]
__NVIC_EnableIRQ              0xded   0x20  Code  Lc  uart_func.o [1]
__NVIC_SetPriority             0xdb   0x2c  Code  Lc  init.o [1]
__NVIC_SetPriority            0xe2d   0x30  Code  Lc  uart_func.o [1]
__cmain                      0x1775         Code  Gb  cmain.o [4]
__exit                       0x17a9   0x14  Code  Gb  exit.o [5]
__iar_close_ttio             0x16cd   0x2c  Code  Gb  iarttio.o [5]
__iar_copy_init3             0x11b7   0x2e  Code  Gb  copy_init3.o [4]
__iar_data_init3             0x1705   0x28  Code  Gb  data_init.o [4]
__iar_init_vfp               0x172d         Code  Gb  fpinit_M.o [3]
__iar_lookup_ttioh           0x16f9    0x4  Code  Gb  XShttio.o [2]
__iar_program_start          0x17bd         Code  Gb  cstartup_M.o [4]
__iar_ttio_handles      0x2000'0134    0x8  Data  Lc  XShttio.o [2]
__iar_zero_init3              0x617   0x3a  Code  Gb  zero_init3.o [4]
__low_level_init             0x1793    0x4  Code  Gb  low_level_init.o [2]
__vector_table                  0x0         Data  Gb  startup_pac55xx_iar.o [1]
__vector_table_0x1c            0x1c         Data  Gb  startup_pac55xx_iar.o [1]
_call_main                   0x1781         Code  Gb  cmain.o [4]
_exit                        0x179d         Code  Gb  cexit.o [4]
_main                        0x178b         Code  Gb  cmain.o [4]
avg_speed_array         0x2000'0170   0x18  Data  Gb  common.o [1]
avg_speed_index         0x2000'0194    0x4  Data  Gb  common.o [1]
buffer                  0x2000'0190    0x4  Data  Gb  can_func.o [1]
c_pwm_io_state               0x17e8    0xc  Data  Gb  common.o [1]
cafe_init                     0x4ed  0x12a  Code  Gb  init.o [1]
can_baud                      0xb6b  0x170  Code  Gb  can_func.o [1]
can_init                      0xcdb   0x5a  Code  Gb  can_func.o [1]
can_io_config                 0x9bd  0x1ae  Code  Gb  can_func.o [1]
can_transmit                  0xd35   0x78  Code  Gb  can_func.o [1]
commutate                    0x11e5  0x1e0  Code  Gb  hs_functions.o [1]
commutate::position     0x2000'01a0    0x1  Data  Lc  hs_functions.o [1]
configure_timer_b_compare_mode
                              0x385   0xa4  Code  Gb  init.o [1]
exit                         0x1797    0x4  Code  Gb  exit.o [2]
gate_drive_init               0x2a1   0xe4  Code  Gb  init.o [1]
hall_sensor_init              0x199  0x108  Code  Gb  init.o [1]
hs_to_commutation            0x17d8   0x10  Data  Gb  common.o [1]
main                         0x1615   0x88  Code  Gb  main.o [1]
pac5xxx_dtg_config2           0x6e1   0x26  Code  Gb  pac5xxx_driver_timer.o [1]
pac5xxx_socbridge_config
                              0x89d   0xa4  Code  Gb  pac5xxx_driver_socbridge.o [1]
pac5xxx_socbridge_config_io
                              0x941   0x3c  Code  Gb  pac5xxx_driver_socbridge.o [1]
pac5xxx_sys_pll_config_enable
                              0x651   0x3a  Code  Gb  pac5xxx_driver_system.o [1]
pac5xxx_tile_register_read
                              0x80f   0x28  Code  Gb  pac5xxx_driver_tile_socbridge.o [1]
pac5xxx_tile_register_write
                              0x7cd   0x42  Code  Gb  pac5xxx_driver_tile_socbridge.o [1]
pac5xxx_tile_socbridge_config
                              0x7b9   0x14  Code  Gb  pac5xxx_driver_tile_socbridge.o [1]
pac5xxx_timer_base_config
                              0x751   0x56  Code  Gb  pac5xxx_driver_timer.o [1]
pac5xxx_timer_clock_config
                              0x707   0x4a  Code  Gb  pac5xxx_driver_timer.o [1]
pac5xxx_uart_config_LCR2
                             0x116d   0x46  Code  Gb  pac5xxx_driver_uart.o [1]
pac5xxx_uart_config_divisor_latch2
                             0x11b3    0x4  Code  Gb  pac5xxx_driver_uart.o [1]
pac5xxx_uart_int_enable_RDAI2
                              0xe5d    0xa  Code  Lc  uart_func.o [1]
pac5xxx_uart_rx_fifo_threshold2
                              0xe67    0xe  Code  Lc  uart_func.o [1]
pac_delay_asm                 0x84b         Code  Gb  startup_pac55xx_iar.o [1]
pac_delay_asm_ramfunc   0x2000'0125         Code  Gb  startup_pac55xx_iar.o [1]
pac_recovery                  0x68b   0x44  Code  Gb  pac5xxx_driver_system.o [1]
psel_mask                    0x169c   0x30  Data  Gb  common.o [1]
rx_data                 0x2000'0188    0x8  Data  Gb  can_func.o [1]
rx_dataLen              0x2000'019e    0x1  Data  Gb  can_func.o [1]
rx_flag                 0x2000'019f    0x1  Data  Gb  can_func.o [1]
rx_id                   0x2000'019c    0x2  Data  Gb  can_func.o [1]
system_init                   0x107   0x92  Code  Gb  init.o [1]
uart_init                    0x1019   0xa6  Code  Gb  uart_func.o [1]
uart_interrupt_enable         0xfa7   0x72  Code  Gb  uart_func.o [1]
uart_io_config                0xf75   0x32  Code  Gb  uart_func.o [1]
uart_read_buf           0x2000'013c   0x34  Data  Gb  uart_isr.o [1]
uart_read_count         0x2000'0198    0x4  Data  Gb  uart_isr.o [1]
uart_write_one               0x10bf   0x56  Code  Gb  uart_func.o [1]


[1] = C:\Users\olima\OneDrive\REV\MotorController2021\rev-motor-controller-2021\pac55xx_REV\Debug\Obj
[2] = dl7M_tlf.a
[3] = m7M_tls.a
[4] = rt7M_tl.a
[5] = shb_l.a

  6'022 bytes of readonly  code memory
    306 bytes of readwrite code memory
    430 bytes of readonly  data memory
    623 bytes of readwrite data memory

Errors: none
Warnings: none
