###############################################################################
#
# IAR ELF Linker V8.50.9.278/W32 for ARM                  19/Feb/2022  11:06:18
# Copyright 2007-2020 IAR Systems AB.
#
#    Output file  =
#        C:\Users\olima\OneDrive\REV\MotorController2021\rev-motor-controller-2021\pac55xx_REV\Debug\Exe\c.out
#    Map file     =
#        C:\Users\olima\OneDrive\REV\MotorController2021\rev-motor-controller-2021\pac55xx_REV\Debug\List\c.map
#    Command line =
#        -f C:\Users\olima\AppData\Local\Temp\EWB756.tmp
#        (C:\Users\olima\OneDrive\REV\MotorController2021\rev-motor-controller-2021\pac55xx_REV\Debug\Obj\can_func.o
#        C:\Users\olima\OneDrive\REV\MotorController2021\rev-motor-controller-2021\pac55xx_REV\Debug\Obj\can_isr.o
#        C:\Users\olima\OneDrive\REV\MotorController2021\rev-motor-controller-2021\pac55xx_REV\Debug\Obj\common.o
#        C:\Users\olima\OneDrive\REV\MotorController2021\rev-motor-controller-2021\pac55xx_REV\Debug\Obj\gpio_func.o
#        C:\Users\olima\OneDrive\REV\MotorController2021\rev-motor-controller-2021\pac55xx_REV\Debug\Obj\gpio_isr.o
#        C:\Users\olima\OneDrive\REV\MotorController2021\rev-motor-controller-2021\pac55xx_REV\Debug\Obj\hs_functions.o
#        C:\Users\olima\OneDrive\REV\MotorController2021\rev-motor-controller-2021\pac55xx_REV\Debug\Obj\init.o
#        C:\Users\olima\OneDrive\REV\MotorController2021\rev-motor-controller-2021\pac55xx_REV\Debug\Obj\isr_Stubs.o
#        C:\Users\olima\OneDrive\REV\MotorController2021\rev-motor-controller-2021\pac55xx_REV\Debug\Obj\isr_TimerA.o
#        C:\Users\olima\OneDrive\REV\MotorController2021\rev-motor-controller-2021\pac55xx_REV\Debug\Obj\isr_TimerB.o
#        C:\Users\olima\OneDrive\REV\MotorController2021\rev-motor-controller-2021\pac55xx_REV\Debug\Obj\isr_TimerC.o
#        C:\Users\olima\OneDrive\REV\MotorController2021\rev-motor-controller-2021\pac55xx_REV\Debug\Obj\isr_TimerD.o
#        C:\Users\olima\OneDrive\REV\MotorController2021\rev-motor-controller-2021\pac55xx_REV\Debug\Obj\main.o
#        C:\Users\olima\OneDrive\REV\MotorController2021\rev-motor-controller-2021\pac55xx_REV\Debug\Obj\pac5xxx_driver_adc.o
#        C:\Users\olima\OneDrive\REV\MotorController2021\rev-motor-controller-2021\pac55xx_REV\Debug\Obj\pac5xxx_driver_can.o
#        C:\Users\olima\OneDrive\REV\MotorController2021\rev-motor-controller-2021\pac55xx_REV\Debug\Obj\pac5xxx_driver_gpio.o
#        C:\Users\olima\OneDrive\REV\MotorController2021\rev-motor-controller-2021\pac55xx_REV\Debug\Obj\pac5xxx_driver_socbridge.o
#        C:\Users\olima\OneDrive\REV\MotorController2021\rev-motor-controller-2021\pac55xx_REV\Debug\Obj\pac5xxx_driver_system.o
#        C:\Users\olima\OneDrive\REV\MotorController2021\rev-motor-controller-2021\pac55xx_REV\Debug\Obj\pac5xxx_driver_tile_socbridge.o
#        C:\Users\olima\OneDrive\REV\MotorController2021\rev-motor-controller-2021\pac55xx_REV\Debug\Obj\pac5xxx_driver_timer.o
#        C:\Users\olima\OneDrive\REV\MotorController2021\rev-motor-controller-2021\pac55xx_REV\Debug\Obj\pac5xxx_driver_uart.o
#        C:\Users\olima\OneDrive\REV\MotorController2021\rev-motor-controller-2021\pac55xx_REV\Debug\Obj\startup_pac55xx_iar.o
#        C:\Users\olima\OneDrive\REV\MotorController2021\rev-motor-controller-2021\pac55xx_REV\Debug\Obj\state_machine.o
#        C:\Users\olima\OneDrive\REV\MotorController2021\rev-motor-controller-2021\pac55xx_REV\Debug\Obj\uart_func.o
#        C:\Users\olima\OneDrive\REV\MotorController2021\rev-motor-controller-2021\pac55xx_REV\Debug\Obj\uart_isr.o
#        --no_out_extension -o
#        C:\Users\olima\OneDrive\REV\MotorController2021\rev-motor-controller-2021\pac55xx_REV\Debug\Exe\c.out
#        --redirect _Printf=_PrintfFull --redirect _Scanf=_ScanfFull --map
#        C:\Users\olima\OneDrive\REV\MotorController2021\rev-motor-controller-2021\pac55xx_REV\Debug\List\c.map
#        --config
#        C:\Users\olima\OneDrive\REV\MotorController2021\rev-motor-controller-2021\pac55xx_REV\pac55xx.icf
#        --semihosting --entry __iar_program_start --vfe --text_out locale)
#
###############################################################################

*******************************************************************************
*** RUNTIME MODEL ATTRIBUTES
***

CppFlavor       = *
__SystemLibrary = DLib
__dlib_version  = 6


*******************************************************************************
*** HEAP SELECTION
***

The basic heap was selected because some modules are built with
size limitations (and not runtime checking), and --advanced_heap
was not specified.


*******************************************************************************
*** PLACEMENT SUMMARY
***

"A0":  place at address 0x0 { ro section .intvec };
"P1":  place in [from 0x0 to 0x1'ffff] { ro };
define block CSTACK with size = 512, alignment = 8 { };
define block HEAP with size = 0, alignment = 8 { };
"P3":  place in [from 0x0 to 0x0] |
                [from 0x2000'0000 to 0x2000'7fff] {
          rw, block CSTACK, block HEAP };
initialize by copy { rw };

No sections matched the following patterns:

  ro section application_specific_ro  in "P2|P4"
  rw section application_specific_rw  in "P2|P4"


  Section            Kind         Address    Size  Object
  -------            ----         -------    ----  ------
"A0":                                        0xbc
  .intvec            ro code          0x0    0xbc  startup_pac55xx_iar.o [1]
                                   - 0xbc    0xbc

"P1":                                      0x1974
  .text              ro code         0xbc   0x50c  init.o [1]
  .text              ro code        0x5c8    0x90  pac5xxx_driver_system.o [1]
  .text              ro code        0x658    0xd8  pac5xxx_driver_timer.o [1]
  .text              ro code        0x730   0x138  common.o [1]
  .text              ro code        0x868    0x88  pac5xxx_driver_tile_socbridge.o [1]
  .text              ro code        0x8f0    0x20  startup_pac55xx_iar.o [1]
  .text              ro code        0x910   0x450  can_func.o [1]
  .text              ro code        0xd60    0x98  hs_functions.o [1]
  .text              ro code        0xdf8   0x13c  pac5xxx_driver_socbridge.o [1]
  .text              ro code        0xf34   0x17c  uart_isr.o [1]
  Veneer             ro code       0x10b0     0x8  - Linker created -
  .text              ro code       0x10b8   0x158  isr_TimerC.o [1]
  .text              ro code       0x1210    0xb4  isr_TimerB.o [1]
  .text              ro code       0x12c4    0xa8  isr_TimerA.o [1]
  .text              ro code       0x136c    0x9c  state_machine.o [1]
  .text              ro code       0x1408    0x4c  main.o [1]
  .text              ro code       0x1454    0x3a  zero_init3.o [4]
  .text              ro code       0x148e    0x36  isr_Stubs.o [1]
  .text              ro code       0x14c4    0x2e  copy_init3.o [4]
  .text              ro code       0x14f4    0x28  data_init.o [4]
  .text              ro code       0x151c    0x22  fpinit_M.o [3]
  .iar.init_table    const         0x1540    0x24  - Linker created -
  .text              ro code       0x1564    0x1e  cmain.o [4]
  .text              ro code       0x1582     0x4  low_level_init.o [2]
  .text              ro code       0x1586     0x4  exit.o [2]
  .text              ro code       0x158c     0xa  cexit.o [4]
  .text              ro code       0x1598    0x14  exit.o [5]
  .text              ro code       0x15ac    0x1c  cstartup_M.o [4]
  .rodata            const         0x15c8     0x0  zero_init3.o [4]
  .rodata            const         0x15c8     0x0  copy_init3.o [4]
  Initializer bytes  const         0x15c8   0x468  <for P3 s0>
                                 - 0x1a30  0x1974

"P3", part 1 of 3:                          0x468
  P3 s0                       0x2000'0000   0x468  <Init block>
    Veneer           inited   0x2000'0000     0x8  - Linker created -
    Veneer           inited   0x2000'0008     0x8  - Linker created -
    Veneer           inited   0x2000'0010     0x8  - Linker created -
    Veneer           inited   0x2000'0018     0x8  - Linker created -
    Veneer           inited   0x2000'0020     0x8  - Linker created -
    .textrw          inited   0x2000'0028   0x148  common.o [1]
    .textrw          inited   0x2000'0170   0x128  hs_functions.o [1]
    .textrw          inited   0x2000'0298    0xa8  isr_TimerD.o [1]
    .textrw          inited   0x2000'0340    0xa4  can_isr.o [1]
    .data            inited   0x2000'03e4    0x30  main.o [1]
    .textrw          inited   0x2000'0414    0x20  gpio_isr.o [1]
    .data            inited   0x2000'0434    0x10  main.o [1]
    .text            inited   0x2000'0444     0xe  startup_pac55xx_iar.o [1]
    .data            inited   0x2000'0454     0xc  main.o [1]
    .data            inited   0x2000'0460     0x8  can_func.o [1]
                            - 0x2000'0468   0x468

"P3", part 2 of 3:                           0xa8
  .bss               zero     0x2000'0468    0x34  uart_isr.o [1]
  .bss               zero     0x2000'049c    0x18  main.o [1]
  .bss               zero     0x2000'04b4     0x8  can_func.o [1]
  .bss               zero     0x2000'04bc     0x4  can_func.o [1]
  .bss               zero     0x2000'04c0     0x4  main.o [1]
  .bss               zero     0x2000'04c4     0x4  main.o [1]
  .bss               zero     0x2000'04c8     0x4  main.o [1]
  .bss               zero     0x2000'04cc     0x4  main.o [1]
  .bss               zero     0x2000'04d0     0x4  main.o [1]
  .bss               zero     0x2000'04d4     0x4  main.o [1]
  .bss               zero     0x2000'04d8     0x4  main.o [1]
  .bss               zero     0x2000'04dc     0x4  main.o [1]
  .bss               zero     0x2000'04e0     0x4  main.o [1]
  .bss               zero     0x2000'04e4     0x4  main.o [1]
  .bss               zero     0x2000'04e8     0x4  main.o [1]
  .bss               zero     0x2000'04ec     0x4  main.o [1]
  .bss               zero     0x2000'04f0     0x4  main.o [1]
  .bss               zero     0x2000'04f4     0x4  main.o [1]
  .bss               zero     0x2000'04f8     0x4  main.o [1]
  .bss               zero     0x2000'04fc     0x4  uart_isr.o [1]
  .bss               zero     0x2000'0500     0x2  can_func.o [1]
  .bss               zero     0x2000'0502     0x2  main.o [1]
  .bss               zero     0x2000'0504     0x2  main.o [1]
  .bss               zero     0x2000'0506     0x2  main.o [1]
  .bss               zero     0x2000'0508     0x1  can_func.o [1]
  .bss               zero     0x2000'0509     0x1  can_func.o [1]
  .bss               zero     0x2000'050a     0x1  hs_functions.o [1]
  .bss               zero     0x2000'050b     0x1  main.o [1]
  .bss               zero     0x2000'050c     0x1  main.o [1]
  .bss               zero     0x2000'050d     0x1  main.o [1]
                            - 0x2000'050e    0xa6

"P3", part 3 of 3:                          0x200
  CSTACK                      0x2000'0510   0x200  <Block>
    CSTACK           uninit   0x2000'0510   0x200  <Block tail>
                            - 0x2000'0710   0x200

Unused ranges:

         From           To      Size
         ----           --      ----
       0x1a30     0x1'ffff  0x1'e5d0
  0x2000'0710  0x2000'7fff    0x78f0


*******************************************************************************
*** INIT TABLE
***

          Address      Size
          -------      ----
Zero (__iar_zero_init3)
    1 destination range, total size 0xa6:
          0x2000'0468   0xa6

Copy (__iar_copy_init3)
    1 source range, total size 0x468:
               0x15c8  0x468
    1 destination range, total size 0x468:
          0x2000'0000  0x468



*******************************************************************************
*** MODULE SUMMARY
***

    Module                           ro code  rw code  ro data  rw data
    ------                           -------  -------  -------  -------
command line/config:
    -------------------------------------------------------------------
    Total:

C:\Users\olima\OneDrive\REV\MotorController2021\rev-motor-controller-2021\pac55xx_REV\Debug\Obj: [1]
    can_func.o                         1'104                 8       24
    can_isr.o                                     164      164
    common.o                             312      328      328
    gpio_isr.o                                     32       32
    hs_functions.o                       152      296      296        1
    init.o                             1'292
    isr_Stubs.o                           54
    isr_TimerA.o                         168
    isr_TimerB.o                         180
    isr_TimerC.o                         344
    isr_TimerD.o                                  168      168
    main.o                                76                78      169
    pac5xxx_driver_socbridge.o           316
    pac5xxx_driver_system.o              144
    pac5xxx_driver_tile_socbridge.o      136
    pac5xxx_driver_timer.o               216
    startup_pac55xx_iar.o                220       14       14
    state_machine.o                      156
    uart_isr.o                           380                         56
    -------------------------------------------------------------------
    Total:                             5'250    1'002    1'088      250

dl7M_tlf.a: [2]
    exit.o                                 4
    low_level_init.o                       4
    -------------------------------------------------------------------
    Total:                                 8

m7M_tls.a: [3]
    fpinit_M.o                            34
    -------------------------------------------------------------------
    Total:                                34

rt7M_tl.a: [4]
    cexit.o                               10
    cmain.o                               30
    copy_init3.o                          46
    cstartup_M.o                          28
    data_init.o                           40
    zero_init3.o                          58
    -------------------------------------------------------------------
    Total:                               212

shb_l.a: [5]
    exit.o                                20
    -------------------------------------------------------------------
    Total:                                20

    Gaps                                   6                 2        2
    Linker created                         8       40       76      512
-----------------------------------------------------------------------
    Grand Total:                       5'538    1'042    1'166      764


*******************************************************************************
*** ENTRY LIST
***

Entry                       Address   Size  Type      Object
-----                       -------   ----  ----      ------
.iar.init_table$$Base        0x1540          --   Gb  - Linker created -
.iar.init_table$$Limit       0x1564          --   Gb  - Linker created -
?main                        0x1565         Code  Gb  cmain.o [4]
ADC1_IRQHandler              0x1495    0x2  Code  Gb  isr_Stubs.o [1]
ADC2_IRQHandler              0x1497    0x2  Code  Gb  isr_Stubs.o [1]
ADC3_IRQHandler              0x1499    0x2  Code  Gb  isr_Stubs.o [1]
ADC_IRQHandler               0x149b    0x2  Code  Gb  isr_Stubs.o [1]
BusFault_Handler             0x14bd    0x2  Code  Gb  isr_Stubs.o [1]
CAN_IRQHandler          0x2000'0341   0xa4  Code  Gb  can_isr.o [1]
CCS_IRQHandler               0x14b5    0x2  Code  Gb  isr_Stubs.o [1]
CSTACK$$Base            0x2000'0510          --   Gb  - Linker created -
CSTACK$$Limit           0x2000'0710          --   Gb  - Linker created -
GPTimerA_IRQHandler          0x14b1    0x2  Code  Gb  isr_Stubs.o [1]
GPTimerB_IRQHandler          0x14b3    0x2  Code  Gb  isr_Stubs.o [1]
GpioA_IRQHandler              0x7df   0x60  Code  Gb  common.o [1]
GpioB_IRQHandler             0x14a5    0x2  Code  Gb  isr_Stubs.o [1]
GpioC_IRQHandler        0x2000'0415   0x20  Code  Gb  gpio_isr.o [1]
GpioD_IRQHandler             0x14a7    0x2  Code  Gb  isr_Stubs.o [1]
GpioE_IRQHandler             0x14a9    0x2  Code  Gb  isr_Stubs.o [1]
GpioF_IRQHandler             0x14ab    0x2  Code  Gb  isr_Stubs.o [1]
GpioG_IRQHandler             0x14ad    0x2  Code  Gb  isr_Stubs.o [1]
HardFault_Handler            0x14b9    0x2  Code  Gb  isr_Stubs.o [1]
I2C_IRQHandler               0x14af    0x2  Code  Gb  isr_Stubs.o [1]
MemCtl_IRQHandler            0x148f    0x2  Code  Gb  isr_Stubs.o [1]
MemManageFault_Handler       0x14bb    0x2  Code  Gb  isr_Stubs.o [1]
NMI_Handler                  0x14b7    0x2  Code  Gb  isr_Stubs.o [1]
PendSV_Handler               0x14c3    0x2  Code  Gb  isr_Stubs.o [1]
QEPA_IRQHandler              0x149d    0x2  Code  Gb  isr_Stubs.o [1]
QEPB_IRQHandler              0x149f    0x2  Code  Gb  isr_Stubs.o [1]
QEPC_IRQHandler              0x14a1    0x2  Code  Gb  isr_Stubs.o [1]
QEPD_IRQHandler              0x14a3    0x2  Code  Gb  isr_Stubs.o [1]
RTC_IRQHandler               0x1493    0x2  Code  Gb  isr_Stubs.o [1]
Region$$Table$$Base          0x1540          --   Gb  - Linker created -
Region$$Table$$Limit         0x1564          --   Gb  - Linker created -
SMS_State               0x2000'04f8    0x4  Data  Gb  main.o [1]
SVC_Handler                  0x14c1    0x2  Code  Gb  isr_Stubs.o [1]
Set_Dead_Time                 0x739   0x26  Code  Gb  common.o [1]
SysTick_Handler               0x731    0x8  Code  Gb  common.o [1]
TimerA_IRQHandler            0x12c5   0xa8  Code  Gb  isr_TimerA.o [1]
TimerB_IRQHandler            0x1211   0xb4  Code  Gb  isr_TimerB.o [1]
TimerC_IRQHandler            0x10b9  0x158  Code  Gb  isr_TimerC.o [1]
TimerD_IRQHandler       0x2000'0299   0xa8  Code  Gb  isr_TimerD.o [1]
USARTA_IRQHandler             0xf53   0x3c  Code  Gb  uart_isr.o [1]
USARTB_IRQHandler             0xf8f   0x54  Code  Gb  uart_isr.o [1]
USARTC_IRQHandler             0xfe3   0x64  Code  Gb  uart_isr.o [1]
USARTD_IRQHandler            0x1047   0x3c  Code  Gb  uart_isr.o [1]
UsageFault_Handler           0x14bf    0x2  Code  Gb  isr_Stubs.o [1]
Wdt_IRQHandler               0x1491    0x2  Code  Gb  isr_Stubs.o [1]
__NVIC_ClearPendingIRQ        0xe17   0x1e  Code  Lc  pac5xxx_driver_socbridge.o [1]
__NVIC_ClearPendingIRQ        0xf35   0x1e  Code  Lc  uart_isr.o [1]
__NVIC_DisableIRQ             0xd61   0x26  Code  Lc  hs_functions.o [1]
__NVIC_EnableIRQ              0x911   0x20  Code  Lc  can_func.o [1]
__NVIC_EnableIRQ               0xbd   0x20  Code  Lc  init.o [1]
__NVIC_EnableIRQ              0xdf9   0x1e  Code  Lc  pac5xxx_driver_socbridge.o [1]
__NVIC_SetPriority             0xdd   0x30  Code  Lc  init.o [1]
__cmain                      0x1565         Code  Gb  cmain.o [4]
__exit                       0x1599   0x14  Code  Gb  exit.o [5]
__iar_copy_init3             0x14c5   0x2e  Code  Gb  copy_init3.o [4]
__iar_data_init3             0x14f5   0x28  Code  Gb  data_init.o [4]
__iar_init_vfp               0x151d         Code  Gb  fpinit_M.o [3]
__iar_program_start          0x15ad         Code  Gb  cstartup_M.o [4]
__iar_zero_init3             0x1455   0x3a  Code  Gb  zero_init3.o [4]
__low_level_init             0x1583    0x4  Code  Gb  low_level_init.o [2]
__vector_table                  0x0         Data  Gb  startup_pac55xx_iar.o [1]
__vector_table_0x1c            0x1c         Data  Gb  startup_pac55xx_iar.o [1]
_call_main                   0x1571         Code  Gb  cmain.o [4]
_exit                        0x158d         Code  Gb  cexit.o [4]
_main                        0x157b         Code  Gb  cmain.o [4]
accel_factor            0x2000'04d8    0x4  Data  Gb  main.o [1]
avg_speed               0x2000'04c4    0x4  Data  Gb  main.o [1]
avg_speed_array         0x2000'049c   0x18  Data  Gb  main.o [1]
avg_speed_index         0x2000'0502    0x2  Data  Gb  main.o [1]
buffer                  0x2000'04bc    0x4  Data  Gb  can_func.o [1]
c_pwm_io_state          0x2000'0454    0xc  Data  Gb  main.o [1]
cafe_init                     0x3e7  0x112  Code  Gb  init.o [1]
can_baud                      0xadf  0x170  Code  Gb  can_func.o [1]
can_init                      0xc4f   0x5a  Code  Gb  can_func.o [1]
can_io_config                 0x931  0x1ae  Code  Gb  can_func.o [1]
can_transmit                  0xca9   0x78  Code  Gb  can_func.o [1]
commutate               0x2000'0171  0x128  Code  Gb  hs_functions.o [1]
commutate::prev_val     0x2000'050a    0x1  Data  Lc  hs_functions.o [1]
dt_leading_ticks        0x2000'04dc    0x4  Data  Gb  main.o [1]
dt_trailing_ticks       0x2000'04e0    0x4  Data  Gb  main.o [1]
exit                         0x1587    0x4  Code  Gb  exit.o [2]
gate_drive_init               0x2c9   0xcc  Code  Gb  init.o [1]
hall_sensor_init              0x1b5  0x114  Code  Gb  init.o [1]
hall_sensor_value       0x2000'050c    0x1  Data  Gb  main.o [1]
hp_over_current_limit   0x2000'04ec    0x4  Data  Gb  main.o [1]
hs_to_commutation       0x2000'0434   0x10  Data  Gb  main.o [1]
lp_over_current_limit   0x2000'04f0    0x4  Data  Gb  main.o [1]
main                         0x1409   0x4c  Code  Gb  main.o [1]
millisecond             0x2000'04e8    0x4  Data  Gb  main.o [1]
module_enable_bits      0x2000'04f4    0x4  Data  Gb  main.o [1]
motor_dir               0x2000'050b    0x1  Data  Gb  main.o [1]
motor_pwm_disable             0xd87   0x44  Code  Gb  hs_functions.o [1]
motor_pwm_enable              0xdcb   0x12  Code  Gb  hs_functions.o [1]
motor_ready             0x2000'0506    0x2  Data  Gb  main.o [1]
motorspeed              0x2000'04c0    0x4  Data  Gb  main.o [1]
next_commutation_state  0x2000'050d    0x1  Data  Gb  main.o [1]
num_periods             0x2000'04c8    0x4  Data  Gb  main.o [1]
oc_reset                      0x75f   0x80  Code  Gb  common.o [1]
pac5xxx_dtg_config2           0x659   0x26  Code  Gb  pac5xxx_driver_timer.o [1]
pac5xxx_socbridge_config
                              0xe35   0xa4  Code  Gb  pac5xxx_driver_socbridge.o [1]
pac5xxx_socbridge_config_io
                              0xed9   0x3c  Code  Gb  pac5xxx_driver_socbridge.o [1]
pac5xxx_sys_pll_config_enable
                              0x5c9   0x3a  Code  Gb  pac5xxx_driver_system.o [1]
pac5xxx_tile_register_read
                              0x8bf   0x28  Code  Gb  pac5xxx_driver_tile_socbridge.o [1]
pac5xxx_tile_register_write
                              0x87d   0x42  Code  Gb  pac5xxx_driver_tile_socbridge.o [1]
pac5xxx_tile_socbridge_config
                              0x869   0x14  Code  Gb  pac5xxx_driver_tile_socbridge.o [1]
pac5xxx_timer_base_config
                              0x6c9   0x56  Code  Gb  pac5xxx_driver_timer.o [1]
pac5xxx_timer_clock_config
                              0x67f   0x4a  Code  Gb  pac5xxx_driver_timer.o [1]
pac_delay_asm                 0x8fb         Code  Gb  startup_pac55xx_iar.o [1]
pac_delay_asm_ramfunc   0x2000'0445         Code  Gb  startup_pac55xx_iar.o [1]
pac_recovery                  0x603   0x44  Code  Gb  pac5xxx_driver_system.o [1]
pclk                    0x2000'04e4    0x4  Data  Gb  main.o [1]
period                  0x2000'0504    0x2  Data  Gb  main.o [1]
phase_pwm_period        0x2000'04cc    0x4  Data  Gb  main.o [1]
psel_mask               0x2000'03e4   0x30  Data  Gb  main.o [1]
pwm_period_div256       0x2000'04d4    0x4  Data  Gb  main.o [1]
pwm_period_ticks        0x2000'04d0    0x4  Data  Gb  main.o [1]
rpm_measure_init              0x395   0x52  Code  Gb  init.o [1]
rx_data                 0x2000'04b4    0x8  Data  Gb  can_func.o [1]
rx_dataLen              0x2000'0508    0x1  Data  Gb  can_func.o [1]
rx_flag                 0x2000'0509    0x1  Data  Gb  can_func.o [1]
rx_id                   0x2000'0500    0x2  Data  Gb  can_func.o [1]
state_machine                0x136d   0x9c  Code  Gb  state_machine.o [1]
system_init                   0x10d   0xa8  Code  Gb  init.o [1]
tx_data                 0x2000'0460    0x8  Data  Gb  can_func.o [1]
uart_read_buf           0x2000'0468   0x34  Data  Gb  uart_isr.o [1]
uart_read_count         0x2000'04fc    0x4  Data  Gb  uart_isr.o [1]
update_motor_params     0x2000'0029  0x148  Code  Gb  common.o [1]


[1] = C:\Users\olima\OneDrive\REV\MotorController2021\rev-motor-controller-2021\pac55xx_REV\Debug\Obj
[2] = dl7M_tlf.a
[3] = m7M_tls.a
[4] = rt7M_tl.a
[5] = shb_l.a

  5'538 bytes of readonly  code memory
  1'042 bytes of readwrite code memory
  1'166 bytes of readonly  data memory
    764 bytes of readwrite data memory

Errors: none
Warnings: none
