###############################################################################
#
# IAR ELF Linker V8.50.9.278/W32 for ARM                  08/Apr/2022  02:25:16
# Copyright 2007-2020 IAR Systems AB.
#
#    Output file  =
#        C:\Users\olima\OneDrive\REV\MotorController2021\rev-motor-controller-2021\pac55xx_REV\Debug\Exe\c.out
#    Map file     =
#        C:\Users\olima\OneDrive\REV\MotorController2021\rev-motor-controller-2021\pac55xx_REV\Debug\List\c.map
#    Command line =
#        -f C:\Users\olima\AppData\Local\Temp\EWA132.tmp
#        (C:\Users\olima\OneDrive\REV\MotorController2021\rev-motor-controller-2021\pac55xx_REV\Debug\Obj\can_func.o
#        C:\Users\olima\OneDrive\REV\MotorController2021\rev-motor-controller-2021\pac55xx_REV\Debug\Obj\can_isr.o
#        C:\Users\olima\OneDrive\REV\MotorController2021\rev-motor-controller-2021\pac55xx_REV\Debug\Obj\common.o
#        C:\Users\olima\OneDrive\REV\MotorController2021\rev-motor-controller-2021\pac55xx_REV\Debug\Obj\gpio_func.o
#        C:\Users\olima\OneDrive\REV\MotorController2021\rev-motor-controller-2021\pac55xx_REV\Debug\Obj\gpio_isr.o
#        C:\Users\olima\OneDrive\REV\MotorController2021\rev-motor-controller-2021\pac55xx_REV\Debug\Obj\hs_functions.o
#        C:\Users\olima\OneDrive\REV\MotorController2021\rev-motor-controller-2021\pac55xx_REV\Debug\Obj\init.o
#        C:\Users\olima\OneDrive\REV\MotorController2021\rev-motor-controller-2021\pac55xx_REV\Debug\Obj\isr_adc.o
#        C:\Users\olima\OneDrive\REV\MotorController2021\rev-motor-controller-2021\pac55xx_REV\Debug\Obj\isr_Stubs.o
#        C:\Users\olima\OneDrive\REV\MotorController2021\rev-motor-controller-2021\pac55xx_REV\Debug\Obj\isr_TimerA.o
#        C:\Users\olima\OneDrive\REV\MotorController2021\rev-motor-controller-2021\pac55xx_REV\Debug\Obj\isr_TimerB.o
#        C:\Users\olima\OneDrive\REV\MotorController2021\rev-motor-controller-2021\pac55xx_REV\Debug\Obj\isr_TimerC.o
#        C:\Users\olima\OneDrive\REV\MotorController2021\rev-motor-controller-2021\pac55xx_REV\Debug\Obj\isr_TimerD.o
#        C:\Users\olima\OneDrive\REV\MotorController2021\rev-motor-controller-2021\pac55xx_REV\Debug\Obj\main.o
#        C:\Users\olima\OneDrive\REV\MotorController2021\rev-motor-controller-2021\pac55xx_REV\Debug\Obj\pac5xxx_driver_adc.o
#        C:\Users\olima\OneDrive\REV\MotorController2021\rev-motor-controller-2021\pac55xx_REV\Debug\Obj\pac5xxx_driver_can.o
#        C:\Users\olima\OneDrive\REV\MotorController2021\rev-motor-controller-2021\pac55xx_REV\Debug\Obj\pac5xxx_driver_gpio.o
#        C:\Users\olima\OneDrive\REV\MotorController2021\rev-motor-controller-2021\pac55xx_REV\Debug\Obj\pac5xxx_driver_socbridge.o
#        C:\Users\olima\OneDrive\REV\MotorController2021\rev-motor-controller-2021\pac55xx_REV\Debug\Obj\pac5xxx_driver_system.o
#        C:\Users\olima\OneDrive\REV\MotorController2021\rev-motor-controller-2021\pac55xx_REV\Debug\Obj\pac5xxx_driver_tile_socbridge.o
#        C:\Users\olima\OneDrive\REV\MotorController2021\rev-motor-controller-2021\pac55xx_REV\Debug\Obj\pac5xxx_driver_timer.o
#        C:\Users\olima\OneDrive\REV\MotorController2021\rev-motor-controller-2021\pac55xx_REV\Debug\Obj\pac5xxx_driver_uart.o
#        C:\Users\olima\OneDrive\REV\MotorController2021\rev-motor-controller-2021\pac55xx_REV\Debug\Obj\startup_pac55xx_iar.o
#        C:\Users\olima\OneDrive\REV\MotorController2021\rev-motor-controller-2021\pac55xx_REV\Debug\Obj\state_machine.o
#        C:\Users\olima\OneDrive\REV\MotorController2021\rev-motor-controller-2021\pac55xx_REV\Debug\Obj\uart_func.o
#        C:\Users\olima\OneDrive\REV\MotorController2021\rev-motor-controller-2021\pac55xx_REV\Debug\Obj\uart_isr.o
#        --no_out_extension -o
#        C:\Users\olima\OneDrive\REV\MotorController2021\rev-motor-controller-2021\pac55xx_REV\Debug\Exe\c.out
#        --redirect _Printf=_PrintfFull --redirect _Scanf=_ScanfFull --map
#        C:\Users\olima\OneDrive\REV\MotorController2021\rev-motor-controller-2021\pac55xx_REV\Debug\List\c.map
#        --config
#        C:\Users\olima\OneDrive\REV\MotorController2021\rev-motor-controller-2021\pac55xx_REV\pac55xx.icf
#        --semihosting --entry __iar_program_start --vfe --text_out locale)
#
###############################################################################

*******************************************************************************
*** RUNTIME MODEL ATTRIBUTES
***

CppFlavor       = *
__SystemLibrary = DLib
__dlib_version  = 6


*******************************************************************************
*** HEAP SELECTION
***

The basic heap was selected because some modules are built with
size limitations (and not runtime checking), and --advanced_heap
was not specified.


*******************************************************************************
*** PLACEMENT SUMMARY
***

"A0":  place at address 0x0 { ro section .intvec };
"P1":  place in [from 0x0 to 0x1'ffff] { ro };
define block CSTACK with size = 512, alignment = 8 { };
define block HEAP with size = 0, alignment = 8 { };
"P3":  place in [from 0x0 to 0x0] |
                [from 0x2000'0000 to 0x2000'7fff] {
          rw, block CSTACK, block HEAP };
initialize by copy { rw };

No sections matched the following patterns:

  ro section application_specific_ro  in "P2|P4"
  rw section application_specific_rw  in "P2|P4"


  Section            Kind         Address    Size  Object
  -------            ----         -------    ----  ------
"A0":                                        0xbc
  .intvec            ro code          0x0    0xbc  startup_pac55xx_iar.o [1]
                                   - 0xbc    0xbc

"P1":                                      0x1d0c
  .text              ro code         0xbc   0x630  init.o [1]
  .text              ro code        0x6ec    0x90  pac5xxx_driver_system.o [1]
  .text              ro code        0x77c    0xd8  pac5xxx_driver_timer.o [1]
  .text              ro code        0x854   0x15c  common.o [1]
  .text              ro code        0x9b0    0x88  pac5xxx_driver_tile_socbridge.o [1]
  .text              ro code        0xa38    0x20  startup_pac55xx_iar.o [1]
  .text              ro code        0xa58   0x450  can_func.o [1]
  .text              ro code        0xea8    0xcc  hs_functions.o [1]
  .text              ro code        0xf74   0x13c  pac5xxx_driver_socbridge.o [1]
  .text              ro code       0x10b0   0x17c  uart_isr.o [1]
  Veneer             ro code       0x122c     0x8  - Linker created -
  .text              ro code       0x1234    0xf8  state_machine.o [1]
  .text              ro code       0x132c    0xec  isr_TimerC.o [1]
  .text              ro code       0x1418    0xc8  isr_TimerB.o [1]
  .text              ro code       0x14e0    0xa8  isr_TimerA.o [1]
  .text              ro code       0x1588    0x98  main.o [1]
  .text              ro code       0x1620    0x3a  zero_init3.o [4]
  .text              ro code       0x165a    0x34  isr_Stubs.o [1]
  .text              ro code       0x168e    0x2e  copy_init3.o [4]
  .text              ro code       0x16bc    0x28  data_init.o [4]
  .text              ro code       0x16e4    0x22  fpinit_M.o [3]
  .iar.init_table    const         0x1708    0x24  - Linker created -
  .text              ro code       0x172c    0x1e  cmain.o [4]
  .text              ro code       0x174a     0x4  low_level_init.o [2]
  .text              ro code       0x174e     0x4  exit.o [2]
  .text              ro code       0x1754     0xa  cexit.o [4]
  .text              ro code       0x1760    0x14  exit.o [5]
  .text              ro code       0x1774    0x1c  cstartup_M.o [4]
  .rodata            const         0x1790     0x0  zero_init3.o [4]
  .rodata            const         0x1790     0x0  copy_init3.o [4]
  Initializer bytes  const         0x1790   0x638  <for P3 s0>
                                 - 0x1dc8  0x1d0c

"P3", part 1 of 3:                          0x638
  P3 s0                       0x2000'0000   0x638  <Init block>
    Veneer           inited   0x2000'0000     0x8  - Linker created -
    Veneer           inited   0x2000'0008     0x8  - Linker created -
    Veneer           inited   0x2000'0010     0x8  - Linker created -
    Veneer           inited   0x2000'0018     0x8  - Linker created -
    Veneer           inited   0x2000'0020     0x8  - Linker created -
    .textrw          inited   0x2000'0028   0x208  common.o [1]
    .textrw          inited   0x2000'0230   0x120  hs_functions.o [1]
    .textrw          inited   0x2000'0350   0x118  isr_adc.o [1]
    .textrw          inited   0x2000'0468    0xa8  isr_TimerD.o [1]
    .textrw          inited   0x2000'0510    0xa4  can_isr.o [1]
    .data            inited   0x2000'05b4    0x30  main.o [1]
    .textrw          inited   0x2000'05e4    0x20  gpio_isr.o [1]
    .data            inited   0x2000'0604    0x10  main.o [1]
    .text            inited   0x2000'0614     0xe  startup_pac55xx_iar.o [1]
    .data            inited   0x2000'0624     0xc  main.o [1]
    .data            inited   0x2000'0630     0x8  can_func.o [1]
                            - 0x2000'0638   0x638

"P3", part 2 of 3:                           0xc0
  .bss               zero     0x2000'0638    0x34  uart_isr.o [1]
  .bss               zero     0x2000'066c    0x18  main.o [1]
  .bss               zero     0x2000'0684     0x8  can_func.o [1]
  .bss               zero     0x2000'068c     0x4  can_func.o [1]
  .bss               zero     0x2000'0690     0x4  main.o [1]
  .bss               zero     0x2000'0694     0x4  main.o [1]
  .bss               zero     0x2000'0698     0x4  main.o [1]
  .bss               zero     0x2000'069c     0x4  main.o [1]
  .bss               zero     0x2000'06a0     0x4  main.o [1]
  .bss               zero     0x2000'06a4     0x4  main.o [1]
  .bss               zero     0x2000'06a8     0x4  main.o [1]
  .bss               zero     0x2000'06ac     0x4  main.o [1]
  .bss               zero     0x2000'06b0     0x4  main.o [1]
  .bss               zero     0x2000'06b4     0x4  main.o [1]
  .bss               zero     0x2000'06b8     0x4  main.o [1]
  .bss               zero     0x2000'06bc     0x4  main.o [1]
  .bss               zero     0x2000'06c0     0x4  main.o [1]
  .bss               zero     0x2000'06c4     0x4  main.o [1]
  .bss               zero     0x2000'06c8     0x4  main.o [1]
  .bss               zero     0x2000'06cc     0x4  main.o [1]
  .bss               zero     0x2000'06d0     0x4  main.o [1]
  .bss               zero     0x2000'06d4     0x4  main.o [1]
  .bss               zero     0x2000'06d8     0x4  main.o [1]
  .bss               zero     0x2000'06dc     0x4  main.o [1]
  .bss               zero     0x2000'06e0     0x4  main.o [1]
  .bss               zero     0x2000'06e4     0x4  uart_isr.o [1]
  .bss               zero     0x2000'06e8     0x2  can_func.o [1]
  .bss               zero     0x2000'06ea     0x2  main.o [1]
  .bss               zero     0x2000'06ec     0x2  main.o [1]
  .bss               zero     0x2000'06ee     0x1  can_func.o [1]
  .bss               zero     0x2000'06ef     0x1  can_func.o [1]
  .bss               zero     0x2000'06f0     0x1  hs_functions.o [1]
  .bss               zero     0x2000'06f1     0x1  main.o [1]
  .bss               zero     0x2000'06f2     0x1  main.o [1]
  .bss               zero     0x2000'06f3     0x1  main.o [1]
  .bss               zero     0x2000'06f4     0x1  main.o [1]
                            - 0x2000'06f5    0xbd

"P3", part 3 of 3:                          0x200
  CSTACK                      0x2000'06f8   0x200  <Block>
    CSTACK           uninit   0x2000'06f8   0x200  <Block tail>
                            - 0x2000'08f8   0x200

Unused ranges:

         From           To      Size
         ----           --      ----
       0x1dc8     0x1'ffff  0x1'e238
  0x2000'08f8  0x2000'7fff    0x7708


*******************************************************************************
*** INIT TABLE
***

          Address      Size
          -------      ----
Zero (__iar_zero_init3)
    1 destination range, total size 0xbd:
          0x2000'0638   0xbd

Copy (__iar_copy_init3)
    1 source range, total size 0x638:
               0x1790  0x638
    1 destination range, total size 0x638:
          0x2000'0000  0x638



*******************************************************************************
*** MODULE SUMMARY
***

    Module                           ro code  rw code  ro data  rw data
    ------                           -------  -------  -------  -------
command line/config:
    -------------------------------------------------------------------
    Total:

C:\Users\olima\OneDrive\REV\MotorController2021\rev-motor-controller-2021\pac55xx_REV\Debug\Obj: [1]
    can_func.o                         1'104                 8       24
    can_isr.o                                     164      164
    common.o                             348      520      520
    gpio_isr.o                                     32       32
    hs_functions.o                       204      288      288        1
    init.o                             1'584
    isr_Stubs.o                           52
    isr_TimerA.o                         168
    isr_TimerB.o                         200
    isr_TimerC.o                         236
    isr_TimerD.o                                  168      168
    isr_adc.o                                     280      280
    main.o                               152                78      192
    pac5xxx_driver_socbridge.o           316
    pac5xxx_driver_system.o              144
    pac5xxx_driver_tile_socbridge.o      136
    pac5xxx_driver_timer.o               216
    startup_pac55xx_iar.o                220       14       14
    state_machine.o                      248
    uart_isr.o                           380                         56
    -------------------------------------------------------------------
    Total:                             5'708    1'466    1'552      273

dl7M_tlf.a: [2]
    exit.o                                 4
    low_level_init.o                       4
    -------------------------------------------------------------------
    Total:                                 8

m7M_tls.a: [3]
    fpinit_M.o                            34
    -------------------------------------------------------------------
    Total:                                34

rt7M_tl.a: [4]
    cexit.o                               10
    cmain.o                               30
    copy_init3.o                          46
    cstartup_M.o                          28
    data_init.o                           40
    zero_init3.o                          58
    -------------------------------------------------------------------
    Total:                               212

shb_l.a: [5]
    exit.o                                20
    -------------------------------------------------------------------
    Total:                                20

    Gaps                                   4                 2        2
    Linker created                         8       40       76      512
-----------------------------------------------------------------------
    Grand Total:                       5'994    1'506    1'630      787


*******************************************************************************
*** ENTRY LIST
***

Entry                       Address   Size  Type      Object
-----                       -------   ----  ----      ------
.iar.init_table$$Base        0x1708          --   Gb  - Linker created -
.iar.init_table$$Limit       0x172c          --   Gb  - Linker created -
?main                        0x172d         Code  Gb  cmain.o [4]
ADC1_IRQHandler              0x1661    0x2  Code  Gb  isr_Stubs.o [1]
ADC2_IRQHandler              0x1663    0x2  Code  Gb  isr_Stubs.o [1]
ADC3_IRQHandler              0x1665    0x2  Code  Gb  isr_Stubs.o [1]
ADCSM_State             0x2000'06a0    0x4  Data  Gb  main.o [1]
ADC_Counter             0x2000'06a4    0x4  Data  Gb  main.o [1]
ADC_IRQHandler          0x2000'0351  0x118  Code  Gb  isr_adc.o [1]
BusFault_Handler             0x1687    0x2  Code  Gb  isr_Stubs.o [1]
CAN_IRQHandler          0x2000'0511   0xa4  Code  Gb  can_isr.o [1]
CCS_IRQHandler               0x167f    0x2  Code  Gb  isr_Stubs.o [1]
CSTACK$$Base            0x2000'06f8          --   Gb  - Linker created -
CSTACK$$Limit           0x2000'08f8          --   Gb  - Linker created -
GPTimerA_IRQHandler          0x167b    0x2  Code  Gb  isr_Stubs.o [1]
GPTimerB_IRQHandler          0x167d    0x2  Code  Gb  isr_Stubs.o [1]
GpioA_IRQHandler              0x923   0x58  Code  Gb  common.o [1]
GpioB_IRQHandler             0x166f    0x2  Code  Gb  isr_Stubs.o [1]
GpioC_IRQHandler        0x2000'05e5   0x20  Code  Gb  gpio_isr.o [1]
GpioD_IRQHandler             0x1671    0x2  Code  Gb  isr_Stubs.o [1]
GpioE_IRQHandler             0x1673    0x2  Code  Gb  isr_Stubs.o [1]
GpioF_IRQHandler             0x1675    0x2  Code  Gb  isr_Stubs.o [1]
GpioG_IRQHandler             0x1677    0x2  Code  Gb  isr_Stubs.o [1]
HardFault_Handler            0x1683    0x2  Code  Gb  isr_Stubs.o [1]
I2C_IRQHandler               0x1679    0x2  Code  Gb  isr_Stubs.o [1]
MemCtl_IRQHandler            0x165b    0x2  Code  Gb  isr_Stubs.o [1]
MemManageFault_Handler       0x1685    0x2  Code  Gb  isr_Stubs.o [1]
NMI_Handler                  0x1681    0x2  Code  Gb  isr_Stubs.o [1]
PendSV_Handler               0x168d    0x2  Code  Gb  isr_Stubs.o [1]
QEPA_IRQHandler              0x1667    0x2  Code  Gb  isr_Stubs.o [1]
QEPB_IRQHandler              0x1669    0x2  Code  Gb  isr_Stubs.o [1]
QEPC_IRQHandler              0x166b    0x2  Code  Gb  isr_Stubs.o [1]
QEPD_IRQHandler              0x166d    0x2  Code  Gb  isr_Stubs.o [1]
RTC_IRQHandler               0x165f    0x2  Code  Gb  isr_Stubs.o [1]
Region$$Table$$Base          0x1708          --   Gb  - Linker created -
Region$$Table$$Limit         0x172c          --   Gb  - Linker created -
SMS_State               0x2000'06e0    0x4  Data  Gb  main.o [1]
SVC_Handler                  0x168b    0x2  Code  Gb  isr_Stubs.o [1]
Set_Dead_Time                 0x87d   0x26  Code  Gb  common.o [1]
SysTick_Handler               0x855    0x8  Code  Gb  common.o [1]
TimerA_IRQHandler            0x14e1   0xa8  Code  Gb  isr_TimerA.o [1]
TimerB_IRQHandler            0x1419   0xc8  Code  Gb  isr_TimerB.o [1]
TimerC_IRQHandler            0x132d   0xec  Code  Gb  isr_TimerC.o [1]
TimerD_IRQHandler       0x2000'0469   0xa8  Code  Gb  isr_TimerD.o [1]
USARTA_IRQHandler            0x10cf   0x3c  Code  Gb  uart_isr.o [1]
USARTB_IRQHandler            0x110b   0x54  Code  Gb  uart_isr.o [1]
USARTC_IRQHandler            0x115f   0x64  Code  Gb  uart_isr.o [1]
USARTD_IRQHandler            0x11c3   0x3c  Code  Gb  uart_isr.o [1]
UsageFault_Handler           0x1689    0x2  Code  Gb  isr_Stubs.o [1]
Wdt_IRQHandler               0x165d    0x2  Code  Gb  isr_Stubs.o [1]
__NVIC_ClearPendingIRQ        0xf93   0x1e  Code  Lc  pac5xxx_driver_socbridge.o [1]
__NVIC_ClearPendingIRQ       0x10b1   0x1e  Code  Lc  uart_isr.o [1]
__NVIC_DisableIRQ             0xec7   0x26  Code  Lc  hs_functions.o [1]
__NVIC_EnableIRQ              0xa59   0x20  Code  Lc  can_func.o [1]
__NVIC_EnableIRQ              0xea9   0x1e  Code  Lc  hs_functions.o [1]
__NVIC_EnableIRQ               0xbd   0x20  Code  Lc  init.o [1]
__NVIC_EnableIRQ              0xf75   0x1e  Code  Lc  pac5xxx_driver_socbridge.o [1]
__NVIC_SetPriority             0xdd   0x30  Code  Lc  init.o [1]
__cmain                      0x172d         Code  Gb  cmain.o [4]
__exit                       0x1761   0x14  Code  Gb  exit.o [5]
__iar_copy_init3             0x168f   0x2e  Code  Gb  copy_init3.o [4]
__iar_data_init3             0x16bd   0x28  Code  Gb  data_init.o [4]
__iar_init_vfp               0x16e5         Code  Gb  fpinit_M.o [3]
__iar_program_start          0x1775         Code  Gb  cstartup_M.o [4]
__iar_zero_init3             0x1621   0x3a  Code  Gb  zero_init3.o [4]
__low_level_init             0x174b    0x4  Code  Gb  low_level_init.o [2]
__vector_table                  0x0         Data  Gb  startup_pac55xx_iar.o [1]
__vector_table_0x1c            0x1c         Data  Gb  startup_pac55xx_iar.o [1]
_call_main                   0x1739         Code  Gb  cmain.o [4]
_exit                        0x1755         Code  Gb  cexit.o [4]
_main                        0x1743         Code  Gb  cmain.o [4]
accel                         0x85d   0x20  Code  Gb  common.o [1]
accel_factor            0x2000'0690    0x4  Data  Gb  main.o [1]
avg_speed               0x2000'0698    0x4  Data  Gb  main.o [1]
avg_speed_array         0x2000'066c   0x18  Data  Gb  main.o [1]
avg_speed_index         0x2000'06ea    0x2  Data  Gb  main.o [1]
buffer                  0x2000'068c    0x4  Data  Gb  can_func.o [1]
c_pwm_io_state          0x2000'0624    0xc  Data  Gb  main.o [1]
cafe_init                     0x4e7  0x112  Code  Gb  init.o [1]
can_baud                      0xc27  0x170  Code  Gb  can_func.o [1]
can_init                      0xd97   0x5a  Code  Gb  can_func.o [1]
can_io_config                 0xa79  0x1ae  Code  Gb  can_func.o [1]
can_transmit                  0xdf1   0x78  Code  Gb  can_func.o [1]
commutate               0x2000'0231  0x120  Code  Gb  hs_functions.o [1]
commutate::prev_val     0x2000'06f0    0x1  Data  Lc  hs_functions.o [1]
dt_leading_ticks        0x2000'06c4    0x4  Data  Gb  main.o [1]
dt_trailing_ticks       0x2000'06c8    0x4  Data  Gb  main.o [1]
exit                         0x174f    0x4  Code  Gb  exit.o [2]
fan_pwm_init                  0x3c5   0xd0  Code  Gb  init.o [1]
gate_drive_init               0x2d5   0xf0  Code  Gb  init.o [1]
hall_sensor_init              0x1b5  0x120  Code  Gb  init.o [1]
hall_sensor_value       0x2000'06f3    0x1  Data  Gb  main.o [1]
hp_over_current_limit   0x2000'06d4    0x4  Data  Gb  main.o [1]
hs_to_commutation       0x2000'0604   0x10  Data  Gb  main.o [1]
lp_over_current_limit   0x2000'06d8    0x4  Data  Gb  main.o [1]
main                         0x1589   0x98  Code  Gb  main.o [1]
millisecond             0x2000'06d0    0x4  Data  Gb  main.o [1]
module_enable_bits      0x2000'06dc    0x4  Data  Gb  main.o [1]
motor_dir               0x2000'06f1    0x1  Data  Gb  main.o [1]
motor_pwm_disable             0xeed   0x44  Code  Gb  hs_functions.o [1]
motor_pwm_enable              0xf31   0x24  Code  Gb  hs_functions.o [1]
motorspeed              0x2000'0694    0x4  Data  Gb  main.o [1]
next_commutation_state  0x2000'06f4    0x1  Data  Gb  main.o [1]
num_periods             0x2000'069c    0x4  Data  Gb  main.o [1]
oc_reset                      0x8a3   0x80  Code  Gb  common.o [1]
pac5xxx_dtg_config2           0x77d   0x26  Code  Gb  pac5xxx_driver_timer.o [1]
pac5xxx_socbridge_config
                              0xfb1   0xa4  Code  Gb  pac5xxx_driver_socbridge.o [1]
pac5xxx_socbridge_config_io
                             0x1055   0x3c  Code  Gb  pac5xxx_driver_socbridge.o [1]
pac5xxx_sys_pll_config_enable
                              0x6ed   0x3a  Code  Gb  pac5xxx_driver_system.o [1]
pac5xxx_tile_register_read
                              0xa07   0x28  Code  Gb  pac5xxx_driver_tile_socbridge.o [1]
pac5xxx_tile_register_write
                              0x9c5   0x42  Code  Gb  pac5xxx_driver_tile_socbridge.o [1]
pac5xxx_tile_socbridge_config
                              0x9b1   0x14  Code  Gb  pac5xxx_driver_tile_socbridge.o [1]
pac5xxx_timer_base_config
                              0x7ed   0x56  Code  Gb  pac5xxx_driver_timer.o [1]
pac5xxx_timer_clock_config
                              0x7a3   0x4a  Code  Gb  pac5xxx_driver_timer.o [1]
pac_delay_asm                 0xa43         Code  Gb  startup_pac55xx_iar.o [1]
pac_delay_asm_ramfunc   0x2000'0615         Code  Gb  startup_pac55xx_iar.o [1]
pac_recovery                  0x727   0x44  Code  Gb  pac5xxx_driver_system.o [1]
pclk                    0x2000'06cc    0x4  Data  Gb  main.o [1]
period                  0x2000'06ec    0x2  Data  Gb  main.o [1]
phase_pwm_period        0x2000'06b8    0x4  Data  Gb  main.o [1]
phase_u_offset          0x2000'06ac    0x4  Data  Gb  main.o [1]
phase_v_offset          0x2000'06b0    0x4  Data  Gb  main.o [1]
phase_w_offset          0x2000'06b4    0x4  Data  Gb  main.o [1]
psel_mask               0x2000'05b4   0x30  Data  Gb  main.o [1]
pwm_period_div256       0x2000'06c0    0x4  Data  Gb  main.o [1]
pwm_period_ticks        0x2000'06bc    0x4  Data  Gb  main.o [1]
rpm_measure_init              0x495   0x52  Code  Gb  init.o [1]
rx_data                 0x2000'0684    0x8  Data  Gb  can_func.o [1]
rx_dataLen              0x2000'06ee    0x1  Data  Gb  can_func.o [1]
rx_flag                 0x2000'06ef    0x1  Data  Gb  can_func.o [1]
rx_id                   0x2000'06e8    0x2  Data  Gb  can_func.o [1]
single_shunt_current    0x2000'06a8    0x4  Data  Gb  main.o [1]
state_machine                0x1235   0xf8  Code  Gb  state_machine.o [1]
stopped                 0x2000'06f2    0x1  Data  Gb  main.o [1]
system_init                   0x10d   0xa8  Code  Gb  init.o [1]
tx_data                 0x2000'0630    0x8  Data  Gb  can_func.o [1]
uart_read_buf           0x2000'0638   0x34  Data  Gb  uart_isr.o [1]
uart_read_count         0x2000'06e4    0x4  Data  Gb  uart_isr.o [1]
update_motor_params     0x2000'0029  0x208  Code  Gb  common.o [1]


[1] = C:\Users\olima\OneDrive\REV\MotorController2021\rev-motor-controller-2021\pac55xx_REV\Debug\Obj
[2] = dl7M_tlf.a
[3] = m7M_tls.a
[4] = rt7M_tl.a
[5] = shb_l.a

  5'994 bytes of readonly  code memory
  1'506 bytes of readwrite code memory
  1'630 bytes of readonly  data memory
    787 bytes of readwrite data memory

Errors: none
Warnings: none
