###############################################################################
#
# IAR ELF Linker V8.50.9.278/W32 for ARM                  03/Oct/2021  22:19:11
# Copyright 2007-2020 IAR Systems AB.
#
#    Output file  =
#        C:\Users\olima\OneDrive\REV\MotorController2021\rev-motor-controller-2021\pac55xx_REV\Debug\Exe\c.out
#    Map file     =
#        C:\Users\olima\OneDrive\REV\MotorController2021\rev-motor-controller-2021\pac55xx_REV\Debug\List\c.map
#    Command line =
#        -f C:\Users\olima\AppData\Local\Temp\EW3273.tmp
#        (C:\Users\olima\OneDrive\REV\MotorController2021\rev-motor-controller-2021\pac55xx_REV\Debug\Obj\can_app.o
#        C:\Users\olima\OneDrive\REV\MotorController2021\rev-motor-controller-2021\pac55xx_REV\Debug\Obj\can_func.o
#        C:\Users\olima\OneDrive\REV\MotorController2021\rev-motor-controller-2021\pac55xx_REV\Debug\Obj\can_isr.o
#        C:\Users\olima\OneDrive\REV\MotorController2021\rev-motor-controller-2021\pac55xx_REV\Debug\Obj\common.o
#        C:\Users\olima\OneDrive\REV\MotorController2021\rev-motor-controller-2021\pac55xx_REV\Debug\Obj\gpio_app.o
#        C:\Users\olima\OneDrive\REV\MotorController2021\rev-motor-controller-2021\pac55xx_REV\Debug\Obj\gpio_func.o
#        C:\Users\olima\OneDrive\REV\MotorController2021\rev-motor-controller-2021\pac55xx_REV\Debug\Obj\gpio_isr.o
#        C:\Users\olima\OneDrive\REV\MotorController2021\rev-motor-controller-2021\pac55xx_REV\Debug\Obj\init.o
#        C:\Users\olima\OneDrive\REV\MotorController2021\rev-motor-controller-2021\pac55xx_REV\Debug\Obj\main.o
#        C:\Users\olima\OneDrive\REV\MotorController2021\rev-motor-controller-2021\pac55xx_REV\Debug\Obj\pac5xxx_driver_adc.o
#        C:\Users\olima\OneDrive\REV\MotorController2021\rev-motor-controller-2021\pac55xx_REV\Debug\Obj\pac5xxx_driver_can.o
#        C:\Users\olima\OneDrive\REV\MotorController2021\rev-motor-controller-2021\pac55xx_REV\Debug\Obj\pac5xxx_driver_gpio.o
#        C:\Users\olima\OneDrive\REV\MotorController2021\rev-motor-controller-2021\pac55xx_REV\Debug\Obj\pac5xxx_driver_socbridge.o
#        C:\Users\olima\OneDrive\REV\MotorController2021\rev-motor-controller-2021\pac55xx_REV\Debug\Obj\pac5xxx_driver_system.o
#        C:\Users\olima\OneDrive\REV\MotorController2021\rev-motor-controller-2021\pac55xx_REV\Debug\Obj\pac5xxx_driver_tile_socbridge.o
#        C:\Users\olima\OneDrive\REV\MotorController2021\rev-motor-controller-2021\pac55xx_REV\Debug\Obj\pac5xxx_driver_timer.o
#        C:\Users\olima\OneDrive\REV\MotorController2021\rev-motor-controller-2021\pac55xx_REV\Debug\Obj\pac5xxx_driver_uart.o
#        C:\Users\olima\OneDrive\REV\MotorController2021\rev-motor-controller-2021\pac55xx_REV\Debug\Obj\startup_pac55xx_iar.o
#        C:\Users\olima\OneDrive\REV\MotorController2021\rev-motor-controller-2021\pac55xx_REV\Debug\Obj\uart_app.o
#        C:\Users\olima\OneDrive\REV\MotorController2021\rev-motor-controller-2021\pac55xx_REV\Debug\Obj\uart_func.o
#        C:\Users\olima\OneDrive\REV\MotorController2021\rev-motor-controller-2021\pac55xx_REV\Debug\Obj\uart_isr.o
#        --no_out_extension -o
#        C:\Users\olima\OneDrive\REV\MotorController2021\rev-motor-controller-2021\pac55xx_REV\Debug\Exe\c.out
#        --redirect _Printf=_PrintfFull --redirect _Scanf=_ScanfFull --map
#        C:\Users\olima\OneDrive\REV\MotorController2021\rev-motor-controller-2021\pac55xx_REV\Debug\List\c.map
#        --config
#        C:\Users\olima\OneDrive\REV\MotorController2021\rev-motor-controller-2021\pac55xx_REV\pac55xx.icf
#        --semihosting --entry __iar_program_start --vfe --text_out locale)
#
###############################################################################

*******************************************************************************
*** RUNTIME MODEL ATTRIBUTES
***

CppFlavor       = *
__Heap_Handler  = Basic
__SystemLibrary = DLib
__dlib_version  = 6


*******************************************************************************
*** HEAP SELECTION
***

The basic heap was selected because some modules are built with
size limitations (and not runtime checking), and --advanced_heap
was not specified.


*******************************************************************************
*** PLACEMENT SUMMARY
***

"A0":  place at address 0x0 { ro section .intvec };
"P1":  place in [from 0x0 to 0x1'ffff] { ro };
define block CSTACK with size = 512, alignment = 8 { };
define block HEAP with size = 0, alignment = 8 { };
"P3":  place in [from 0x0 to 0x0] |
                [from 0x2000'0000 to 0x2000'7fff] {
          rw, block CSTACK, block HEAP };
initialize by copy { rw };

No sections matched the following patterns:

  ro section application_specific_ro  in "P2|P4"
  rw section application_specific_rw  in "P2|P4"


  Section            Kind         Address   Size  Object
  -------            ----         -------   ----  ------
"A0":                                       0xbc
  .intvec            ro code          0x0   0xbc  startup_pac55xx_iar.o [1]
                                   - 0xbc   0xbc

"P1":                                      0x55c
  .text              ro code         0xbc  0x17c  uart_isr.o [1]
  .text              ro code        0x238   0xc0  init.o [1]
  .text              ro code        0x2f8   0x90  pac5xxx_driver_system.o [1]
  .text              ro code        0x388   0x20  startup_pac55xx_iar.o [1]
  .text              ro code        0x3a8   0x2e  copy_init3.o [4]
  .text              ro code        0x3d8   0x2c  iarttio.o [5]
  .text              ro code        0x404    0xc  XShttio.o [2]
  .text              ro code        0x410   0x28  data_init.o [4]
  .text              ro code        0x438   0x22  fpinit_M.o [3]
  .iar.init_table    const          0x45c   0x14  - Linker created -
  .text              ro code        0x470   0x20  main.o [1]
  .text              ro code        0x490   0x1e  cmain.o [4]
  .text              ro code        0x4ae    0x4  low_level_init.o [2]
  .text              ro code        0x4b2    0x4  exit.o [2]
  .text              ro code        0x4b8    0xa  cexit.o [4]
  .text              ro code        0x4c4   0x14  exit.o [5]
  .text              ro code        0x4d8   0x1c  cstartup_M.o [4]
  .text              ro code        0x4f4    0x4  startup_pac55xx_iar.o [1]
  .rodata            const          0x4f8    0x0  copy_init3.o [4]
  Initializer bytes  const          0x4f8  0x120  <for P3 s0>
                                  - 0x618  0x55c

"P3", part 1 of 2:                         0x120
  P3 s0                       0x2000'0000  0x120  <Init block>
    .textrw          inited   0x2000'0000   0xa0  can_isr.o [1]
    .bss             inited   0x2000'00a0   0x34  uart_isr.o [1]
    .textrw          inited   0x2000'00d4   0x20  gpio_isr.o [1]
    .text            inited   0x2000'00f4    0xe  startup_pac55xx_iar.o [1]
    .bss             inited   0x2000'0102    0x2  can_func.o [1]
    .data            inited   0x2000'0104    0x8  XShttio.o [2]
    .bss             inited   0x2000'010c    0x8  can_func.o [1]
    .bss             inited   0x2000'0114    0x4  can_func.o [1]
    .bss             inited   0x2000'0118    0x4  uart_isr.o [1]
    .bss             inited   0x2000'011c    0x1  can_func.o [1]
    .bss             inited   0x2000'011d    0x1  can_func.o [1]
                            - 0x2000'0120  0x120

"P3", part 2 of 2:                         0x200
  CSTACK                      0x2000'0120  0x200  <Block>
    CSTACK           uninit   0x2000'0120  0x200  <Block tail>
                            - 0x2000'0320  0x200

Unused ranges:

         From           To      Size
         ----           --      ----
        0x618     0x1'ffff  0x1'f9e8
  0x2000'0320  0x2000'7fff    0x7ce0


*******************************************************************************
*** INIT TABLE
***

          Address      Size
          -------      ----
Copy (__iar_copy_init3)
    1 source range, total size 0x120 (100% of destination):
                0x4f8  0x120
    1 destination range, total size 0x11e:
          0x2000'0000  0x11e



*******************************************************************************
*** MODULE SUMMARY
***

    Module                   ro code  rw code  ro data  rw data
    ------                   -------  -------  -------  -------
command line/config:
    -----------------------------------------------------------
    Total:

C:\Users\olima\OneDrive\REV\MotorController2021\rev-motor-controller-2021\pac55xx_REV\Debug\Obj: [1]
    can_func.o                                      16       16
    can_isr.o                             160      160
    gpio_isr.o                             32       32
    init.o                       192
    main.o                        32
    pac5xxx_driver_system.o      144
    startup_pac55xx_iar.o        224       14       14
    uart_isr.o                   380                56       56
    -----------------------------------------------------------
    Total:                       972      206      278       72

dl7M_tlf.a: [2]
    XShttio.o                     12                 8        8
    exit.o                         4
    low_level_init.o               4
    -----------------------------------------------------------
    Total:                        20                 8        8

m7M_tls.a: [3]
    fpinit_M.o                    34
    -----------------------------------------------------------
    Total:                        34

rt7M_tl.a: [4]
    cexit.o                       10
    cmain.o                       30
    copy_init3.o                  46
    cstartup_M.o                  28
    data_init.o                   40
    -----------------------------------------------------------
    Total:                       154

shb_l.a: [5]
    exit.o                        20
    iarttio.o                     44
    -----------------------------------------------------------
    Total:                        64

    Gaps                           6                 2
    Linker created                                  22      512
---------------------------------------------------------------
    Grand Total:               1'250      206      310      592


*******************************************************************************
*** ENTRY LIST
***

Entry                       Address  Size  Type      Object
-----                       -------  ----  ----      ------
.iar.init_table$$Base         0x45c         --   Gb  - Linker created -
.iar.init_table$$Limit        0x470         --   Gb  - Linker created -
?main                         0x491        Code  Gb  cmain.o [4]
CAN_IRQHandler          0x2000'0001  0xa0  Code  Gb  can_isr.o [1]
CSTACK$$Base            0x2000'0120         --   Gb  - Linker created -
CSTACK$$Limit           0x2000'0320         --   Gb  - Linker created -
GpioC_IRQHandler        0x2000'00d5  0x20  Code  Gb  gpio_isr.o [1]
Region$$Table$$Base           0x45c         --   Gb  - Linker created -
Region$$Table$$Limit          0x470         --   Gb  - Linker created -
USARTA_IRQHandler              0xdb  0x3c  Code  Gb  uart_isr.o [1]
USARTB_IRQHandler             0x117  0x54  Code  Gb  uart_isr.o [1]
USARTC_IRQHandler             0x16b  0x64  Code  Gb  uart_isr.o [1]
USARTD_IRQHandler             0x1cf  0x3c  Code  Gb  uart_isr.o [1]
__NVIC_ClearPendingIRQ         0xbd  0x1e  Code  Lc  uart_isr.o [1]
__cmain                       0x491        Code  Gb  cmain.o [4]
__exit                        0x4c5  0x14  Code  Gb  exit.o [5]
__iar_close_ttio              0x3d9  0x2c  Code  Gb  iarttio.o [5]
__iar_copy_init3              0x3a9  0x2e  Code  Gb  copy_init3.o [4]
__iar_data_init3              0x411  0x28  Code  Gb  data_init.o [4]
__iar_init_vfp                0x439        Code  Gb  fpinit_M.o [3]
__iar_lookup_ttioh            0x405   0x4  Code  Gb  XShttio.o [2]
__iar_program_start           0x4d9        Code  Gb  cstartup_M.o [4]
__iar_ttio_handles      0x2000'0104   0x8  Data  Lc  XShttio.o [2]
__low_level_init              0x4af   0x4  Code  Gb  low_level_init.o [2]
__vector_table                  0x0        Data  Gb  startup_pac55xx_iar.o [1]
__vector_table_0x1c            0x1c        Data  Gb  startup_pac55xx_iar.o [1]
_call_main                    0x49d        Code  Gb  cmain.o [4]
_exit                         0x4b9        Code  Gb  cexit.o [4]
_main                         0x4a7        Code  Gb  cmain.o [4]
buffer                  0x2000'0114   0x4  Data  Gb  can_func.o [1]
exit                          0x4b3   0x4  Code  Gb  exit.o [2]
main                          0x471  0x20  Code  Gb  main.o [1]
pac5xxx_sys_pll_config_enable
                              0x2f9  0x3a  Code  Gb  pac5xxx_driver_system.o [1]
pac_delay_asm                 0x393        Code  Gb  startup_pac55xx_iar.o [1]
pac_delay_asm_ramfunc   0x2000'00f5        Code  Gb  startup_pac55xx_iar.o [1]
pac_recovery                  0x333  0x44  Code  Gb  pac5xxx_driver_system.o [1]
rx_data                 0x2000'010c   0x8  Data  Gb  can_func.o [1]
rx_dataLen              0x2000'011c   0x1  Data  Gb  can_func.o [1]
rx_flag                 0x2000'011d   0x1  Data  Gb  can_func.o [1]
rx_id                   0x2000'0102   0x2  Data  Gb  can_func.o [1]
system_init                   0x239  0x92  Code  Gb  init.o [1]
uart_read_buf           0x2000'00a0  0x34  Data  Gb  uart_isr.o [1]
uart_read_count         0x2000'0118   0x4  Data  Gb  uart_isr.o [1]


[1] = C:\Users\olima\OneDrive\REV\MotorController2021\rev-motor-controller-2021\pac55xx_REV\Debug\Obj
[2] = dl7M_tlf.a
[3] = m7M_tls.a
[4] = rt7M_tl.a
[5] = shb_l.a

  1'250 bytes of readonly  code memory
    206 bytes of readwrite code memory
    310 bytes of readonly  data memory
    592 bytes of readwrite data memory

Errors: none
Warnings: none
