###############################################################################
#
# IAR ELF Linker V8.50.9.278/W32 for ARM                  21/Feb/2022  08:18:31
# Copyright 2007-2020 IAR Systems AB.
#
#    Output file  =
#        C:\Users\olima\OneDrive\REV\MotorController2021\rev-motor-controller-2021\pac55xx_REV\Debug\Exe\c.out
#    Map file     =
#        C:\Users\olima\OneDrive\REV\MotorController2021\rev-motor-controller-2021\pac55xx_REV\Debug\List\c.map
#    Command line =
#        -f C:\Users\olima\AppData\Local\Temp\EW7AEE.tmp
#        (C:\Users\olima\OneDrive\REV\MotorController2021\rev-motor-controller-2021\pac55xx_REV\Debug\Obj\can_func.o
#        C:\Users\olima\OneDrive\REV\MotorController2021\rev-motor-controller-2021\pac55xx_REV\Debug\Obj\can_isr.o
#        C:\Users\olima\OneDrive\REV\MotorController2021\rev-motor-controller-2021\pac55xx_REV\Debug\Obj\common.o
#        C:\Users\olima\OneDrive\REV\MotorController2021\rev-motor-controller-2021\pac55xx_REV\Debug\Obj\gpio_func.o
#        C:\Users\olima\OneDrive\REV\MotorController2021\rev-motor-controller-2021\pac55xx_REV\Debug\Obj\gpio_isr.o
#        C:\Users\olima\OneDrive\REV\MotorController2021\rev-motor-controller-2021\pac55xx_REV\Debug\Obj\hs_functions.o
#        C:\Users\olima\OneDrive\REV\MotorController2021\rev-motor-controller-2021\pac55xx_REV\Debug\Obj\init.o
#        C:\Users\olima\OneDrive\REV\MotorController2021\rev-motor-controller-2021\pac55xx_REV\Debug\Obj\isr_Stubs.o
#        C:\Users\olima\OneDrive\REV\MotorController2021\rev-motor-controller-2021\pac55xx_REV\Debug\Obj\isr_TimerA.o
#        C:\Users\olima\OneDrive\REV\MotorController2021\rev-motor-controller-2021\pac55xx_REV\Debug\Obj\isr_TimerB.o
#        C:\Users\olima\OneDrive\REV\MotorController2021\rev-motor-controller-2021\pac55xx_REV\Debug\Obj\isr_TimerC.o
#        C:\Users\olima\OneDrive\REV\MotorController2021\rev-motor-controller-2021\pac55xx_REV\Debug\Obj\isr_TimerD.o
#        C:\Users\olima\OneDrive\REV\MotorController2021\rev-motor-controller-2021\pac55xx_REV\Debug\Obj\main.o
#        C:\Users\olima\OneDrive\REV\MotorController2021\rev-motor-controller-2021\pac55xx_REV\Debug\Obj\pac5xxx_driver_adc.o
#        C:\Users\olima\OneDrive\REV\MotorController2021\rev-motor-controller-2021\pac55xx_REV\Debug\Obj\pac5xxx_driver_can.o
#        C:\Users\olima\OneDrive\REV\MotorController2021\rev-motor-controller-2021\pac55xx_REV\Debug\Obj\pac5xxx_driver_gpio.o
#        C:\Users\olima\OneDrive\REV\MotorController2021\rev-motor-controller-2021\pac55xx_REV\Debug\Obj\pac5xxx_driver_socbridge.o
#        C:\Users\olima\OneDrive\REV\MotorController2021\rev-motor-controller-2021\pac55xx_REV\Debug\Obj\pac5xxx_driver_system.o
#        C:\Users\olima\OneDrive\REV\MotorController2021\rev-motor-controller-2021\pac55xx_REV\Debug\Obj\pac5xxx_driver_tile_socbridge.o
#        C:\Users\olima\OneDrive\REV\MotorController2021\rev-motor-controller-2021\pac55xx_REV\Debug\Obj\pac5xxx_driver_timer.o
#        C:\Users\olima\OneDrive\REV\MotorController2021\rev-motor-controller-2021\pac55xx_REV\Debug\Obj\pac5xxx_driver_uart.o
#        C:\Users\olima\OneDrive\REV\MotorController2021\rev-motor-controller-2021\pac55xx_REV\Debug\Obj\startup_pac55xx_iar.o
#        C:\Users\olima\OneDrive\REV\MotorController2021\rev-motor-controller-2021\pac55xx_REV\Debug\Obj\state_machine.o
#        C:\Users\olima\OneDrive\REV\MotorController2021\rev-motor-controller-2021\pac55xx_REV\Debug\Obj\uart_func.o
#        C:\Users\olima\OneDrive\REV\MotorController2021\rev-motor-controller-2021\pac55xx_REV\Debug\Obj\uart_isr.o
#        --no_out_extension -o
#        C:\Users\olima\OneDrive\REV\MotorController2021\rev-motor-controller-2021\pac55xx_REV\Debug\Exe\c.out
#        --redirect _Printf=_PrintfFull --redirect _Scanf=_ScanfFull --map
#        C:\Users\olima\OneDrive\REV\MotorController2021\rev-motor-controller-2021\pac55xx_REV\Debug\List\c.map
#        --config
#        C:\Users\olima\OneDrive\REV\MotorController2021\rev-motor-controller-2021\pac55xx_REV\pac55xx.icf
#        --semihosting --entry __iar_program_start --vfe --text_out locale)
#
###############################################################################

*******************************************************************************
*** RUNTIME MODEL ATTRIBUTES
***

CppFlavor       = *
__SystemLibrary = DLib
__dlib_version  = 6


*******************************************************************************
*** HEAP SELECTION
***

The basic heap was selected because some modules are built with
size limitations (and not runtime checking), and --advanced_heap
was not specified.


*******************************************************************************
*** PLACEMENT SUMMARY
***

"A0":  place at address 0x0 { ro section .intvec };
"P1":  place in [from 0x0 to 0x1'ffff] { ro };
define block CSTACK with size = 512, alignment = 8 { };
define block HEAP with size = 0, alignment = 8 { };
"P3":  place in [from 0x0 to 0x0] |
                [from 0x2000'0000 to 0x2000'7fff] {
          rw, block CSTACK, block HEAP };
initialize by copy { rw };

No sections matched the following patterns:

  ro section application_specific_ro  in "P2|P4"
  rw section application_specific_rw  in "P2|P4"


  Section            Kind         Address    Size  Object
  -------            ----         -------    ----  ------
"A0":                                        0xbc
  .intvec            ro code          0x0    0xbc  startup_pac55xx_iar.o [1]
                                   - 0xbc    0xbc

"P1":                                      0x1a00
  .text              ro code         0xbc   0x50c  init.o [1]
  .text              ro code        0x5c8    0x90  pac5xxx_driver_system.o [1]
  .text              ro code        0x658    0xd8  pac5xxx_driver_timer.o [1]
  .text              ro code        0x730   0x138  common.o [1]
  .text              ro code        0x868    0x88  pac5xxx_driver_tile_socbridge.o [1]
  .text              ro code        0x8f0    0x20  startup_pac55xx_iar.o [1]
  .text              ro code        0x910   0x450  can_func.o [1]
  .text              ro code        0xd60    0xcc  hs_functions.o [1]
  .text              ro code        0xe2c   0x13c  pac5xxx_driver_socbridge.o [1]
  .text              ro code        0xf68   0x17c  uart_isr.o [1]
  Veneer             ro code       0x10e4     0x8  - Linker created -
  .text              ro code       0x10ec    0xec  isr_TimerC.o [1]
  .text              ro code       0x11d8    0xc8  isr_TimerB.o [1]
  .text              ro code       0x12a0    0xb8  state_machine.o [1]
  .text              ro code       0x1358    0xa8  isr_TimerA.o [1]
  .text              ro code       0x1400    0x5c  main.o [1]
  .text              ro code       0x145c    0x3a  zero_init3.o [4]
  .text              ro code       0x1496    0x36  isr_Stubs.o [1]
  .text              ro code       0x14cc    0x2e  copy_init3.o [4]
  .text              ro code       0x14fc    0x28  data_init.o [4]
  .text              ro code       0x1524    0x22  fpinit_M.o [3]
  .iar.init_table    const         0x1548    0x24  - Linker created -
  .text              ro code       0x156c    0x1e  cmain.o [4]
  .text              ro code       0x158a     0x4  low_level_init.o [2]
  .text              ro code       0x158e     0x4  exit.o [2]
  .text              ro code       0x1594     0xa  cexit.o [4]
  .text              ro code       0x15a0    0x14  exit.o [5]
  .text              ro code       0x15b4    0x1c  cstartup_M.o [4]
  .rodata            const         0x15d0     0x0  zero_init3.o [4]
  .rodata            const         0x15d0     0x0  copy_init3.o [4]
  Initializer bytes  const         0x15d0   0x4ec  <for P3 s0>
                                 - 0x1abc  0x1a00

"P3", part 1 of 3:                          0x4ec
  P3 s0                       0x2000'0000   0x4ec  <Init block>
    Veneer           inited   0x2000'0000     0x8  - Linker created -
    Veneer           inited   0x2000'0008     0x8  - Linker created -
    Veneer           inited   0x2000'0010     0x8  - Linker created -
    Veneer           inited   0x2000'0018     0x8  - Linker created -
    .textrw          inited   0x2000'0020   0x1d0  common.o [1]
    .textrw          inited   0x2000'01f0   0x12c  hs_functions.o [1]
    .textrw          inited   0x2000'031c    0xa8  isr_TimerD.o [1]
    .textrw          inited   0x2000'03c4    0xa4  can_isr.o [1]
    .data            inited   0x2000'0468    0x30  main.o [1]
    .textrw          inited   0x2000'0498    0x20  gpio_isr.o [1]
    .data            inited   0x2000'04b8    0x10  main.o [1]
    .text            inited   0x2000'04c8     0xe  startup_pac55xx_iar.o [1]
    .data            inited   0x2000'04d8     0xc  main.o [1]
    .data            inited   0x2000'04e4     0x8  can_func.o [1]
                            - 0x2000'04ec   0x4ec

"P3", part 2 of 3:                           0xa8
  .bss               zero     0x2000'04ec    0x34  uart_isr.o [1]
  .bss               zero     0x2000'0520    0x18  main.o [1]
  .bss               zero     0x2000'0538     0x8  can_func.o [1]
  .bss               zero     0x2000'0540     0x4  can_func.o [1]
  .bss               zero     0x2000'0544     0x4  main.o [1]
  .bss               zero     0x2000'0548     0x4  main.o [1]
  .bss               zero     0x2000'054c     0x4  main.o [1]
  .bss               zero     0x2000'0550     0x4  main.o [1]
  .bss               zero     0x2000'0554     0x4  main.o [1]
  .bss               zero     0x2000'0558     0x4  main.o [1]
  .bss               zero     0x2000'055c     0x4  main.o [1]
  .bss               zero     0x2000'0560     0x4  main.o [1]
  .bss               zero     0x2000'0564     0x4  main.o [1]
  .bss               zero     0x2000'0568     0x4  main.o [1]
  .bss               zero     0x2000'056c     0x4  main.o [1]
  .bss               zero     0x2000'0570     0x4  main.o [1]
  .bss               zero     0x2000'0574     0x4  main.o [1]
  .bss               zero     0x2000'0578     0x4  main.o [1]
  .bss               zero     0x2000'057c     0x4  main.o [1]
  .bss               zero     0x2000'0580     0x4  uart_isr.o [1]
  .bss               zero     0x2000'0584     0x2  can_func.o [1]
  .bss               zero     0x2000'0586     0x2  main.o [1]
  .bss               zero     0x2000'0588     0x2  main.o [1]
  .bss               zero     0x2000'058a     0x2  main.o [1]
  .bss               zero     0x2000'058c     0x1  can_func.o [1]
  .bss               zero     0x2000'058d     0x1  can_func.o [1]
  .bss               zero     0x2000'058e     0x1  hs_functions.o [1]
  .bss               zero     0x2000'058f     0x1  main.o [1]
  .bss               zero     0x2000'0590     0x1  main.o [1]
  .bss               zero     0x2000'0591     0x1  main.o [1]
  .bss               zero     0x2000'0592     0x1  main.o [1]
                            - 0x2000'0593    0xa7

"P3", part 3 of 3:                          0x200
  CSTACK                      0x2000'0598   0x200  <Block>
    CSTACK           uninit   0x2000'0598   0x200  <Block tail>
                            - 0x2000'0798   0x200

Unused ranges:

         From           To      Size
         ----           --      ----
       0x1abc     0x1'ffff  0x1'e544
  0x2000'0594  0x2000'0597       0x4
  0x2000'0798  0x2000'7fff    0x7868


*******************************************************************************
*** INIT TABLE
***

          Address      Size
          -------      ----
Zero (__iar_zero_init3)
    1 destination range, total size 0xa7:
          0x2000'04ec   0xa7

Copy (__iar_copy_init3)
    1 source range, total size 0x4ec:
               0x15d0  0x4ec
    1 destination range, total size 0x4ec:
          0x2000'0000  0x4ec



*******************************************************************************
*** MODULE SUMMARY
***

    Module                           ro code  rw code  ro data  rw data
    ------                           -------  -------  -------  -------
command line/config:
    -------------------------------------------------------------------
    Total:

C:\Users\olima\OneDrive\REV\MotorController2021\rev-motor-controller-2021\pac55xx_REV\Debug\Obj: [1]
    can_func.o                         1'104                 8       24
    can_isr.o                                     164      164
    common.o                             312      464      464
    gpio_isr.o                                     32       32
    hs_functions.o                       204      300      300        1
    init.o                             1'292
    isr_Stubs.o                           54
    isr_TimerA.o                         168
    isr_TimerB.o                         200
    isr_TimerC.o                         236
    isr_TimerD.o                                  168      168
    main.o                                92                78      170
    pac5xxx_driver_socbridge.o           316
    pac5xxx_driver_system.o              144
    pac5xxx_driver_tile_socbridge.o      136
    pac5xxx_driver_timer.o               216
    startup_pac55xx_iar.o                220       14       14
    state_machine.o                      184
    uart_isr.o                           380                         56
    -------------------------------------------------------------------
    Total:                             5'258    1'142    1'228      251

dl7M_tlf.a: [2]
    exit.o                                 4
    low_level_init.o                       4
    -------------------------------------------------------------------
    Total:                                 8

m7M_tls.a: [3]
    fpinit_M.o                            34
    -------------------------------------------------------------------
    Total:                                34

rt7M_tl.a: [4]
    cexit.o                               10
    cmain.o                               30
    copy_init3.o                          46
    cstartup_M.o                          28
    data_init.o                           40
    zero_init3.o                          58
    -------------------------------------------------------------------
    Total:                               212

shb_l.a: [5]
    exit.o                                20
    -------------------------------------------------------------------
    Total:                                20

    Gaps                                   6                 2        2
    Linker created                         8       32       68      512
-----------------------------------------------------------------------
    Grand Total:                       5'546    1'174    1'298      765


*******************************************************************************
*** ENTRY LIST
***

Entry                       Address   Size  Type      Object
-----                       -------   ----  ----      ------
.iar.init_table$$Base        0x1548          --   Gb  - Linker created -
.iar.init_table$$Limit       0x156c          --   Gb  - Linker created -
?main                        0x156d         Code  Gb  cmain.o [4]
ADC1_IRQHandler              0x149d    0x2  Code  Gb  isr_Stubs.o [1]
ADC2_IRQHandler              0x149f    0x2  Code  Gb  isr_Stubs.o [1]
ADC3_IRQHandler              0x14a1    0x2  Code  Gb  isr_Stubs.o [1]
ADC_IRQHandler               0x14a3    0x2  Code  Gb  isr_Stubs.o [1]
BusFault_Handler             0x14c5    0x2  Code  Gb  isr_Stubs.o [1]
CAN_IRQHandler          0x2000'03c5   0xa4  Code  Gb  can_isr.o [1]
CCS_IRQHandler               0x14bd    0x2  Code  Gb  isr_Stubs.o [1]
CSTACK$$Base            0x2000'0598          --   Gb  - Linker created -
CSTACK$$Limit           0x2000'0798          --   Gb  - Linker created -
GPTimerA_IRQHandler          0x14b9    0x2  Code  Gb  isr_Stubs.o [1]
GPTimerB_IRQHandler          0x14bb    0x2  Code  Gb  isr_Stubs.o [1]
GpioA_IRQHandler              0x7df   0x60  Code  Gb  common.o [1]
GpioB_IRQHandler             0x14ad    0x2  Code  Gb  isr_Stubs.o [1]
GpioC_IRQHandler        0x2000'0499   0x20  Code  Gb  gpio_isr.o [1]
GpioD_IRQHandler             0x14af    0x2  Code  Gb  isr_Stubs.o [1]
GpioE_IRQHandler             0x14b1    0x2  Code  Gb  isr_Stubs.o [1]
GpioF_IRQHandler             0x14b3    0x2  Code  Gb  isr_Stubs.o [1]
GpioG_IRQHandler             0x14b5    0x2  Code  Gb  isr_Stubs.o [1]
HardFault_Handler            0x14c1    0x2  Code  Gb  isr_Stubs.o [1]
I2C_IRQHandler               0x14b7    0x2  Code  Gb  isr_Stubs.o [1]
MemCtl_IRQHandler            0x1497    0x2  Code  Gb  isr_Stubs.o [1]
MemManageFault_Handler       0x14c3    0x2  Code  Gb  isr_Stubs.o [1]
NMI_Handler                  0x14bf    0x2  Code  Gb  isr_Stubs.o [1]
PendSV_Handler               0x14cb    0x2  Code  Gb  isr_Stubs.o [1]
QEPA_IRQHandler              0x14a5    0x2  Code  Gb  isr_Stubs.o [1]
QEPB_IRQHandler              0x14a7    0x2  Code  Gb  isr_Stubs.o [1]
QEPC_IRQHandler              0x14a9    0x2  Code  Gb  isr_Stubs.o [1]
QEPD_IRQHandler              0x14ab    0x2  Code  Gb  isr_Stubs.o [1]
RTC_IRQHandler               0x149b    0x2  Code  Gb  isr_Stubs.o [1]
Region$$Table$$Base          0x1548          --   Gb  - Linker created -
Region$$Table$$Limit         0x156c          --   Gb  - Linker created -
SMS_State               0x2000'057c    0x4  Data  Gb  main.o [1]
SVC_Handler                  0x14c9    0x2  Code  Gb  isr_Stubs.o [1]
Set_Dead_Time                 0x739   0x26  Code  Gb  common.o [1]
SysTick_Handler               0x731    0x8  Code  Gb  common.o [1]
TimerA_IRQHandler            0x1359   0xa8  Code  Gb  isr_TimerA.o [1]
TimerB_IRQHandler            0x11d9   0xc8  Code  Gb  isr_TimerB.o [1]
TimerC_IRQHandler            0x10ed   0xec  Code  Gb  isr_TimerC.o [1]
TimerD_IRQHandler       0x2000'031d   0xa8  Code  Gb  isr_TimerD.o [1]
USARTA_IRQHandler             0xf87   0x3c  Code  Gb  uart_isr.o [1]
USARTB_IRQHandler             0xfc3   0x54  Code  Gb  uart_isr.o [1]
USARTC_IRQHandler            0x1017   0x64  Code  Gb  uart_isr.o [1]
USARTD_IRQHandler            0x107b   0x3c  Code  Gb  uart_isr.o [1]
UsageFault_Handler           0x14c7    0x2  Code  Gb  isr_Stubs.o [1]
Wdt_IRQHandler               0x1499    0x2  Code  Gb  isr_Stubs.o [1]
__NVIC_ClearPendingIRQ        0xe4b   0x1e  Code  Lc  pac5xxx_driver_socbridge.o [1]
__NVIC_ClearPendingIRQ        0xf69   0x1e  Code  Lc  uart_isr.o [1]
__NVIC_DisableIRQ             0xd7f   0x26  Code  Lc  hs_functions.o [1]
__NVIC_EnableIRQ              0x911   0x20  Code  Lc  can_func.o [1]
__NVIC_EnableIRQ              0xd61   0x1e  Code  Lc  hs_functions.o [1]
__NVIC_EnableIRQ               0xbd   0x20  Code  Lc  init.o [1]
__NVIC_EnableIRQ              0xe2d   0x1e  Code  Lc  pac5xxx_driver_socbridge.o [1]
__NVIC_SetPriority             0xdd   0x30  Code  Lc  init.o [1]
__cmain                      0x156d         Code  Gb  cmain.o [4]
__exit                       0x15a1   0x14  Code  Gb  exit.o [5]
__iar_copy_init3             0x14cd   0x2e  Code  Gb  copy_init3.o [4]
__iar_data_init3             0x14fd   0x28  Code  Gb  data_init.o [4]
__iar_init_vfp               0x1525         Code  Gb  fpinit_M.o [3]
__iar_program_start          0x15b5         Code  Gb  cstartup_M.o [4]
__iar_zero_init3             0x145d   0x3a  Code  Gb  zero_init3.o [4]
__low_level_init             0x158b    0x4  Code  Gb  low_level_init.o [2]
__vector_table                  0x0         Data  Gb  startup_pac55xx_iar.o [1]
__vector_table_0x1c            0x1c         Data  Gb  startup_pac55xx_iar.o [1]
_call_main                   0x1579         Code  Gb  cmain.o [4]
_exit                        0x1595         Code  Gb  cexit.o [4]
_main                        0x1583         Code  Gb  cmain.o [4]
accel_factor            0x2000'0544    0x4  Data  Gb  main.o [1]
avg_speed               0x2000'054c    0x4  Data  Gb  main.o [1]
avg_speed_array         0x2000'0520   0x18  Data  Gb  main.o [1]
avg_speed_index         0x2000'0586    0x2  Data  Gb  main.o [1]
buffer                  0x2000'0540    0x4  Data  Gb  can_func.o [1]
c_pwm_io_state          0x2000'04d8    0xc  Data  Gb  main.o [1]
cafe_init                     0x3e7  0x112  Code  Gb  init.o [1]
can_baud                      0xadf  0x170  Code  Gb  can_func.o [1]
can_init                      0xc4f   0x5a  Code  Gb  can_func.o [1]
can_io_config                 0x931  0x1ae  Code  Gb  can_func.o [1]
can_transmit                  0xca9   0x78  Code  Gb  can_func.o [1]
commutate               0x2000'01f1  0x12c  Code  Gb  hs_functions.o [1]
commutate::prev_val     0x2000'058e    0x1  Data  Lc  hs_functions.o [1]
dt_leading_ticks        0x2000'0560    0x4  Data  Gb  main.o [1]
dt_trailing_ticks       0x2000'0564    0x4  Data  Gb  main.o [1]
exit                         0x158f    0x4  Code  Gb  exit.o [2]
gate_drive_init               0x2c9   0xcc  Code  Gb  init.o [1]
hall_sensor_init              0x1b5  0x114  Code  Gb  init.o [1]
hall_sensor_value       0x2000'0591    0x1  Data  Gb  main.o [1]
hp_over_current_limit   0x2000'0570    0x4  Data  Gb  main.o [1]
hs_to_commutation       0x2000'04b8   0x10  Data  Gb  main.o [1]
lp_over_current_limit   0x2000'0574    0x4  Data  Gb  main.o [1]
main                         0x1401   0x5c  Code  Gb  main.o [1]
millisecond             0x2000'056c    0x4  Data  Gb  main.o [1]
module_enable_bits      0x2000'0578    0x4  Data  Gb  main.o [1]
motor_dir               0x2000'058f    0x1  Data  Gb  main.o [1]
motor_pwm_disable             0xda5   0x44  Code  Gb  hs_functions.o [1]
motor_pwm_enable              0xde9   0x24  Code  Gb  hs_functions.o [1]
motor_ready             0x2000'058a    0x2  Data  Gb  main.o [1]
motorspeed              0x2000'0548    0x4  Data  Gb  main.o [1]
next_commutation_state  0x2000'0592    0x1  Data  Gb  main.o [1]
num_periods             0x2000'0550    0x4  Data  Gb  main.o [1]
oc_reset                      0x75f   0x80  Code  Gb  common.o [1]
pac5xxx_dtg_config2           0x659   0x26  Code  Gb  pac5xxx_driver_timer.o [1]
pac5xxx_socbridge_config
                              0xe69   0xa4  Code  Gb  pac5xxx_driver_socbridge.o [1]
pac5xxx_socbridge_config_io
                              0xf0d   0x3c  Code  Gb  pac5xxx_driver_socbridge.o [1]
pac5xxx_sys_pll_config_enable
                              0x5c9   0x3a  Code  Gb  pac5xxx_driver_system.o [1]
pac5xxx_tile_register_read
                              0x8bf   0x28  Code  Gb  pac5xxx_driver_tile_socbridge.o [1]
pac5xxx_tile_register_write
                              0x87d   0x42  Code  Gb  pac5xxx_driver_tile_socbridge.o [1]
pac5xxx_tile_socbridge_config
                              0x869   0x14  Code  Gb  pac5xxx_driver_tile_socbridge.o [1]
pac5xxx_timer_base_config
                              0x6c9   0x56  Code  Gb  pac5xxx_driver_timer.o [1]
pac5xxx_timer_clock_config
                              0x67f   0x4a  Code  Gb  pac5xxx_driver_timer.o [1]
pac_delay_asm                 0x8fb         Code  Gb  startup_pac55xx_iar.o [1]
pac_delay_asm_ramfunc   0x2000'04c9         Code  Gb  startup_pac55xx_iar.o [1]
pac_recovery                  0x603   0x44  Code  Gb  pac5xxx_driver_system.o [1]
pclk                    0x2000'0568    0x4  Data  Gb  main.o [1]
period                  0x2000'0588    0x2  Data  Gb  main.o [1]
phase_pwm_period        0x2000'0554    0x4  Data  Gb  main.o [1]
psel_mask               0x2000'0468   0x30  Data  Gb  main.o [1]
pwm_period_div256       0x2000'055c    0x4  Data  Gb  main.o [1]
pwm_period_ticks        0x2000'0558    0x4  Data  Gb  main.o [1]
rpm_measure_init              0x395   0x52  Code  Gb  init.o [1]
rx_data                 0x2000'0538    0x8  Data  Gb  can_func.o [1]
rx_dataLen              0x2000'058c    0x1  Data  Gb  can_func.o [1]
rx_flag                 0x2000'058d    0x1  Data  Gb  can_func.o [1]
rx_id                   0x2000'0584    0x2  Data  Gb  can_func.o [1]
state_machine                0x12a1   0xb8  Code  Gb  state_machine.o [1]
stopped                 0x2000'0590    0x1  Data  Gb  main.o [1]
system_init                   0x10d   0xa8  Code  Gb  init.o [1]
tx_data                 0x2000'04e4    0x8  Data  Gb  can_func.o [1]
uart_read_buf           0x2000'04ec   0x34  Data  Gb  uart_isr.o [1]
uart_read_count         0x2000'0580    0x4  Data  Gb  uart_isr.o [1]
update_motor_params     0x2000'0021  0x1d0  Code  Gb  common.o [1]


[1] = C:\Users\olima\OneDrive\REV\MotorController2021\rev-motor-controller-2021\pac55xx_REV\Debug\Obj
[2] = dl7M_tlf.a
[3] = m7M_tls.a
[4] = rt7M_tl.a
[5] = shb_l.a

  5'546 bytes of readonly  code memory
  1'174 bytes of readwrite code memory
  1'298 bytes of readonly  data memory
    765 bytes of readwrite data memory

Errors: none
Warnings: none
