###############################################################################
#
# IAR ELF Linker V8.50.9.278/W32 for ARM                  18/Feb/2022  22:06:26
# Copyright 2007-2020 IAR Systems AB.
#
#    Output file  =
#        C:\Users\olima\OneDrive\REV\MotorController2021\rev-motor-controller-2021\pac55xx_REV\Debug\Exe\c.out
#    Map file     =
#        C:\Users\olima\OneDrive\REV\MotorController2021\rev-motor-controller-2021\pac55xx_REV\Debug\List\c.map
#    Command line =
#        -f C:\Users\olima\AppData\Local\Temp\EWB4E.tmp
#        (C:\Users\olima\OneDrive\REV\MotorController2021\rev-motor-controller-2021\pac55xx_REV\Debug\Obj\can_func.o
#        C:\Users\olima\OneDrive\REV\MotorController2021\rev-motor-controller-2021\pac55xx_REV\Debug\Obj\can_isr.o
#        C:\Users\olima\OneDrive\REV\MotorController2021\rev-motor-controller-2021\pac55xx_REV\Debug\Obj\common.o
#        C:\Users\olima\OneDrive\REV\MotorController2021\rev-motor-controller-2021\pac55xx_REV\Debug\Obj\gpio_func.o
#        C:\Users\olima\OneDrive\REV\MotorController2021\rev-motor-controller-2021\pac55xx_REV\Debug\Obj\gpio_isr.o
#        C:\Users\olima\OneDrive\REV\MotorController2021\rev-motor-controller-2021\pac55xx_REV\Debug\Obj\hs_functions.o
#        C:\Users\olima\OneDrive\REV\MotorController2021\rev-motor-controller-2021\pac55xx_REV\Debug\Obj\init.o
#        C:\Users\olima\OneDrive\REV\MotorController2021\rev-motor-controller-2021\pac55xx_REV\Debug\Obj\isr_Stubs.o
#        C:\Users\olima\OneDrive\REV\MotorController2021\rev-motor-controller-2021\pac55xx_REV\Debug\Obj\isr_TimerA.o
#        C:\Users\olima\OneDrive\REV\MotorController2021\rev-motor-controller-2021\pac55xx_REV\Debug\Obj\isr_TimerB.o
#        C:\Users\olima\OneDrive\REV\MotorController2021\rev-motor-controller-2021\pac55xx_REV\Debug\Obj\isr_TimerC.o
#        C:\Users\olima\OneDrive\REV\MotorController2021\rev-motor-controller-2021\pac55xx_REV\Debug\Obj\isr_TimerD.o
#        C:\Users\olima\OneDrive\REV\MotorController2021\rev-motor-controller-2021\pac55xx_REV\Debug\Obj\main.o
#        C:\Users\olima\OneDrive\REV\MotorController2021\rev-motor-controller-2021\pac55xx_REV\Debug\Obj\pac5xxx_driver_adc.o
#        C:\Users\olima\OneDrive\REV\MotorController2021\rev-motor-controller-2021\pac55xx_REV\Debug\Obj\pac5xxx_driver_can.o
#        C:\Users\olima\OneDrive\REV\MotorController2021\rev-motor-controller-2021\pac55xx_REV\Debug\Obj\pac5xxx_driver_gpio.o
#        C:\Users\olima\OneDrive\REV\MotorController2021\rev-motor-controller-2021\pac55xx_REV\Debug\Obj\pac5xxx_driver_socbridge.o
#        C:\Users\olima\OneDrive\REV\MotorController2021\rev-motor-controller-2021\pac55xx_REV\Debug\Obj\pac5xxx_driver_system.o
#        C:\Users\olima\OneDrive\REV\MotorController2021\rev-motor-controller-2021\pac55xx_REV\Debug\Obj\pac5xxx_driver_tile_socbridge.o
#        C:\Users\olima\OneDrive\REV\MotorController2021\rev-motor-controller-2021\pac55xx_REV\Debug\Obj\pac5xxx_driver_timer.o
#        C:\Users\olima\OneDrive\REV\MotorController2021\rev-motor-controller-2021\pac55xx_REV\Debug\Obj\pac5xxx_driver_uart.o
#        C:\Users\olima\OneDrive\REV\MotorController2021\rev-motor-controller-2021\pac55xx_REV\Debug\Obj\startup_pac55xx_iar.o
#        C:\Users\olima\OneDrive\REV\MotorController2021\rev-motor-controller-2021\pac55xx_REV\Debug\Obj\uart_func.o
#        C:\Users\olima\OneDrive\REV\MotorController2021\rev-motor-controller-2021\pac55xx_REV\Debug\Obj\uart_isr.o
#        --no_out_extension -o
#        C:\Users\olima\OneDrive\REV\MotorController2021\rev-motor-controller-2021\pac55xx_REV\Debug\Exe\c.out
#        --redirect _Printf=_PrintfFull --redirect _Scanf=_ScanfFull --map
#        C:\Users\olima\OneDrive\REV\MotorController2021\rev-motor-controller-2021\pac55xx_REV\Debug\List\c.map
#        --config
#        C:\Users\olima\OneDrive\REV\MotorController2021\rev-motor-controller-2021\pac55xx_REV\pac55xx.icf
#        --semihosting --entry __iar_program_start --vfe --text_out locale)
#
###############################################################################

*******************************************************************************
*** RUNTIME MODEL ATTRIBUTES
***

CppFlavor       = *
__SystemLibrary = DLib
__dlib_version  = 6


*******************************************************************************
*** HEAP SELECTION
***

The basic heap was selected because some modules are built with
size limitations (and not runtime checking), and --advanced_heap
was not specified.


*******************************************************************************
*** PLACEMENT SUMMARY
***

"A0":  place at address 0x0 { ro section .intvec };
"P1":  place in [from 0x0 to 0x1'ffff] { ro };
define block CSTACK with size = 512, alignment = 8 { };
define block HEAP with size = 0, alignment = 8 { };
"P3":  place in [from 0x0 to 0x0] |
                [from 0x2000'0000 to 0x2000'7fff] {
          rw, block CSTACK, block HEAP };
initialize by copy { rw };

No sections matched the following patterns:

  ro section application_specific_ro  in "P2|P4"
  rw section application_specific_rw  in "P2|P4"


  Section            Kind         Address    Size  Object
  -------            ----         -------    ----  ------
"A0":                                        0xbc
  .intvec            ro code          0x0    0xbc  startup_pac55xx_iar.o [1]
                                   - 0xbc    0xbc

"P1":                                      0x1688
  .text              ro code         0xbc   0x52c  init.o [1]
  .text              ro code        0x5e8    0x90  pac5xxx_driver_system.o [1]
  .text              ro code        0x678    0xd8  pac5xxx_driver_timer.o [1]
  .text              ro code        0x750    0x48  common.o [1]
  .text              ro code        0x798    0x88  pac5xxx_driver_tile_socbridge.o [1]
  .text              ro code        0x820    0x20  startup_pac55xx_iar.o [1]
  .text              ro code        0x840   0x13c  pac5xxx_driver_socbridge.o [1]
  .text              ro code        0x97c   0x450  can_func.o [1]
  .text              ro code        0xdcc   0x1b4  hs_functions.o [1]
  .text              ro code        0xf80   0x17c  uart_isr.o [1]
  .text              ro code       0x10fc    0xb4  isr_TimerB.o [1]
  .text              ro code       0x11b0    0xa8  isr_TimerA.o [1]
  .text              ro code       0x1258    0x48  main.o [1]
  .text              ro code       0x12a0    0x3a  zero_init3.o [4]
  .text              ro code       0x12da    0x36  isr_Stubs.o [1]
  .text              ro code       0x1310    0x2e  copy_init3.o [4]
  .text              ro code       0x1340    0x28  data_init.o [4]
  .text              ro code       0x1368    0x22  fpinit_M.o [3]
  .iar.init_table    const         0x138c    0x24  - Linker created -
  .text              ro code       0x13b0    0x1e  cmain.o [4]
  .text              ro code       0x13ce     0x4  low_level_init.o [2]
  .text              ro code       0x13d2     0x4  exit.o [2]
  .text              ro code       0x13d8     0xa  cexit.o [4]
  .text              ro code       0x13e4    0x14  exit.o [5]
  .text              ro code       0x13f8    0x1c  cstartup_M.o [4]
  .text              ro code       0x1414     0xa  isr_TimerC.o [1]
  .text              ro code       0x141e     0x4  startup_pac55xx_iar.o [1]
  .rodata            const         0x1422     0x0  zero_init3.o [4]
  .rodata            const         0x1422     0x0  copy_init3.o [4]
  Initializer bytes  const         0x1424   0x320  <for P3 s0>
                                 - 0x1744  0x1688

"P3", part 1 of 3:                          0x320
  P3 s0                       0x2000'0000   0x320  <Init block>
    Veneer           inited   0x2000'0000     0x8  - Linker created -
    Veneer           inited   0x2000'0008     0x8  - Linker created -
    Veneer           inited   0x2000'0010     0x8  - Linker created -
    Veneer           inited   0x2000'0018     0x8  - Linker created -
    .textrw          inited   0x2000'0020   0x130  common.o [1]
    .textrw          inited   0x2000'0150    0xa8  isr_TimerD.o [1]
    .textrw          inited   0x2000'01f8    0xa4  can_isr.o [1]
    .data            inited   0x2000'029c    0x30  main.o [1]
    .textrw          inited   0x2000'02cc    0x20  gpio_isr.o [1]
    .data            inited   0x2000'02ec    0x10  main.o [1]
    .text            inited   0x2000'02fc     0xe  startup_pac55xx_iar.o [1]
    .data            inited   0x2000'030c     0xc  main.o [1]
    .data            inited   0x2000'0318     0x8  can_func.o [1]
                            - 0x2000'0320   0x320

"P3", part 2 of 3:                           0xa0
  .bss               zero     0x2000'0320    0x34  uart_isr.o [1]
  .bss               zero     0x2000'0354    0x18  main.o [1]
  .bss               zero     0x2000'036c     0x8  can_func.o [1]
  .bss               zero     0x2000'0374     0x4  can_func.o [1]
  .bss               zero     0x2000'0378     0x4  main.o [1]
  .bss               zero     0x2000'037c     0x4  main.o [1]
  .bss               zero     0x2000'0380     0x4  main.o [1]
  .bss               zero     0x2000'0384     0x4  main.o [1]
  .bss               zero     0x2000'0388     0x4  main.o [1]
  .bss               zero     0x2000'038c     0x4  main.o [1]
  .bss               zero     0x2000'0390     0x4  main.o [1]
  .bss               zero     0x2000'0394     0x4  main.o [1]
  .bss               zero     0x2000'0398     0x4  main.o [1]
  .bss               zero     0x2000'039c     0x4  main.o [1]
  .bss               zero     0x2000'03a0     0x4  main.o [1]
  .bss               zero     0x2000'03a4     0x4  main.o [1]
  .bss               zero     0x2000'03a8     0x4  main.o [1]
  .bss               zero     0x2000'03ac     0x4  uart_isr.o [1]
  .bss               zero     0x2000'03b0     0x2  can_func.o [1]
  .bss               zero     0x2000'03b2     0x2  main.o [1]
  .bss               zero     0x2000'03b4     0x2  main.o [1]
  .bss               zero     0x2000'03b6     0x2  main.o [1]
  .bss               zero     0x2000'03b8     0x1  can_func.o [1]
  .bss               zero     0x2000'03b9     0x1  can_func.o [1]
  .bss               zero     0x2000'03ba     0x1  hs_functions.o [1]
  .bss               zero     0x2000'03bb     0x1  main.o [1]
  .bss               zero     0x2000'03bc     0x1  main.o [1]
  .bss               zero     0x2000'03bd     0x1  main.o [1]
                            - 0x2000'03be    0x9e

"P3", part 3 of 3:                          0x200
  CSTACK                      0x2000'03c0   0x200  <Block>
    CSTACK           uninit   0x2000'03c0   0x200  <Block tail>
                            - 0x2000'05c0   0x200

Unused ranges:

         From           To      Size
         ----           --      ----
       0x1744     0x1'ffff  0x1'e8bc
  0x2000'05c0  0x2000'7fff    0x7a40


*******************************************************************************
*** INIT TABLE
***

          Address      Size
          -------      ----
Zero (__iar_zero_init3)
    1 destination range, total size 0x9e:
          0x2000'0320   0x9e

Copy (__iar_copy_init3)
    1 source range, total size 0x320:
               0x1424  0x320
    1 destination range, total size 0x320:
          0x2000'0000  0x320



*******************************************************************************
*** MODULE SUMMARY
***

    Module                           ro code  rw code  ro data  rw data
    ------                           -------  -------  -------  -------
command line/config:
    -------------------------------------------------------------------
    Total:

C:\Users\olima\OneDrive\REV\MotorController2021\rev-motor-controller-2021\pac55xx_REV\Debug\Obj: [1]
    can_func.o                         1'104                 8       24
    can_isr.o                                     164      164
    common.o                              72      304      304
    gpio_isr.o                                     32       32
    hs_functions.o                       436                          1
    init.o                             1'324
    isr_Stubs.o                           54
    isr_TimerA.o                         168
    isr_TimerB.o                         180
    isr_TimerC.o                          10
    isr_TimerD.o                                  168      168
    main.o                                72                78      161
    pac5xxx_driver_socbridge.o           316
    pac5xxx_driver_system.o              144
    pac5xxx_driver_tile_socbridge.o      136
    pac5xxx_driver_timer.o               216
    startup_pac55xx_iar.o                224       14       14
    uart_isr.o                           380                         56
    -------------------------------------------------------------------
    Total:                             4'836      682      768      242

dl7M_tlf.a: [2]
    exit.o                                 4
    low_level_init.o                       4
    -------------------------------------------------------------------
    Total:                                 8

m7M_tls.a: [3]
    fpinit_M.o                            34
    -------------------------------------------------------------------
    Total:                                34

rt7M_tl.a: [4]
    cexit.o                               10
    cmain.o                               30
    copy_init3.o                          46
    cstartup_M.o                          28
    data_init.o                           40
    zero_init3.o                          58
    -------------------------------------------------------------------
    Total:                               212

shb_l.a: [5]
    exit.o                                20
    -------------------------------------------------------------------
    Total:                                20

    Gaps                                   6                 2        2
    Linker created                                 32       70      512
-----------------------------------------------------------------------
    Grand Total:                       5'116      714      840      756


*******************************************************************************
*** ENTRY LIST
***

Entry                       Address   Size  Type      Object
-----                       -------   ----  ----      ------
.iar.init_table$$Base        0x138c          --   Gb  - Linker created -
.iar.init_table$$Limit       0x13b0          --   Gb  - Linker created -
?main                        0x13b1         Code  Gb  cmain.o [4]
ADC1_IRQHandler              0x12e1    0x2  Code  Gb  isr_Stubs.o [1]
ADC2_IRQHandler              0x12e3    0x2  Code  Gb  isr_Stubs.o [1]
ADC3_IRQHandler              0x12e5    0x2  Code  Gb  isr_Stubs.o [1]
ADC_IRQHandler               0x12e7    0x2  Code  Gb  isr_Stubs.o [1]
BusFault_Handler             0x1309    0x2  Code  Gb  isr_Stubs.o [1]
CAN_IRQHandler          0x2000'01f9   0xa4  Code  Gb  can_isr.o [1]
CCS_IRQHandler               0x1301    0x2  Code  Gb  isr_Stubs.o [1]
CSTACK$$Base            0x2000'03c0          --   Gb  - Linker created -
CSTACK$$Limit           0x2000'05c0          --   Gb  - Linker created -
GPTimerA_IRQHandler          0x12fd    0x2  Code  Gb  isr_Stubs.o [1]
GPTimerB_IRQHandler          0x12ff    0x2  Code  Gb  isr_Stubs.o [1]
GpioB_IRQHandler             0x12f1    0x2  Code  Gb  isr_Stubs.o [1]
GpioC_IRQHandler        0x2000'02cd   0x20  Code  Gb  gpio_isr.o [1]
GpioD_IRQHandler             0x12f3    0x2  Code  Gb  isr_Stubs.o [1]
GpioE_IRQHandler             0x12f5    0x2  Code  Gb  isr_Stubs.o [1]
GpioF_IRQHandler             0x12f7    0x2  Code  Gb  isr_Stubs.o [1]
GpioG_IRQHandler             0x12f9    0x2  Code  Gb  isr_Stubs.o [1]
HardFault_Handler            0x1305    0x2  Code  Gb  isr_Stubs.o [1]
I2C_IRQHandler               0x12fb    0x2  Code  Gb  isr_Stubs.o [1]
MemCtl_IRQHandler            0x12db    0x2  Code  Gb  isr_Stubs.o [1]
MemManageFault_Handler       0x1307    0x2  Code  Gb  isr_Stubs.o [1]
NMI_Handler                  0x1303    0x2  Code  Gb  isr_Stubs.o [1]
PendSV_Handler               0x130f    0x2  Code  Gb  isr_Stubs.o [1]
QEPA_IRQHandler              0x12e9    0x2  Code  Gb  isr_Stubs.o [1]
QEPB_IRQHandler              0x12eb    0x2  Code  Gb  isr_Stubs.o [1]
QEPC_IRQHandler              0x12ed    0x2  Code  Gb  isr_Stubs.o [1]
QEPD_IRQHandler              0x12ef    0x2  Code  Gb  isr_Stubs.o [1]
RTC_IRQHandler               0x12df    0x2  Code  Gb  isr_Stubs.o [1]
Region$$Table$$Base          0x138c          --   Gb  - Linker created -
Region$$Table$$Limit         0x13b0          --   Gb  - Linker created -
SVC_Handler                  0x130d    0x2  Code  Gb  isr_Stubs.o [1]
Set_Dead_Time                 0x759   0x26  Code  Gb  common.o [1]
SysTick_Handler               0x751    0x8  Code  Gb  common.o [1]
TimerA_IRQHandler            0x11b1   0xa8  Code  Gb  isr_TimerA.o [1]
TimerB_IRQHandler            0x10fd   0xb4  Code  Gb  isr_TimerB.o [1]
TimerC_IRQHandler            0x1415    0xa  Code  Gb  isr_TimerC.o [1]
TimerD_IRQHandler       0x2000'0151   0xa8  Code  Gb  isr_TimerD.o [1]
USARTA_IRQHandler             0xf9f   0x3c  Code  Gb  uart_isr.o [1]
USARTB_IRQHandler             0xfdb   0x54  Code  Gb  uart_isr.o [1]
USARTC_IRQHandler            0x102f   0x64  Code  Gb  uart_isr.o [1]
USARTD_IRQHandler            0x1093   0x3c  Code  Gb  uart_isr.o [1]
UsageFault_Handler           0x130b    0x2  Code  Gb  isr_Stubs.o [1]
Wdt_IRQHandler               0x12dd    0x2  Code  Gb  isr_Stubs.o [1]
__NVIC_ClearPendingIRQ        0x85f   0x1e  Code  Lc  pac5xxx_driver_socbridge.o [1]
__NVIC_ClearPendingIRQ        0xf81   0x1e  Code  Lc  uart_isr.o [1]
__NVIC_DisableIRQ             0xdcd   0x26  Code  Lc  hs_functions.o [1]
__NVIC_EnableIRQ              0x97d   0x20  Code  Lc  can_func.o [1]
__NVIC_EnableIRQ               0xbd   0x20  Code  Lc  init.o [1]
__NVIC_EnableIRQ              0x841   0x1e  Code  Lc  pac5xxx_driver_socbridge.o [1]
__NVIC_SetPriority             0xdd   0x30  Code  Lc  init.o [1]
__cmain                      0x13b1         Code  Gb  cmain.o [4]
__exit                       0x13e5   0x14  Code  Gb  exit.o [5]
__iar_copy_init3             0x1311   0x2e  Code  Gb  copy_init3.o [4]
__iar_data_init3             0x1341   0x28  Code  Gb  data_init.o [4]
__iar_init_vfp               0x1369         Code  Gb  fpinit_M.o [3]
__iar_program_start          0x13f9         Code  Gb  cstartup_M.o [4]
__iar_zero_init3             0x12a1   0x3a  Code  Gb  zero_init3.o [4]
__low_level_init             0x13cf    0x4  Code  Gb  low_level_init.o [2]
__vector_table                  0x0         Data  Gb  startup_pac55xx_iar.o [1]
__vector_table_0x1c            0x1c         Data  Gb  startup_pac55xx_iar.o [1]
_call_main                   0x13bd         Code  Gb  cmain.o [4]
_exit                        0x13d9         Code  Gb  cexit.o [4]
_main                        0x13c7         Code  Gb  cmain.o [4]
accel_factor            0x2000'038c    0x4  Data  Gb  main.o [1]
avg_speed               0x2000'0378    0x4  Data  Gb  main.o [1]
avg_speed_array         0x2000'0354   0x18  Data  Gb  main.o [1]
avg_speed_index         0x2000'03b2    0x2  Data  Gb  main.o [1]
buffer                  0x2000'0374    0x4  Data  Gb  can_func.o [1]
c_pwm_io_state          0x2000'030c    0xc  Data  Gb  main.o [1]
cafe_init                     0x3e9  0x132  Code  Gb  init.o [1]
can_baud                      0xb4b  0x170  Code  Gb  can_func.o [1]
can_init                      0xcbb   0x5a  Code  Gb  can_func.o [1]
can_io_config                 0x99d  0x1ae  Code  Gb  can_func.o [1]
can_transmit                  0xd15   0x78  Code  Gb  can_func.o [1]
commutate                     0xdf3   0xe8  Code  Gb  hs_functions.o [1]
commutate::prev_val     0x2000'03ba    0x1  Data  Lc  hs_functions.o [1]
dt_leading_ticks        0x2000'0390    0x4  Data  Gb  main.o [1]
dt_trailing_ticks       0x2000'0394    0x4  Data  Gb  main.o [1]
exit                         0x13d3    0x4  Code  Gb  exit.o [2]
gate_drive_init               0x2cb   0xcc  Code  Gb  init.o [1]
hall_sensor_init              0x1b5  0x116  Code  Gb  init.o [1]
hall_sensor_value       0x2000'03bc    0x1  Data  Gb  main.o [1]
hp_over_current_limit   0x2000'03a0    0x4  Data  Gb  main.o [1]
hs_to_commutation       0x2000'02ec   0x10  Data  Gb  main.o [1]
lp_over_current_limit   0x2000'03a4    0x4  Data  Gb  main.o [1]
main                         0x1259   0x48  Code  Gb  main.o [1]
millisecond             0x2000'039c    0x4  Data  Gb  main.o [1]
module_enable_bits      0x2000'03a8    0x4  Data  Gb  main.o [1]
motor_dir               0x2000'03bb    0x1  Data  Gb  main.o [1]
motor_pwm_disable             0xedb   0x44  Code  Gb  hs_functions.o [1]
motor_pwm_enable              0xf1f   0x12  Code  Gb  hs_functions.o [1]
motor_ready             0x2000'03b6    0x2  Data  Gb  main.o [1]
next_commutation_state  0x2000'03bd    0x1  Data  Gb  main.o [1]
num_periods             0x2000'037c    0x4  Data  Gb  main.o [1]
pac5xxx_dtg_config2           0x679   0x26  Code  Gb  pac5xxx_driver_timer.o [1]
pac5xxx_socbridge_config
                              0x87d   0xa4  Code  Gb  pac5xxx_driver_socbridge.o [1]
pac5xxx_socbridge_config_io
                              0x921   0x3c  Code  Gb  pac5xxx_driver_socbridge.o [1]
pac5xxx_sys_pll_config_enable
                              0x5e9   0x3a  Code  Gb  pac5xxx_driver_system.o [1]
pac5xxx_tile_register_read
                              0x7ef   0x28  Code  Gb  pac5xxx_driver_tile_socbridge.o [1]
pac5xxx_tile_register_write
                              0x7ad   0x42  Code  Gb  pac5xxx_driver_tile_socbridge.o [1]
pac5xxx_tile_socbridge_config
                              0x799   0x14  Code  Gb  pac5xxx_driver_tile_socbridge.o [1]
pac5xxx_timer_base_config
                              0x6e9   0x56  Code  Gb  pac5xxx_driver_timer.o [1]
pac5xxx_timer_clock_config
                              0x69f   0x4a  Code  Gb  pac5xxx_driver_timer.o [1]
pac_delay_asm                 0x82b         Code  Gb  startup_pac55xx_iar.o [1]
pac_delay_asm_ramfunc   0x2000'02fd         Code  Gb  startup_pac55xx_iar.o [1]
pac_recovery                  0x623   0x44  Code  Gb  pac5xxx_driver_system.o [1]
pclk                    0x2000'0398    0x4  Data  Gb  main.o [1]
period                  0x2000'03b4    0x2  Data  Gb  main.o [1]
phase_pwm_period        0x2000'0380    0x4  Data  Gb  main.o [1]
psel_mask               0x2000'029c   0x30  Data  Gb  main.o [1]
pwm_period_div256       0x2000'0388    0x4  Data  Gb  main.o [1]
pwm_period_ticks        0x2000'0384    0x4  Data  Gb  main.o [1]
rpm_measure_init              0x397   0x52  Code  Gb  init.o [1]
rx_data                 0x2000'036c    0x8  Data  Gb  can_func.o [1]
rx_dataLen              0x2000'03b8    0x1  Data  Gb  can_func.o [1]
rx_flag                 0x2000'03b9    0x1  Data  Gb  can_func.o [1]
rx_id                   0x2000'03b0    0x2  Data  Gb  can_func.o [1]
system_init                   0x10d   0xa8  Code  Gb  init.o [1]
tx_data                 0x2000'0318    0x8  Data  Gb  can_func.o [1]
uart_read_buf           0x2000'0320   0x34  Data  Gb  uart_isr.o [1]
uart_read_count         0x2000'03ac    0x4  Data  Gb  uart_isr.o [1]
update_motor_params     0x2000'0021  0x130  Code  Gb  common.o [1]


[1] = C:\Users\olima\OneDrive\REV\MotorController2021\rev-motor-controller-2021\pac55xx_REV\Debug\Obj
[2] = dl7M_tlf.a
[3] = m7M_tls.a
[4] = rt7M_tl.a
[5] = shb_l.a

  5'116 bytes of readonly  code memory
    714 bytes of readwrite code memory
    840 bytes of readonly  data memory
    756 bytes of readwrite data memory

Errors: none
Warnings: none
