###############################################################################
#
# IAR ELF Linker V8.50.9.278/W32 for ARM                  29/Oct/2021  16:38:12
# Copyright 2007-2020 IAR Systems AB.
#
#    Output file  =
#        C:\Users\olima\OneDrive\REV\MotorController2021\rev-motor-controller-2021\pac55xx_example_code_v1.4.0\pac55xx_peripheral_examples\iar_proj\Debug\Exe\project.out
#    Map file     =
#        C:\Users\olima\OneDrive\REV\MotorController2021\rev-motor-controller-2021\pac55xx_example_code_v1.4.0\pac55xx_peripheral_examples\iar_proj\Debug\List\project.map
#    Command line =
#        -f C:\Users\olima\AppData\Local\Temp\EW960.tmp
#        (C:\Users\olima\OneDrive\REV\MotorController2021\rev-motor-controller-2021\pac55xx_example_code_v1.4.0\pac55xx_peripheral_examples\iar_proj\Debug\Obj\adc_app.o
#        C:\Users\olima\OneDrive\REV\MotorController2021\rev-motor-controller-2021\pac55xx_example_code_v1.4.0\pac55xx_peripheral_examples\iar_proj\Debug\Obj\adc_func.o
#        C:\Users\olima\OneDrive\REV\MotorController2021\rev-motor-controller-2021\pac55xx_example_code_v1.4.0\pac55xx_peripheral_examples\iar_proj\Debug\Obj\adc_isr.o
#        C:\Users\olima\OneDrive\REV\MotorController2021\rev-motor-controller-2021\pac55xx_example_code_v1.4.0\pac55xx_peripheral_examples\iar_proj\Debug\Obj\aio_app.o
#        C:\Users\olima\OneDrive\REV\MotorController2021\rev-motor-controller-2021\pac55xx_example_code_v1.4.0\pac55xx_peripheral_examples\iar_proj\Debug\Obj\aio_func.o
#        C:\Users\olima\OneDrive\REV\MotorController2021\rev-motor-controller-2021\pac55xx_example_code_v1.4.0\pac55xx_peripheral_examples\iar_proj\Debug\Obj\can_app.o
#        C:\Users\olima\OneDrive\REV\MotorController2021\rev-motor-controller-2021\pac55xx_example_code_v1.4.0\pac55xx_peripheral_examples\iar_proj\Debug\Obj\can_func.o
#        C:\Users\olima\OneDrive\REV\MotorController2021\rev-motor-controller-2021\pac55xx_example_code_v1.4.0\pac55xx_peripheral_examples\iar_proj\Debug\Obj\can_isr.o
#        C:\Users\olima\OneDrive\REV\MotorController2021\rev-motor-controller-2021\pac55xx_example_code_v1.4.0\pac55xx_peripheral_examples\iar_proj\Debug\Obj\capture_func.o
#        C:\Users\olima\OneDrive\REV\MotorController2021\rev-motor-controller-2021\pac55xx_example_code_v1.4.0\pac55xx_peripheral_examples\iar_proj\Debug\Obj\code_protect_app.o
#        C:\Users\olima\OneDrive\REV\MotorController2021\rev-motor-controller-2021\pac55xx_example_code_v1.4.0\pac55xx_peripheral_examples\iar_proj\Debug\Obj\code_protect_func.o
#        C:\Users\olima\OneDrive\REV\MotorController2021\rev-motor-controller-2021\pac55xx_example_code_v1.4.0\pac55xx_peripheral_examples\iar_proj\Debug\Obj\crc_app.o
#        C:\Users\olima\OneDrive\REV\MotorController2021\rev-motor-controller-2021\pac55xx_example_code_v1.4.0\pac55xx_peripheral_examples\iar_proj\Debug\Obj\crc_func.o
#        C:\Users\olima\OneDrive\REV\MotorController2021\rev-motor-controller-2021\pac55xx_example_code_v1.4.0\pac55xx_peripheral_examples\iar_proj\Debug\Obj\flash_app.o
#        C:\Users\olima\OneDrive\REV\MotorController2021\rev-motor-controller-2021\pac55xx_example_code_v1.4.0\pac55xx_peripheral_examples\iar_proj\Debug\Obj\flash_func.o
#        C:\Users\olima\OneDrive\REV\MotorController2021\rev-motor-controller-2021\pac55xx_example_code_v1.4.0\pac55xx_peripheral_examples\iar_proj\Debug\Obj\gpio_app.o
#        C:\Users\olima\OneDrive\REV\MotorController2021\rev-motor-controller-2021\pac55xx_example_code_v1.4.0\pac55xx_peripheral_examples\iar_proj\Debug\Obj\gpio_func.o
#        C:\Users\olima\OneDrive\REV\MotorController2021\rev-motor-controller-2021\pac55xx_example_code_v1.4.0\pac55xx_peripheral_examples\iar_proj\Debug\Obj\gpio_isr.o
#        C:\Users\olima\OneDrive\REV\MotorController2021\rev-motor-controller-2021\pac55xx_example_code_v1.4.0\pac55xx_peripheral_examples\iar_proj\Debug\Obj\gptimera_app.o
#        C:\Users\olima\OneDrive\REV\MotorController2021\rev-motor-controller-2021\pac55xx_example_code_v1.4.0\pac55xx_peripheral_examples\iar_proj\Debug\Obj\gptimera_func.o
#        C:\Users\olima\OneDrive\REV\MotorController2021\rev-motor-controller-2021\pac55xx_example_code_v1.4.0\pac55xx_peripheral_examples\iar_proj\Debug\Obj\gptimera_isr.o
#        C:\Users\olima\OneDrive\REV\MotorController2021\rev-motor-controller-2021\pac55xx_example_code_v1.4.0\pac55xx_peripheral_examples\iar_proj\Debug\Obj\gptimerb_app.o
#        C:\Users\olima\OneDrive\REV\MotorController2021\rev-motor-controller-2021\pac55xx_example_code_v1.4.0\pac55xx_peripheral_examples\iar_proj\Debug\Obj\gptimerb_func.o
#        C:\Users\olima\OneDrive\REV\MotorController2021\rev-motor-controller-2021\pac55xx_example_code_v1.4.0\pac55xx_peripheral_examples\iar_proj\Debug\Obj\gptimerb_isr.o
#        C:\Users\olima\OneDrive\REV\MotorController2021\rev-motor-controller-2021\pac55xx_example_code_v1.4.0\pac55xx_peripheral_examples\iar_proj\Debug\Obj\hib_app.o
#        C:\Users\olima\OneDrive\REV\MotorController2021\rev-motor-controller-2021\pac55xx_example_code_v1.4.0\pac55xx_peripheral_examples\iar_proj\Debug\Obj\hib_func.o
#        C:\Users\olima\OneDrive\REV\MotorController2021\rev-motor-controller-2021\pac55xx_example_code_v1.4.0\pac55xx_peripheral_examples\iar_proj\Debug\Obj\i2c_app.o
#        C:\Users\olima\OneDrive\REV\MotorController2021\rev-motor-controller-2021\pac55xx_example_code_v1.4.0\pac55xx_peripheral_examples\iar_proj\Debug\Obj\i2c_func.o
#        C:\Users\olima\OneDrive\REV\MotorController2021\rev-motor-controller-2021\pac55xx_example_code_v1.4.0\pac55xx_peripheral_examples\iar_proj\Debug\Obj\i2c_isr.o
#        C:\Users\olima\OneDrive\REV\MotorController2021\rev-motor-controller-2021\pac55xx_example_code_v1.4.0\pac55xx_peripheral_examples\iar_proj\Debug\Obj\main.o
#        C:\Users\olima\OneDrive\REV\MotorController2021\rev-motor-controller-2021\pac55xx_example_code_v1.4.0\pac55xx_peripheral_examples\iar_proj\Debug\Obj\pac5xxx_driver_adc.o
#        C:\Users\olima\OneDrive\REV\MotorController2021\rev-motor-controller-2021\pac55xx_example_code_v1.4.0\pac55xx_peripheral_examples\iar_proj\Debug\Obj\pac5xxx_driver_can.o
#        C:\Users\olima\OneDrive\REV\MotorController2021\rev-motor-controller-2021\pac55xx_example_code_v1.4.0\pac55xx_peripheral_examples\iar_proj\Debug\Obj\pac5xxx_driver_gpio.o
#        C:\Users\olima\OneDrive\REV\MotorController2021\rev-motor-controller-2021\pac55xx_example_code_v1.4.0\pac55xx_peripheral_examples\iar_proj\Debug\Obj\pac5xxx_driver_socbridge.o
#        C:\Users\olima\OneDrive\REV\MotorController2021\rev-motor-controller-2021\pac55xx_example_code_v1.4.0\pac55xx_peripheral_examples\iar_proj\Debug\Obj\pac5xxx_driver_system.o
#        C:\Users\olima\OneDrive\REV\MotorController2021\rev-motor-controller-2021\pac55xx_example_code_v1.4.0\pac55xx_peripheral_examples\iar_proj\Debug\Obj\pac5xxx_driver_tile_socbridge.o
#        C:\Users\olima\OneDrive\REV\MotorController2021\rev-motor-controller-2021\pac55xx_example_code_v1.4.0\pac55xx_peripheral_examples\iar_proj\Debug\Obj\pac5xxx_driver_timer.o
#        C:\Users\olima\OneDrive\REV\MotorController2021\rev-motor-controller-2021\pac55xx_example_code_v1.4.0\pac55xx_peripheral_examples\iar_proj\Debug\Obj\pac5xxx_driver_uart.o
#        C:\Users\olima\OneDrive\REV\MotorController2021\rev-motor-controller-2021\pac55xx_example_code_v1.4.0\pac55xx_peripheral_examples\iar_proj\Debug\Obj\power_app.o
#        C:\Users\olima\OneDrive\REV\MotorController2021\rev-motor-controller-2021\pac55xx_example_code_v1.4.0\pac55xx_peripheral_examples\iar_proj\Debug\Obj\power_func.o
#        C:\Users\olima\OneDrive\REV\MotorController2021\rev-motor-controller-2021\pac55xx_example_code_v1.4.0\pac55xx_peripheral_examples\iar_proj\Debug\Obj\pwm_driver_func.o
#        C:\Users\olima\OneDrive\REV\MotorController2021\rev-motor-controller-2021\pac55xx_example_code_v1.4.0\pac55xx_peripheral_examples\iar_proj\Debug\Obj\pwm_func.o
#        C:\Users\olima\OneDrive\REV\MotorController2021\rev-motor-controller-2021\pac55xx_example_code_v1.4.0\pac55xx_peripheral_examples\iar_proj\Debug\Obj\qep_func.o
#        C:\Users\olima\OneDrive\REV\MotorController2021\rev-motor-controller-2021\pac55xx_example_code_v1.4.0\pac55xx_peripheral_examples\iar_proj\Debug\Obj\qep_isr.o
#        C:\Users\olima\OneDrive\REV\MotorController2021\rev-motor-controller-2021\pac55xx_example_code_v1.4.0\pac55xx_peripheral_examples\iar_proj\Debug\Obj\rtc_app.o
#        C:\Users\olima\OneDrive\REV\MotorController2021\rev-motor-controller-2021\pac55xx_example_code_v1.4.0\pac55xx_peripheral_examples\iar_proj\Debug\Obj\rtc_func.o
#        C:\Users\olima\OneDrive\REV\MotorController2021\rev-motor-controller-2021\pac55xx_example_code_v1.4.0\pac55xx_peripheral_examples\iar_proj\Debug\Obj\rtc_isr.o
#        C:\Users\olima\OneDrive\REV\MotorController2021\rev-motor-controller-2021\pac55xx_example_code_v1.4.0\pac55xx_peripheral_examples\iar_proj\Debug\Obj\sleep_app.o
#        C:\Users\olima\OneDrive\REV\MotorController2021\rev-motor-controller-2021\pac55xx_example_code_v1.4.0\pac55xx_peripheral_examples\iar_proj\Debug\Obj\sleep_ramfunc.o
#        C:\Users\olima\OneDrive\REV\MotorController2021\rev-motor-controller-2021\pac55xx_example_code_v1.4.0\pac55xx_peripheral_examples\iar_proj\Debug\Obj\ssp_app.o
#        C:\Users\olima\OneDrive\REV\MotorController2021\rev-motor-controller-2021\pac55xx_example_code_v1.4.0\pac55xx_peripheral_examples\iar_proj\Debug\Obj\ssp_func.o
#        C:\Users\olima\OneDrive\REV\MotorController2021\rev-motor-controller-2021\pac55xx_example_code_v1.4.0\pac55xx_peripheral_examples\iar_proj\Debug\Obj\ssp_isr.o
#        C:\Users\olima\OneDrive\REV\MotorController2021\rev-motor-controller-2021\pac55xx_example_code_v1.4.0\pac55xx_peripheral_examples\iar_proj\Debug\Obj\startup_pac55xx_iar.o
#        C:\Users\olima\OneDrive\REV\MotorController2021\rev-motor-controller-2021\pac55xx_example_code_v1.4.0\pac55xx_peripheral_examples\iar_proj\Debug\Obj\swd_unlock.o
#        C:\Users\olima\OneDrive\REV\MotorController2021\rev-motor-controller-2021\pac55xx_example_code_v1.4.0\pac55xx_peripheral_examples\iar_proj\Debug\Obj\sysclk_app.o
#        C:\Users\olima\OneDrive\REV\MotorController2021\rev-motor-controller-2021\pac55xx_example_code_v1.4.0\pac55xx_peripheral_examples\iar_proj\Debug\Obj\sysclk_func.o
#        C:\Users\olima\OneDrive\REV\MotorController2021\rev-motor-controller-2021\pac55xx_example_code_v1.4.0\pac55xx_peripheral_examples\iar_proj\Debug\Obj\timer_app.o
#        C:\Users\olima\OneDrive\REV\MotorController2021\rev-motor-controller-2021\pac55xx_example_code_v1.4.0\pac55xx_peripheral_examples\iar_proj\Debug\Obj\timer_func.o
#        C:\Users\olima\OneDrive\REV\MotorController2021\rev-motor-controller-2021\pac55xx_example_code_v1.4.0\pac55xx_peripheral_examples\iar_proj\Debug\Obj\timer_isr.o
#        C:\Users\olima\OneDrive\REV\MotorController2021\rev-motor-controller-2021\pac55xx_example_code_v1.4.0\pac55xx_peripheral_examples\iar_proj\Debug\Obj\uart_app.o
#        C:\Users\olima\OneDrive\REV\MotorController2021\rev-motor-controller-2021\pac55xx_example_code_v1.4.0\pac55xx_peripheral_examples\iar_proj\Debug\Obj\uart_func.o
#        C:\Users\olima\OneDrive\REV\MotorController2021\rev-motor-controller-2021\pac55xx_example_code_v1.4.0\pac55xx_peripheral_examples\iar_proj\Debug\Obj\uart_isr.o
#        C:\Users\olima\OneDrive\REV\MotorController2021\rev-motor-controller-2021\pac55xx_example_code_v1.4.0\pac55xx_peripheral_examples\iar_proj\Debug\Obj\user.o
#        C:\Users\olima\OneDrive\REV\MotorController2021\rev-motor-controller-2021\pac55xx_example_code_v1.4.0\pac55xx_peripheral_examples\iar_proj\Debug\Obj\user_printf.o
#        C:\Users\olima\OneDrive\REV\MotorController2021\rev-motor-controller-2021\pac55xx_example_code_v1.4.0\pac55xx_peripheral_examples\iar_proj\Debug\Obj\wwdt_app.o
#        C:\Users\olima\OneDrive\REV\MotorController2021\rev-motor-controller-2021\pac55xx_example_code_v1.4.0\pac55xx_peripheral_examples\iar_proj\Debug\Obj\wwdt_func.o
#        C:\Users\olima\OneDrive\REV\MotorController2021\rev-motor-controller-2021\pac55xx_example_code_v1.4.0\pac55xx_peripheral_examples\iar_proj\Debug\Obj\wwdt_isr.o
#        --no_out_extension -o
#        C:\Users\olima\OneDrive\REV\MotorController2021\rev-motor-controller-2021\pac55xx_example_code_v1.4.0\pac55xx_peripheral_examples\iar_proj\Debug\Exe\project.out
#        --redirect _Printf=_PrintfFull --redirect _Scanf=_ScanfFull --map
#        C:\Users\olima\OneDrive\REV\MotorController2021\rev-motor-controller-2021\pac55xx_example_code_v1.4.0\pac55xx_peripheral_examples\iar_proj\Debug\List\project.map
#        --config
#        C:\Users\olima\OneDrive\REV\MotorController2021\rev-motor-controller-2021\pac55xx_example_code_v1.4.0\pac55xx_peripheral_examples\iar_proj\pac55xx.icf
#        --semihosting --entry __iar_program_start --vfe --text_out locale)
#
###############################################################################

*******************************************************************************
*** RUNTIME MODEL ATTRIBUTES
***

CppFlavor       = *
__SystemLibrary = DLib
__dlib_version  = 6


*******************************************************************************
*** HEAP SELECTION
***

The basic heap was selected because some modules are built with
size limitations (and not runtime checking), and --advanced_heap
was not specified.


*******************************************************************************
*** PLACEMENT SUMMARY
***

"A0":  place at address 0x0 { ro section .intvec };
"P1":  place in [from 0x0 to 0x1'ffff] { ro };
define block RAM_VECTOR_TABLE { rw section .ram_vector_table };
define block CSTACK with size = 768, alignment = 8 { };
define block HEAP with size = 0, alignment = 8 { };
"P3":  place in [from 0x0 to 0x0] |
                [from 0x2000'0000 to 0x2000'7fff] {
          first block RAM_VECTOR_TABLE, rw, block CSTACK, block HEAP };
initialize by copy { rw };

No sections matched the following patterns:

  ro section application_specific_ro  in "P2|P4"
  rw section .ram_vector_table        in block RAM_VECTOR_TABLE
  rw section application_specific_rw  in "P2|P4"


  Section            Kind         Address   Size  Object
  -------            ----         -------   ----  ------
"A0":                                       0xbc
  .intvec            ro code          0x0   0xbc  startup_pac55xx_iar.o [1]
                                   - 0xbc   0xbc

"P1":                                      0xf83
  .text              ro code         0xbc  0x3cc  ssp_func.o [1]
  .text              ro code        0x488  0x26c  uart_func.o [1]
  .text              ro code        0x6f4   0x36  pac5xxx_driver_uart.o [1]
  .text              ro code        0x72a   0x3a  zero_init3.o [4]
  .text              ro code        0x764  0x11c  pac5xxx_driver_adc.o [1]
  .text              ro code        0x880   0xbc  uart_isr.o [1]
  .text              ro code        0x93c   0xb8  adc_func.o [1]
  .text              ro code        0x9f4   0xb8  sysclk_func.o [1]
  .text              ro code        0xaac   0x88  pac5xxx_driver_system.o [1]
  .text              ro code        0xb34   0x20  startup_pac55xx_iar.o [1]
  .text              ro code        0xb54   0xa8  i2c_isr.o [1]
  .text              ro code        0xbfc   0x78  lz77_init_single.o [4]
  .text              ro code        0xc74   0x60  main.o [1]
  .text              ro code        0xcd4   0x28  data_init.o [4]
  .iar.init_table    const          0xcfc   0x20  - Linker created -
  .text              ro code        0xd1c   0x1e  cmain.o [4]
  .text              ro code        0xd3a    0x4  low_level_init.o [2]
  .text              ro code        0xd3e    0x4  exit.o [2]
  .text              ro code        0xd44    0xa  cexit.o [4]
  .text              ro code        0xd50   0x14  exit.o [5]
  .text              ro code        0xd64   0x1c  cstartup_M.o [4]
  .text              ro code        0xd80    0xc  sleep_app.o [1]
  .text              ro code        0xd8c    0x4  startup_pac55xx_iar.o [1]
  .rodata            const          0xd90    0x0  zero_init3.o [4]
  .rodata            const          0xd90    0x0  lz77_init_single.o [4]
  Initializer bytes  const          0xd90  0x2af  <for P3 mid-1>
                                 - 0x103f  0xf83

"P3":                                      0x8a0
  P3 mid-1                    0x2000'0000  0x3f0  <Init block>
    .text            inited   0x2000'0000    0xe  startup_pac55xx_iar.o [1]
    .textrw          inited   0x2000'0010  0x174  adc_isr.o [1]
    .textrw          inited   0x2000'0184   0x80  can_isr.o [1]
    .textrw          inited   0x2000'0204   0x20  gpio_isr.o [1]
    .textrw          inited   0x2000'0224   0x28  gptimera_isr.o [1]
    .textrw          inited   0x2000'024c   0x28  gptimerb_isr.o [1]
    .textrw          inited   0x2000'0274   0x70  qep_isr.o [1]
    .textrw          inited   0x2000'02e4   0x18  rtc_isr.o [1]
    .textrw          inited   0x2000'02fc   0xf4  timer_isr.o [1]
  .bss               zero     0x2000'03f0   0x30  adc_isr.o [1]
  .bss               zero     0x2000'0420    0x8  can_func.o [1]
  .bss               zero     0x2000'0428    0x4  can_func.o [1]
  .bss               zero     0x2000'042c  0x104  i2c_isr.o [1]
  .bss               zero     0x2000'0530   0x30  main.o [1]
  .bss               zero     0x2000'0560    0x4  sleep_app.o [1]
  .bss               zero     0x2000'0564   0x38  uart_isr.o [1]
  .bss               zero     0x2000'059c    0x2  can_func.o [1]
  .bss               zero     0x2000'059e    0x1  can_func.o [1]
  .bss               zero     0x2000'059f    0x1  can_func.o [1]
  CSTACK                      0x2000'05a0  0x300  <Block>
    CSTACK           uninit   0x2000'05a0  0x300  <Block tail>
                            - 0x2000'08a0  0x8a0

Unused ranges:

         From           To      Size
         ----           --      ----
       0x103f     0x1'ffff  0x1'efc1
  0x2000'08a0  0x2000'7fff    0x7760


*******************************************************************************
*** INIT TABLE
***

          Address      Size
          -------      ----
Zero (__iar_zero_init3)
    1 destination range, total size 0x1b0:
          0x2000'03f0  0x1b0

Copy/lz77 (__iar_lz77_init_single3)
    1 source range, total size 0x2af (68% of destination):
                0xd90  0x2af
    1 destination range, total size 0x3f0:
          0x2000'0000  0x3f0



*******************************************************************************
*** MODULE SUMMARY
***

    Module                   ro code  rw code  ro data  rw data
    ------                   -------  -------  -------  -------
command line/config:
    -----------------------------------------------------------
    Total:

C:\Users\olima\OneDrive\REV\MotorController2021\rev-motor-controller-2021\pac55xx_example_code_v1.4.0\pac55xx_peripheral_examples\iar_proj\Debug\Obj: [1]
    adc_func.o                   184
    adc_isr.o                             372      255       48
    can_func.o                                               16
    can_isr.o                             128       87
    gpio_isr.o                             32       22
    gptimera_isr.o                         40       27
    gptimerb_isr.o                         40       28
    i2c_isr.o                    168                        260
    main.o                        96                         48
    pac5xxx_driver_adc.o         284
    pac5xxx_driver_system.o      136
    pac5xxx_driver_uart.o         54
    qep_isr.o                             112       76
    rtc_isr.o                              24       16
    sleep_app.o                   12                          4
    ssp_func.o                   972
    startup_pac55xx_iar.o        224       14        9
    sysclk_func.o                184
    timer_isr.o                           244      167
    uart_func.o                  620
    uart_isr.o                   188                         56
    -----------------------------------------------------------
    Total:                     3'122    1'006      687      432

dl7M_tlf.a: [2]
    exit.o                         4
    low_level_init.o               4
    -----------------------------------------------------------
    Total:                         8

m7M_tl.a: [3]
    -----------------------------------------------------------
    Total:

rt7M_tl.a: [4]
    cexit.o                       10
    cmain.o                       30
    cstartup_M.o                  28
    data_init.o                   40
    lz77_init_single.o           120
    zero_init3.o                  58
    -----------------------------------------------------------
    Total:                       286

shb_l.a: [5]
    exit.o                        20
    -----------------------------------------------------------
    Total:                        20

    Gaps                           4        2
    Linker created                                  32      768
---------------------------------------------------------------
    Grand Total:               3'440    1'008      719    1'200


*******************************************************************************
*** ENTRY LIST
***

Entry                       Address   Size  Type      Object
-----                       -------   ----  ----      ------
.iar.init_table$$Base         0xcfc          --   Gb  - Linker created -
.iar.init_table$$Limit        0xd1c          --   Gb  - Linker created -
?main                         0xd1d         Code  Gb  cmain.o [4]
ADC1_IRQHandler         0x2000'007b   0x3a  Code  Gb  adc_isr.o [1]
ADC2_IRQHandler         0x2000'00b5   0x72  Code  Gb  adc_isr.o [1]
ADC3_IRQHandler         0x2000'0127   0x42  Code  Gb  adc_isr.o [1]
ADC_IRQHandler          0x2000'0011   0x6a  Code  Gb  adc_isr.o [1]
CAN_IRQHandler          0x2000'0185   0x80  Code  Gb  can_isr.o [1]
CSTACK$$Base            0x2000'05a0          --   Gb  - Linker created -
CSTACK$$Limit           0x2000'08a0          --   Gb  - Linker created -
GPTimerA_IRQHandler     0x2000'0225   0x28  Code  Gb  gptimera_isr.o [1]
GPTimerB_IRQHandler     0x2000'024d   0x28  Code  Gb  gptimerb_isr.o [1]
GpioC_IRQHandler        0x2000'0205   0x20  Code  Gb  gpio_isr.o [1]
I2C_IRQHandler                0xb55   0xa8  Code  Gb  i2c_isr.o [1]
QEPC_IRQHandler         0x2000'0275   0x70  Code  Gb  qep_isr.o [1]
RTC_IRQHandler          0x2000'02e5   0x18  Code  Gb  rtc_isr.o [1]
Region$$Table$$Base           0xcfc          --   Gb  - Linker created -
Region$$Table$$Limit          0xd1c          --   Gb  - Linker created -
SSPA_IO_Select_PA3456          0xbd   0xa2  Code  Gb  ssp_func.o [1]
SSPB_IO_Select_PA3456         0x15f   0xa0  Code  Gb  ssp_func.o [1]
SSPC_IO_Select_PE0123         0x2a3    0xa  Code  Gb  ssp_func.o [1]
SSPD_IO_Select_PD4567         0x2ad    0x8  Code  Gb  ssp_func.o [1]
SysTick_Handler               0xd81    0x8  Code  Gb  sleep_app.o [1]
TimerA_IRQHandler       0x2000'02fd   0x48  Code  Gb  timer_isr.o [1]
TimerB_IRQHandler       0x2000'0345   0x12  Code  Gb  timer_isr.o [1]
TimerC_IRQHandler       0x2000'0357   0x12  Code  Gb  timer_isr.o [1]
TimerD_IRQHandler       0x2000'037b   0x54  Code  Gb  timer_isr.o [1]
UARTA_IO_Select_PA45          0x489   0x3c  Code  Gb  uart_func.o [1]
UARTB_IO_Select_PF23          0x4c5   0x1c  Code  Gb  uart_func.o [1]
UARTC_IO_Select_PE23          0x503   0x1c  Code  Gb  uart_func.o [1]
UARTD_IO_Select_PD45          0x51f   0x3c  Code  Gb  uart_func.o [1]
USARTA_IRQHandler             0x881   0x1c  Code  Gb  uart_isr.o [1]
USARTB_IRQHandler             0x89d   0x28  Code  Gb  uart_isr.o [1]
USARTC_IRQHandler             0x8c5   0x42  Code  Gb  uart_isr.o [1]
USARTD_IRQHandler             0x907   0x1c  Code  Gb  uart_isr.o [1]
__cmain                       0xd1d         Code  Gb  cmain.o [4]
__exit                        0xd51   0x14  Code  Gb  exit.o [5]
__iar_data_init3              0xcd5   0x28  Code  Gb  data_init.o [4]
__iar_lz77_init_single3
                              0xbfd   0x78  Code  Gb  lz77_init_single.o [4]
__iar_program_start           0xd65         Code  Gb  cstartup_M.o [4]
__iar_zero_init3              0x72b   0x3a  Code  Gb  zero_init3.o [4]
__low_level_init              0xd3b    0x4  Code  Gb  low_level_init.o [2]
__vector_table                  0x0         Data  Gb  startup_pac55xx_iar.o [1]
__vector_table_0x1c            0x1c         Data  Gb  startup_pac55xx_iar.o [1]
_call_main                    0xd29         Code  Gb  cmain.o [4]
_exit                         0xd45         Code  Gb  cexit.o [4]
_main                         0xd33         Code  Gb  cmain.o [4]
adc_manual_convert_channel
                              0x9c1    0xc  Code  Gb  adc_func.o [1]
adc_manual_init               0x93d   0x84  Code  Gb  adc_func.o [1]
adc_val                 0x2000'03f0   0x30  Data  Gb  adc_isr.o [1]
buffer                  0x2000'0428    0x4  Data  Gb  can_func.o [1]
exit                          0xd3f    0x4  Code  Gb  exit.o [2]
i2c_data_buff           0x2000'0430  0x100  Data  Gb  i2c_isr.o [1]
i2c_data_buff_num       0x2000'042c    0x1  Data  Gb  i2c_isr.o [1]
i2c_first_data_flag     0x2000'042e    0x1  Data  Gb  i2c_isr.o [1]
i2c_read_flag           0x2000'042f    0x1  Data  Gb  i2c_isr.o [1]
i2c_write_flag          0x2000'042d    0x1  Data  Gb  i2c_isr.o [1]
main                          0xc75   0x60  Code  Gb  main.o [1]
pac5xxx_adc_config            0x845   0x20  Code  Gb  pac5xxx_driver_adc.o [1]
pac5xxx_adc_config_emux_io
                              0x765   0x28  Code  Gb  pac5xxx_driver_adc.o [1]
pac5xxx_adc_config_io         0x78d   0xb8  Code  Gb  pac5xxx_driver_adc.o [1]
pac5xxx_sys_pll_config_enable
                              0xaad   0x3a  Code  Gb  pac5xxx_driver_system.o [1]
pac5xxx_uart_config_LCR2
                              0x6f5   0x32  Code  Gb  pac5xxx_driver_uart.o [1]
pac5xxx_uart_config_divisor_latch2
                              0x727    0x4  Code  Gb  pac5xxx_driver_uart.o [1]
pac_delay_asm                 0xb3f         Code  Gb  startup_pac55xx_iar.o [1]
pac_delay_asm_ramfunc   0x2000'0001         Code  Gb  startup_pac55xx_iar.o [1]
pac_recovery                  0xae7   0x3e  Code  Gb  pac5xxx_driver_system.o [1]
peripheral              0x2000'0530   0x30  Data  Gb  main.o [1]
rx_data                 0x2000'0420    0x8  Data  Gb  can_func.o [1]
rx_dataLen              0x2000'059e    0x1  Data  Gb  can_func.o [1]
rx_flag                 0x2000'059f    0x1  Data  Gb  can_func.o [1]
rx_id                   0x2000'059c    0x2  Data  Gb  can_func.o [1]
ssp_init                      0x371   0xb6  Code  Gb  ssp_func.o [1]
ssp_io_config                 0x351   0x1e  Code  Gb  ssp_func.o [1]
ssp_write_one                 0x427   0x32  Code  Gb  ssp_func.o [1]
system_init                   0x9f5   0xb8  Code  Gb  sysclk_func.o [1]
systick_flag            0x2000'0560    0x4  Data  Gb  sleep_app.o [1]
uart_init                     0x5c5   0xb0  Code  Gb  uart_func.o [1]
uart_interrupt_enable         0x55d   0x68  Code  Gb  uart_func.o [1]
uart_read_buf           0x2000'0564   0x34  Data  Gb  uart_isr.o [1]
uart_read_count         0x2000'0598    0x4  Data  Gb  uart_isr.o [1]
uart_write_one                0x675   0x3c  Code  Gb  uart_func.o [1]


[1] = C:\Users\olima\OneDrive\REV\MotorController2021\rev-motor-controller-2021\pac55xx_example_code_v1.4.0\pac55xx_peripheral_examples\iar_proj\Debug\Obj
[2] = dl7M_tlf.a
[3] = m7M_tl.a
[4] = rt7M_tl.a
[5] = shb_l.a

  3'440 bytes of readonly  code memory
  1'008 bytes of readwrite code memory
    719 bytes of readonly  data memory
  1'200 bytes of readwrite data memory

Errors: none
Warnings: none
