###############################################################################
#
# IAR ELF Linker V8.50.9.278/W32 for ARM                  02/Mar/2022  20:44:33
# Copyright 2007-2020 IAR Systems AB.
#
#    Output file  =
#        C:\Users\olima\OneDrive\REV\MotorController2021\rev-motor-controller-2021\pac55xx_example_code_v1.4.0\pac55xx_peripheral_examples\iar_proj\Debug\Exe\project.out
#    Map file     =
#        C:\Users\olima\OneDrive\REV\MotorController2021\rev-motor-controller-2021\pac55xx_example_code_v1.4.0\pac55xx_peripheral_examples\iar_proj\Debug\List\project.map
#    Command line =
#        -f C:\Users\olima\AppData\Local\Temp\EW9D7.tmp
#        (C:\Users\olima\OneDrive\REV\MotorController2021\rev-motor-controller-2021\pac55xx_example_code_v1.4.0\pac55xx_peripheral_examples\iar_proj\Debug\Obj\adc_app.o
#        C:\Users\olima\OneDrive\REV\MotorController2021\rev-motor-controller-2021\pac55xx_example_code_v1.4.0\pac55xx_peripheral_examples\iar_proj\Debug\Obj\adc_func.o
#        C:\Users\olima\OneDrive\REV\MotorController2021\rev-motor-controller-2021\pac55xx_example_code_v1.4.0\pac55xx_peripheral_examples\iar_proj\Debug\Obj\adc_isr.o
#        C:\Users\olima\OneDrive\REV\MotorController2021\rev-motor-controller-2021\pac55xx_example_code_v1.4.0\pac55xx_peripheral_examples\iar_proj\Debug\Obj\aio_app.o
#        C:\Users\olima\OneDrive\REV\MotorController2021\rev-motor-controller-2021\pac55xx_example_code_v1.4.0\pac55xx_peripheral_examples\iar_proj\Debug\Obj\aio_func.o
#        C:\Users\olima\OneDrive\REV\MotorController2021\rev-motor-controller-2021\pac55xx_example_code_v1.4.0\pac55xx_peripheral_examples\iar_proj\Debug\Obj\can_app.o
#        C:\Users\olima\OneDrive\REV\MotorController2021\rev-motor-controller-2021\pac55xx_example_code_v1.4.0\pac55xx_peripheral_examples\iar_proj\Debug\Obj\can_func.o
#        C:\Users\olima\OneDrive\REV\MotorController2021\rev-motor-controller-2021\pac55xx_example_code_v1.4.0\pac55xx_peripheral_examples\iar_proj\Debug\Obj\can_isr.o
#        C:\Users\olima\OneDrive\REV\MotorController2021\rev-motor-controller-2021\pac55xx_example_code_v1.4.0\pac55xx_peripheral_examples\iar_proj\Debug\Obj\capture_func.o
#        C:\Users\olima\OneDrive\REV\MotorController2021\rev-motor-controller-2021\pac55xx_example_code_v1.4.0\pac55xx_peripheral_examples\iar_proj\Debug\Obj\code_protect_app.o
#        C:\Users\olima\OneDrive\REV\MotorController2021\rev-motor-controller-2021\pac55xx_example_code_v1.4.0\pac55xx_peripheral_examples\iar_proj\Debug\Obj\code_protect_func.o
#        C:\Users\olima\OneDrive\REV\MotorController2021\rev-motor-controller-2021\pac55xx_example_code_v1.4.0\pac55xx_peripheral_examples\iar_proj\Debug\Obj\crc_app.o
#        C:\Users\olima\OneDrive\REV\MotorController2021\rev-motor-controller-2021\pac55xx_example_code_v1.4.0\pac55xx_peripheral_examples\iar_proj\Debug\Obj\crc_func.o
#        C:\Users\olima\OneDrive\REV\MotorController2021\rev-motor-controller-2021\pac55xx_example_code_v1.4.0\pac55xx_peripheral_examples\iar_proj\Debug\Obj\flash_app.o
#        C:\Users\olima\OneDrive\REV\MotorController2021\rev-motor-controller-2021\pac55xx_example_code_v1.4.0\pac55xx_peripheral_examples\iar_proj\Debug\Obj\flash_func.o
#        C:\Users\olima\OneDrive\REV\MotorController2021\rev-motor-controller-2021\pac55xx_example_code_v1.4.0\pac55xx_peripheral_examples\iar_proj\Debug\Obj\gpio_app.o
#        C:\Users\olima\OneDrive\REV\MotorController2021\rev-motor-controller-2021\pac55xx_example_code_v1.4.0\pac55xx_peripheral_examples\iar_proj\Debug\Obj\gpio_func.o
#        C:\Users\olima\OneDrive\REV\MotorController2021\rev-motor-controller-2021\pac55xx_example_code_v1.4.0\pac55xx_peripheral_examples\iar_proj\Debug\Obj\gpio_isr.o
#        C:\Users\olima\OneDrive\REV\MotorController2021\rev-motor-controller-2021\pac55xx_example_code_v1.4.0\pac55xx_peripheral_examples\iar_proj\Debug\Obj\gptimera_app.o
#        C:\Users\olima\OneDrive\REV\MotorController2021\rev-motor-controller-2021\pac55xx_example_code_v1.4.0\pac55xx_peripheral_examples\iar_proj\Debug\Obj\gptimera_func.o
#        C:\Users\olima\OneDrive\REV\MotorController2021\rev-motor-controller-2021\pac55xx_example_code_v1.4.0\pac55xx_peripheral_examples\iar_proj\Debug\Obj\gptimera_isr.o
#        C:\Users\olima\OneDrive\REV\MotorController2021\rev-motor-controller-2021\pac55xx_example_code_v1.4.0\pac55xx_peripheral_examples\iar_proj\Debug\Obj\gptimerb_app.o
#        C:\Users\olima\OneDrive\REV\MotorController2021\rev-motor-controller-2021\pac55xx_example_code_v1.4.0\pac55xx_peripheral_examples\iar_proj\Debug\Obj\gptimerb_func.o
#        C:\Users\olima\OneDrive\REV\MotorController2021\rev-motor-controller-2021\pac55xx_example_code_v1.4.0\pac55xx_peripheral_examples\iar_proj\Debug\Obj\gptimerb_isr.o
#        C:\Users\olima\OneDrive\REV\MotorController2021\rev-motor-controller-2021\pac55xx_example_code_v1.4.0\pac55xx_peripheral_examples\iar_proj\Debug\Obj\hib_app.o
#        C:\Users\olima\OneDrive\REV\MotorController2021\rev-motor-controller-2021\pac55xx_example_code_v1.4.0\pac55xx_peripheral_examples\iar_proj\Debug\Obj\hib_func.o
#        C:\Users\olima\OneDrive\REV\MotorController2021\rev-motor-controller-2021\pac55xx_example_code_v1.4.0\pac55xx_peripheral_examples\iar_proj\Debug\Obj\i2c_app.o
#        C:\Users\olima\OneDrive\REV\MotorController2021\rev-motor-controller-2021\pac55xx_example_code_v1.4.0\pac55xx_peripheral_examples\iar_proj\Debug\Obj\i2c_func.o
#        C:\Users\olima\OneDrive\REV\MotorController2021\rev-motor-controller-2021\pac55xx_example_code_v1.4.0\pac55xx_peripheral_examples\iar_proj\Debug\Obj\i2c_isr.o
#        C:\Users\olima\OneDrive\REV\MotorController2021\rev-motor-controller-2021\pac55xx_example_code_v1.4.0\pac55xx_peripheral_examples\iar_proj\Debug\Obj\main.o
#        C:\Users\olima\OneDrive\REV\MotorController2021\rev-motor-controller-2021\pac55xx_example_code_v1.4.0\pac55xx_peripheral_examples\iar_proj\Debug\Obj\pac5xxx_driver_adc.o
#        C:\Users\olima\OneDrive\REV\MotorController2021\rev-motor-controller-2021\pac55xx_example_code_v1.4.0\pac55xx_peripheral_examples\iar_proj\Debug\Obj\pac5xxx_driver_can.o
#        C:\Users\olima\OneDrive\REV\MotorController2021\rev-motor-controller-2021\pac55xx_example_code_v1.4.0\pac55xx_peripheral_examples\iar_proj\Debug\Obj\pac5xxx_driver_gpio.o
#        C:\Users\olima\OneDrive\REV\MotorController2021\rev-motor-controller-2021\pac55xx_example_code_v1.4.0\pac55xx_peripheral_examples\iar_proj\Debug\Obj\pac5xxx_driver_socbridge.o
#        C:\Users\olima\OneDrive\REV\MotorController2021\rev-motor-controller-2021\pac55xx_example_code_v1.4.0\pac55xx_peripheral_examples\iar_proj\Debug\Obj\pac5xxx_driver_system.o
#        C:\Users\olima\OneDrive\REV\MotorController2021\rev-motor-controller-2021\pac55xx_example_code_v1.4.0\pac55xx_peripheral_examples\iar_proj\Debug\Obj\pac5xxx_driver_tile_socbridge.o
#        C:\Users\olima\OneDrive\REV\MotorController2021\rev-motor-controller-2021\pac55xx_example_code_v1.4.0\pac55xx_peripheral_examples\iar_proj\Debug\Obj\pac5xxx_driver_timer.o
#        C:\Users\olima\OneDrive\REV\MotorController2021\rev-motor-controller-2021\pac55xx_example_code_v1.4.0\pac55xx_peripheral_examples\iar_proj\Debug\Obj\pac5xxx_driver_uart.o
#        C:\Users\olima\OneDrive\REV\MotorController2021\rev-motor-controller-2021\pac55xx_example_code_v1.4.0\pac55xx_peripheral_examples\iar_proj\Debug\Obj\power_app.o
#        C:\Users\olima\OneDrive\REV\MotorController2021\rev-motor-controller-2021\pac55xx_example_code_v1.4.0\pac55xx_peripheral_examples\iar_proj\Debug\Obj\power_func.o
#        C:\Users\olima\OneDrive\REV\MotorController2021\rev-motor-controller-2021\pac55xx_example_code_v1.4.0\pac55xx_peripheral_examples\iar_proj\Debug\Obj\pwm_driver_func.o
#        C:\Users\olima\OneDrive\REV\MotorController2021\rev-motor-controller-2021\pac55xx_example_code_v1.4.0\pac55xx_peripheral_examples\iar_proj\Debug\Obj\pwm_func.o
#        C:\Users\olima\OneDrive\REV\MotorController2021\rev-motor-controller-2021\pac55xx_example_code_v1.4.0\pac55xx_peripheral_examples\iar_proj\Debug\Obj\qep_func.o
#        C:\Users\olima\OneDrive\REV\MotorController2021\rev-motor-controller-2021\pac55xx_example_code_v1.4.0\pac55xx_peripheral_examples\iar_proj\Debug\Obj\qep_isr.o
#        C:\Users\olima\OneDrive\REV\MotorController2021\rev-motor-controller-2021\pac55xx_example_code_v1.4.0\pac55xx_peripheral_examples\iar_proj\Debug\Obj\rtc_app.o
#        C:\Users\olima\OneDrive\REV\MotorController2021\rev-motor-controller-2021\pac55xx_example_code_v1.4.0\pac55xx_peripheral_examples\iar_proj\Debug\Obj\rtc_func.o
#        C:\Users\olima\OneDrive\REV\MotorController2021\rev-motor-controller-2021\pac55xx_example_code_v1.4.0\pac55xx_peripheral_examples\iar_proj\Debug\Obj\rtc_isr.o
#        C:\Users\olima\OneDrive\REV\MotorController2021\rev-motor-controller-2021\pac55xx_example_code_v1.4.0\pac55xx_peripheral_examples\iar_proj\Debug\Obj\sleep_app.o
#        C:\Users\olima\OneDrive\REV\MotorController2021\rev-motor-controller-2021\pac55xx_example_code_v1.4.0\pac55xx_peripheral_examples\iar_proj\Debug\Obj\sleep_ramfunc.o
#        C:\Users\olima\OneDrive\REV\MotorController2021\rev-motor-controller-2021\pac55xx_example_code_v1.4.0\pac55xx_peripheral_examples\iar_proj\Debug\Obj\ssp_app.o
#        C:\Users\olima\OneDrive\REV\MotorController2021\rev-motor-controller-2021\pac55xx_example_code_v1.4.0\pac55xx_peripheral_examples\iar_proj\Debug\Obj\ssp_func.o
#        C:\Users\olima\OneDrive\REV\MotorController2021\rev-motor-controller-2021\pac55xx_example_code_v1.4.0\pac55xx_peripheral_examples\iar_proj\Debug\Obj\ssp_isr.o
#        C:\Users\olima\OneDrive\REV\MotorController2021\rev-motor-controller-2021\pac55xx_example_code_v1.4.0\pac55xx_peripheral_examples\iar_proj\Debug\Obj\startup_pac55xx_iar.o
#        C:\Users\olima\OneDrive\REV\MotorController2021\rev-motor-controller-2021\pac55xx_example_code_v1.4.0\pac55xx_peripheral_examples\iar_proj\Debug\Obj\swd_unlock.o
#        C:\Users\olima\OneDrive\REV\MotorController2021\rev-motor-controller-2021\pac55xx_example_code_v1.4.0\pac55xx_peripheral_examples\iar_proj\Debug\Obj\sysclk_app.o
#        C:\Users\olima\OneDrive\REV\MotorController2021\rev-motor-controller-2021\pac55xx_example_code_v1.4.0\pac55xx_peripheral_examples\iar_proj\Debug\Obj\sysclk_func.o
#        C:\Users\olima\OneDrive\REV\MotorController2021\rev-motor-controller-2021\pac55xx_example_code_v1.4.0\pac55xx_peripheral_examples\iar_proj\Debug\Obj\timer_app.o
#        C:\Users\olima\OneDrive\REV\MotorController2021\rev-motor-controller-2021\pac55xx_example_code_v1.4.0\pac55xx_peripheral_examples\iar_proj\Debug\Obj\timer_func.o
#        C:\Users\olima\OneDrive\REV\MotorController2021\rev-motor-controller-2021\pac55xx_example_code_v1.4.0\pac55xx_peripheral_examples\iar_proj\Debug\Obj\timer_isr.o
#        C:\Users\olima\OneDrive\REV\MotorController2021\rev-motor-controller-2021\pac55xx_example_code_v1.4.0\pac55xx_peripheral_examples\iar_proj\Debug\Obj\uart_app.o
#        C:\Users\olima\OneDrive\REV\MotorController2021\rev-motor-controller-2021\pac55xx_example_code_v1.4.0\pac55xx_peripheral_examples\iar_proj\Debug\Obj\uart_func.o
#        C:\Users\olima\OneDrive\REV\MotorController2021\rev-motor-controller-2021\pac55xx_example_code_v1.4.0\pac55xx_peripheral_examples\iar_proj\Debug\Obj\uart_isr.o
#        C:\Users\olima\OneDrive\REV\MotorController2021\rev-motor-controller-2021\pac55xx_example_code_v1.4.0\pac55xx_peripheral_examples\iar_proj\Debug\Obj\user.o
#        C:\Users\olima\OneDrive\REV\MotorController2021\rev-motor-controller-2021\pac55xx_example_code_v1.4.0\pac55xx_peripheral_examples\iar_proj\Debug\Obj\user_printf.o
#        C:\Users\olima\OneDrive\REV\MotorController2021\rev-motor-controller-2021\pac55xx_example_code_v1.4.0\pac55xx_peripheral_examples\iar_proj\Debug\Obj\wwdt_app.o
#        C:\Users\olima\OneDrive\REV\MotorController2021\rev-motor-controller-2021\pac55xx_example_code_v1.4.0\pac55xx_peripheral_examples\iar_proj\Debug\Obj\wwdt_func.o
#        C:\Users\olima\OneDrive\REV\MotorController2021\rev-motor-controller-2021\pac55xx_example_code_v1.4.0\pac55xx_peripheral_examples\iar_proj\Debug\Obj\wwdt_isr.o
#        --no_out_extension -o
#        C:\Users\olima\OneDrive\REV\MotorController2021\rev-motor-controller-2021\pac55xx_example_code_v1.4.0\pac55xx_peripheral_examples\iar_proj\Debug\Exe\project.out
#        --redirect _Printf=_PrintfFull --redirect _Scanf=_ScanfFull --map
#        C:\Users\olima\OneDrive\REV\MotorController2021\rev-motor-controller-2021\pac55xx_example_code_v1.4.0\pac55xx_peripheral_examples\iar_proj\Debug\List\project.map
#        --config
#        C:\Users\olima\OneDrive\REV\MotorController2021\rev-motor-controller-2021\pac55xx_example_code_v1.4.0\pac55xx_peripheral_examples\iar_proj\pac55xx.icf
#        --semihosting --entry __iar_program_start --vfe --text_out locale)
#
###############################################################################

*******************************************************************************
*** RUNTIME MODEL ATTRIBUTES
***

CppFlavor       = *
__SystemLibrary = DLib
__dlib_version  = 6


*******************************************************************************
*** HEAP SELECTION
***

The basic heap was selected because some modules are built with
size limitations (and not runtime checking), and --advanced_heap
was not specified.


*******************************************************************************
*** PLACEMENT SUMMARY
***

"A0":  place at address 0x0 { ro section .intvec };
"P1":  place in [from 0x0 to 0x1'ffff] { ro };
define block RAM_VECTOR_TABLE { rw section .ram_vector_table };
define block CSTACK with size = 768, alignment = 8 { };
define block HEAP with size = 0, alignment = 8 { };
"P3":  place in [from 0x0 to 0x0] |
                [from 0x2000'0000 to 0x2000'7fff] {
          first block RAM_VECTOR_TABLE, rw, block CSTACK, block HEAP };
initialize by copy { rw };

No sections matched the following patterns:

  ro section application_specific_ro  in "P2|P4"
  rw section .ram_vector_table        in block RAM_VECTOR_TABLE
  rw section application_specific_rw  in "P2|P4"


  Section            Kind         Address    Size  Object
  -------            ----         -------    ----  ------
"A0":                                        0xbc
  .intvec            ro code          0x0    0xbc  startup_pac55xx_iar.o [1]
                                   - 0xbc    0xbc

"P1":                                      0x30b1
  .text              ro code         0xbc  0x10c6  xprintffull.o [2]
  .text              ro code       0x1182    0x3a  zero_init3.o [4]
  .text              ro code       0x11bc    0x7c  xlocale_c.o [2]
  .text              ro code       0x1238    0x16  strchr.o [4]
  .text              ro code       0x124e    0x1e  xencoding_8859_1.o [2]
  .text              ro code       0x126c    0x40  xfail_s.o [2]
  .text              ro code       0x12ac    0x36  strlen.o [4]
  .rodata            const         0x12e2     0x2  xlocale_c.o [2]
  .text              ro code       0x12e4    0x58  memchr.o [4]
  .text              ro code       0x133c    0xa6  ABImemcpy.o [4]
  .rodata            const         0x13e2     0x2  xlocale_c.o [2]
  .text              ro code       0x13e4    0x70  frexp.o [3]
  .text              ro code       0x1454    0x2e  DblCmpLe.o [3]
  .rodata            const         0x1482     0x1  xlocale_c.o [2]
  .text              ro code       0x1484    0x2e  DblCmpGe.o [3]
  .text              ro code       0x14b4   0x13a  ldexp.o [3]
  .text              ro code       0x15f0    0x3a  DblToS32.o [3]
  .text              ro code       0x162c    0x22  S32ToDbl.o [3]
  .text              ro code       0x1650    0xe2  DblSub.o [3]
  .text              ro code       0x1734   0x246  DblDiv.o [3]
  .text              ro code       0x197c    0x28  DblToU32.o [3]
  .text              ro code       0x19a4    0x1a  U32ToDbl.o [3]
  .text              ro code       0x19c0   0x1a2  DblMul.o [3]
  .text              ro code       0x1b62     0xa  xmbcurmax.o [2]
  .text              ro code       0x1b6c   0x230  I64DivMod.o [4]
  .text              ro code       0x1d9c     0x6  abort.o [2]
  .text              ro code       0x1da4   0x16a  DblAdd.o [3]
  .text              ro code       0x1f10     0x2  I64DivZer.o [4]
  .text              ro code       0x1f14    0x14  exit.o [5]
  .text              ro code       0x1f28   0x3cc  ssp_func.o [1]
  .text              ro code       0x22f4   0x26c  uart_func.o [1]
  .text              ro code       0x2560    0x36  pac5xxx_driver_uart.o [1]
  .text              ro code       0x2598   0x11c  pac5xxx_driver_adc.o [1]
  .text              ro code       0x26b4    0xbc  uart_isr.o [1]
  .text              ro code       0x2770    0xb8  adc_func.o [1]
  .text              ro code       0x2828    0xb8  pwm_func.o [1]
  .text              ro code       0x28e0    0x70  pac5xxx_driver_timer.o [1]
  .text              ro code       0x2950    0xb8  sysclk_func.o [1]
  .text              ro code       0x2a08    0x88  pac5xxx_driver_system.o [1]
  .text              ro code       0x2a90    0x20  startup_pac55xx_iar.o [1]
  .text              ro code       0x2ab0    0xa8  i2c_isr.o [1]
  .text              ro code       0x2b58    0x8c  timer_app.o [1]
  .text              ro code       0x2be4    0x84  gpio_func.o [1]
  .text              ro code       0x2c68    0x14  user.o [1]
  .text              ro code       0x2c7c    0x28  printf.o [2]
  .text              ro code       0x2ca4    0x78  lz77_init_single.o [4]
  .text              ro code       0x2d1c    0x64  main.o [1]
  .rodata            const         0x2d80    0x30  timer_app.o [1]
  .text              ro code       0x2db0    0x28  data_init.o [4]
  .iar.init_table    const         0x2dd8    0x20  - Linker created -
  .text              ro code       0x2df8    0x1e  cmain.o [4]
  .text              ro code       0x2e16     0x4  low_level_init.o [2]
  .text              ro code       0x2e1a     0x4  exit.o [2]
  .text              ro code       0x2e20     0xa  cexit.o [4]
  .text              ro code       0x2e2c    0x1c  cstartup_M.o [4]
  .text              ro code       0x2e48    0x16  xprout.o [2]
  .text              ro code       0x2e60     0xc  putchar.o [2]
  .text              ro code       0x2e6c     0x2  user_printf.o [1]
  .text              ro code       0x2e70     0xc  sleep_app.o [1]
  .text              ro code       0x2e7c     0x4  startup_pac55xx_iar.o [1]
  .rodata            const         0x2e80     0x0  zero_init3.o [4]
  .rodata            const         0x2e80     0x0  lz77_init_single.o [4]
  Initializer bytes  const         0x2e80   0x2ed  <for P3 mid-1>
                                 - 0x316d  0x30b1

"P3":                                       0x9c0
  P3 mid-1                    0x2000'0000   0x4b8  <Init block>
    .data            inited   0x2000'0000    0x38  xlocale_c.o [2]
    .data            inited   0x2000'0038    0x48  xlocale_c.o [2]
    .data            inited   0x2000'0080    0x48  xfiles.o [2]
    .text            inited   0x2000'00c8     0xe  startup_pac55xx_iar.o [1]
    .textrw          inited   0x2000'00d8   0x174  adc_isr.o [1]
    .textrw          inited   0x2000'024c    0x80  can_isr.o [1]
    .textrw          inited   0x2000'02cc    0x20  gpio_isr.o [1]
    .textrw          inited   0x2000'02ec    0x28  gptimera_isr.o [1]
    .textrw          inited   0x2000'0314    0x28  gptimerb_isr.o [1]
    .textrw          inited   0x2000'033c    0x70  qep_isr.o [1]
    .textrw          inited   0x2000'03ac    0x18  rtc_isr.o [1]
    .textrw          inited   0x2000'03c4    0xf4  timer_isr.o [1]
  .bss               zero     0x2000'04b8    0x30  adc_isr.o [1]
  .bss               zero     0x2000'04e8     0x8  can_func.o [1]
  .bss               zero     0x2000'04f0     0x4  can_func.o [1]
  .bss               zero     0x2000'04f4   0x104  i2c_isr.o [1]
  .bss               zero     0x2000'05f8    0x30  main.o [1]
  .bss               zero     0x2000'0628     0x4  sleep_app.o [1]
  .bss               zero     0x2000'062c    0x38  uart_isr.o [1]
  .bss               zero     0x2000'0664     0x4  xfail_s.o [2]
  .bss               zero     0x2000'0668    0x50  xfiles.o [2]
  .bss               zero     0x2000'06b8     0x2  can_func.o [1]
  .bss               zero     0x2000'06ba     0x1  can_func.o [1]
  .bss               zero     0x2000'06bb     0x1  can_func.o [1]
  CSTACK                      0x2000'06c0   0x300  <Block>
    CSTACK           uninit   0x2000'06c0   0x300  <Block tail>
                            - 0x2000'09c0   0x9c0

Unused ranges:

         From           To      Size
         ----           --      ----
       0x316d     0x1'ffff  0x1'ce93
  0x2000'09c0  0x2000'7fff    0x7640


*******************************************************************************
*** INIT TABLE
***

          Address      Size
          -------      ----
Zero (__iar_zero_init3)
    1 destination range, total size 0x204:
          0x2000'04b8  0x204

Copy/lz77 (__iar_lz77_init_single3)
    1 source range, total size 0x2ed (62% of destination):
               0x2e80  0x2ed
    1 destination range, total size 0x4b8:
          0x2000'0000  0x4b8



*******************************************************************************
*** MODULE SUMMARY
***

    Module                   ro code  rw code  ro data  rw data
    ------                   -------  -------  -------  -------
command line/config:
    -----------------------------------------------------------
    Total:

C:\Users\olima\OneDrive\REV\MotorController2021\rev-motor-controller-2021\pac55xx_example_code_v1.4.0\pac55xx_peripheral_examples\iar_proj\Debug\Obj: [1]
    adc_func.o                   184
    adc_isr.o                             372      232       48
    can_func.o                                               16
    can_isr.o                             128       79
    gpio_func.o                  132
    gpio_isr.o                             32       20
    gptimera_isr.o                         40       25
    gptimerb_isr.o                         40       25
    i2c_isr.o                    168                        260
    main.o                       100                         48
    pac5xxx_driver_adc.o         284
    pac5xxx_driver_system.o      136
    pac5xxx_driver_timer.o       112
    pac5xxx_driver_uart.o         54
    pwm_func.o                   184
    qep_isr.o                             112       69
    rtc_isr.o                              24       15
    sleep_app.o                   12                          4
    ssp_func.o                   972
    startup_pac55xx_iar.o        224       14        8
    sysclk_func.o                184
    timer_app.o                  140                48
    timer_isr.o                           244      152
    uart_func.o                  620
    uart_isr.o                   188                         56
    user.o                        20
    user_printf.o                  2
    -----------------------------------------------------------
    Total:                     3'716    1'006      673      432

dl7M_tlf.a: [2]
    abort.o                        6
    exit.o                         4
    low_level_init.o               4
    printf.o                      40
    putchar.o                     12
    xencoding_8859_1.o            30
    xfail_s.o                     64                          4
    xfiles.o                                        45      152
    xlocale_c.o                  124                84      128
    xmbcurmax.o                   10
    xprintffull.o              4'294
    xprout.o                      22
    -----------------------------------------------------------
    Total:                     4'610               129      284

m7M_tl.a: [3]
    DblAdd.o                     362
    DblCmpGe.o                    46
    DblCmpLe.o                    46
    DblDiv.o                     582
    DblMul.o                     418
    DblSub.o                     226
    DblToS32.o                    58
    DblToU32.o                    40
    S32ToDbl.o                    34
    U32ToDbl.o                    26
    frexp.o                      112
    ldexp.o                      314
    -----------------------------------------------------------
    Total:                     2'264

rt7M_tl.a: [4]
    ABImemcpy.o                  166
    I64DivMod.o                  560
    I64DivZer.o                    2
    cexit.o                       10
    cmain.o                       30
    cstartup_M.o                  28
    data_init.o                   40
    lz77_init_single.o           120
    memchr.o                      88
    strchr.o                      22
    strlen.o                      54
    zero_init3.o                  58
    -----------------------------------------------------------
    Total:                     1'178

shb_l.a: [5]
    exit.o                        20
    -----------------------------------------------------------
    Total:                        20

    Gaps                          31        2
    Linker created                                  32      768
---------------------------------------------------------------
    Grand Total:              11'819    1'008      834    1'484


*******************************************************************************
*** ENTRY LIST
***

Entry                       Address   Size  Type      Object
-----                       -------   ----  ----      ------
.iar.init_table$$Base        0x2dd8          --   Gb  - Linker created -
.iar.init_table$$Limit       0x2df8          --   Gb  - Linker created -
?main                        0x2df9         Code  Gb  cmain.o [4]
ADC1_IRQHandler         0x2000'0143   0x3a  Code  Gb  adc_isr.o [1]
ADC2_IRQHandler         0x2000'017d   0x72  Code  Gb  adc_isr.o [1]
ADC3_IRQHandler         0x2000'01ef   0x42  Code  Gb  adc_isr.o [1]
ADC_IRQHandler          0x2000'00d9   0x6a  Code  Gb  adc_isr.o [1]
CAN_IRQHandler          0x2000'024d   0x80  Code  Gb  can_isr.o [1]
CSTACK$$Base            0x2000'06c0          --   Gb  - Linker created -
CSTACK$$Limit           0x2000'09c0          --   Gb  - Linker created -
CacheMore                    0x11c1   0x28  Code  Lc  xlocale_c.o [2]
GPTimerA_IRQHandler     0x2000'02ed   0x28  Code  Gb  gptimera_isr.o [1]
GPTimerB_IRQHandler     0x2000'0315   0x28  Code  Gb  gptimerb_isr.o [1]
GpioC_IRQHandler        0x2000'02cd   0x20  Code  Gb  gpio_isr.o [1]
I2C_IRQHandler               0x2ab1   0xa8  Code  Gb  i2c_isr.o [1]
QEPC_IRQHandler         0x2000'033d   0x70  Code  Gb  qep_isr.o [1]
RTC_IRQHandler          0x2000'03ad   0x18  Code  Gb  rtc_isr.o [1]
Region$$Table$$Base          0x2dd8          --   Gb  - Linker created -
Region$$Table$$Limit         0x2df8          --   Gb  - Linker created -
SSPA_IO_Select_PA3456        0x1f29   0xa2  Code  Gb  ssp_func.o [1]
SSPB_IO_Select_PA3456        0x1fcb   0xa0  Code  Gb  ssp_func.o [1]
SSPC_IO_Select_PE0123        0x210f    0xa  Code  Gb  ssp_func.o [1]
SSPD_IO_Select_PD4567        0x2119    0x8  Code  Gb  ssp_func.o [1]
SysTick_Handler              0x2e71    0x8  Code  Gb  sleep_app.o [1]
TimerA_IRQHandler       0x2000'03c5   0x48  Code  Gb  timer_isr.o [1]
TimerB_IRQHandler       0x2000'040d   0x12  Code  Gb  timer_isr.o [1]
TimerC_IRQHandler       0x2000'041f   0x12  Code  Gb  timer_isr.o [1]
TimerD_IRQHandler       0x2000'0443   0x54  Code  Gb  timer_isr.o [1]
UARTA_IO_Select_PA45         0x22f5   0x3c  Code  Gb  uart_func.o [1]
UARTB_IO_Select_PF23         0x2331   0x1c  Code  Gb  uart_func.o [1]
UARTC_IO_Select_PE23         0x236f   0x1c  Code  Gb  uart_func.o [1]
UARTD_IO_Select_PD45         0x238b   0x3c  Code  Gb  uart_func.o [1]
USARTA_IRQHandler            0x26b5   0x1c  Code  Gb  uart_isr.o [1]
USARTB_IRQHandler            0x26d1   0x28  Code  Gb  uart_isr.o [1]
USARTC_IRQHandler            0x26f9   0x42  Code  Gb  uart_isr.o [1]
USARTD_IRQHandler            0x273b   0x1c  Code  Gb  uart_isr.o [1]
_Encoding_8859_1_Mbrlen
                             0x1261    0x2  Code  Gb  xencoding_8859_1.o [2]
_Encoding_8859_1_Wctomb
                             0x124f   0x12  Code  Gb  xencoding_8859_1.o [2]
_LitobFull                    0xfcf  0x10a  Code  Lc  xprintffull.o [2]
_Locale_lconv           0x2000'0000   0x38  Data  Lc  xlocale_c.o [2]
_PrintfFull                    0xbd  0xcc2  Code  Gb  xprintffull.o [2]
_Prout                       0x2e49   0x16  Code  Gb  xprout.o [2]
_PutcharsFull                0x1141   0x2e  Code  Lc  xprintffull.o [2]
_PutstrFull                   0xf0f   0xc0  Code  Lc  xprintffull.o [2]
_PuttxtFull                   0xe03  0x10c  Code  Lc  xprintffull.o [2]
__aeabi_cdcmple              0x1455         Code  Gb  DblCmpLe.o [3]
__aeabi_cdrcmple             0x1485         Code  Gb  DblCmpGe.o [3]
__aeabi_d2iz                 0x15f1         Code  Gb  DblToS32.o [3]
__aeabi_d2uiz                0x197d         Code  Gb  DblToU32.o [3]
__aeabi_ddiv                 0x1735         Code  Gb  DblDiv.o [3]
__aeabi_dmul                 0x19c1         Code  Gb  DblMul.o [3]
__aeabi_dsub                 0x1651         Code  Gb  DblSub.o [3]
__aeabi_i2d                  0x162d         Code  Gb  S32ToDbl.o [3]
__aeabi_ldiv0                0x1f11         Code  Gb  I64DivZer.o [4]
__aeabi_memcpy               0x133d         Code  Gb  ABImemcpy.o [4]
__aeabi_memcpy4              0x135d         Code  Gb  ABImemcpy.o [4]
__aeabi_memcpy8              0x135d         Code  Gb  ABImemcpy.o [4]
__aeabi_ui2d                 0x19a5         Code  Gb  U32ToDbl.o [3]
__aeabi_uldivmod             0x1b6d         Code  Gb  I64DivMod.o [4]
__cmain                      0x2df9         Code  Gb  cmain.o [4]
__exit                       0x1f15   0x14  Code  Gb  exit.o [5]
__iar_Fail_s                 0x126d   0x1c  Code  Gb  xfail_s.o [2]
__iar_Mbcurmax               0x1b63    0xa  Code  Gb  xmbcurmax.o [2]
__iar_Memchr                 0x12e5         Code  Gb  memchr.o [4]
__iar_Stdout            0x2000'0080   0x48  Data  Gb  xfiles.o [2]
__iar_Strchr                 0x1239         Code  Gb  strchr.o [4]
__iar_dadd                   0x1661         Code  Gb  DblSub.o [3]
__iar_data_init3             0x2db1   0x28  Code  Gb  data_init.o [4]
__iar_dsub                   0x1da5         Code  Gb  DblAdd.o [3]
__iar_dsubStart              0x1db7         Code  Gb  DblAdd.o [3]
__iar_frexp                  0x13f1         Code  Gb  frexp.o [3]
__iar_frexp64                0x13e5         Code  Gb  frexp.o [3]
__iar_frexpl                 0x13f1         Code  Gb  frexp.o [3]
__iar_globLocale        0x2000'0038   0x48  Data  Lc  xlocale_c.o [2]
__iar_global_Locale          0x11bd    0x4  Code  Gb  xlocale_c.o [2]
__iar_ldexp64                0x14b5         Code  Gb  ldexp.o [3]
__iar_lz77_init_single3
                             0x2ca5   0x78  Code  Gb  lz77_init_single.o [4]
__iar_program_start          0x2e2d         Code  Gb  cstartup_M.o [4]
__iar_scalbln64              0x14b5         Code  Gb  ldexp.o [3]
__iar_scalbn64               0x14b5         Code  Gb  ldexp.o [3]
__iar_zero_init3             0x1183   0x3a  Code  Gb  zero_init3.o [4]
__low_level_init             0x2e17    0x4  Code  Gb  low_level_init.o [2]
__vector_table                  0x0         Data  Gb  startup_pac55xx_iar.o [1]
__vector_table_0x1c            0x1c         Data  Gb  startup_pac55xx_iar.o [1]
_call_main                   0x2e05         Code  Gb  cmain.o [4]
_exit                        0x2e21         Code  Gb  cexit.o [4]
_gLocale_mblen               0x1225    0x4  Code  Gb  xlocale_c.o [2]
_gLocale_mblenInt            0x11e9   0x2c  Code  Gb  xlocale_c.o [2]
_gLocale_wctomb              0x1229    0x4  Code  Gb  xlocale_c.o [2]
_gLocale_wctombInt           0x1221    0x4  Code  Gb  xlocale_c.o [2]
_main                        0x2e0f         Code  Gb  cmain.o [4]
abort                        0x1d9d    0x6  Code  Gb  abort.o [2]
adc_manual_convert_channel
                             0x27f5    0xc  Code  Gb  adc_func.o [1]
adc_manual_init              0x2771   0x84  Code  Gb  adc_func.o [1]
adc_val                 0x2000'04b8   0x30  Data  Gb  adc_isr.o [1]
buffer                  0x2000'04f0    0x4  Data  Gb  can_func.o [1]
configure_timer_c_compare_mode
                             0x2829   0x9e  Code  Gb  pwm_func.o [1]
delay_times                  0x2c69   0x14  Code  Gb  user.o [1]
exit                         0x2e1b    0x4  Code  Gb  exit.o [2]
fputc                        0x2e6d    0x2  Code  Gb  user_printf.o [1]
frexp                        0x13e5         Code  Gb  frexp.o [3]
frexpl                       0x13e5         Code  Gb  frexp.o [3]
gpiox_debug_init             0x2be5   0x74  Code  Gb  gpio_func.o [1]
i2c_data_buff           0x2000'04f8  0x100  Data  Gb  i2c_isr.o [1]
i2c_data_buff_num       0x2000'04f4    0x1  Data  Gb  i2c_isr.o [1]
i2c_first_data_flag     0x2000'04f6    0x1  Data  Gb  i2c_isr.o [1]
i2c_read_flag           0x2000'04f7    0x1  Data  Gb  i2c_isr.o [1]
i2c_write_flag          0x2000'04f5    0x1  Data  Gb  i2c_isr.o [1]
ldexp                        0x14b5         Code  Gb  ldexp.o [3]
ldexpl                       0x14b5         Code  Gb  ldexp.o [3]
localeconv                   0x122d    0x4  Code  Gb  xlocale_c.o [2]
main                         0x2d1d   0x64  Code  Gb  main.o [1]
memchr                       0x12e5         Code  Gb  memchr.o [4]
obuf                    0x2000'0668   0x50  Data  Lc  xfiles.o [2]
pac5xxx_adc_config           0x2679   0x20  Code  Gb  pac5xxx_driver_adc.o [1]
pac5xxx_adc_config_emux_io
                             0x2599   0x28  Code  Gb  pac5xxx_driver_adc.o [1]
pac5xxx_adc_config_io        0x25c1   0xb8  Code  Gb  pac5xxx_driver_adc.o [1]
pac5xxx_sys_pll_config_enable
                             0x2a09   0x3a  Code  Gb  pac5xxx_driver_system.o [1]
pac5xxx_timer_base_config
                             0x2907   0x36  Code  Gb  pac5xxx_driver_timer.o [1]
pac5xxx_timer_clock_config
                             0x28e1   0x26  Code  Gb  pac5xxx_driver_timer.o [1]
pac5xxx_uart_config_LCR2
                             0x2561   0x32  Code  Gb  pac5xxx_driver_uart.o [1]
pac5xxx_uart_config_divisor_latch2
                             0x2593    0x4  Code  Gb  pac5xxx_driver_uart.o [1]
pac_delay_asm                0x2a9b         Code  Gb  startup_pac55xx_iar.o [1]
pac_delay_asm_ramfunc   0x2000'00c9         Code  Gb  startup_pac55xx_iar.o [1]
pac_recovery                 0x2a43   0x3e  Code  Gb  pac5xxx_driver_system.o [1]
peripheral              0x2000'05f8   0x30  Data  Gb  main.o [1]
printf                       0x2c7d   0x28  Code  Gb  printf.o [2]
putchar                      0x2e61    0xc  Code  Gb  putchar.o [2]
rx_data                 0x2000'04e8    0x8  Data  Gb  can_func.o [1]
rx_dataLen              0x2000'06ba    0x1  Data  Gb  can_func.o [1]
rx_flag                 0x2000'06bb    0x1  Data  Gb  can_func.o [1]
rx_id                   0x2000'06b8    0x2  Data  Gb  can_func.o [1]
scalbln                      0x14b5         Code  Gb  ldexp.o [3]
scalblnl                     0x14b5         Code  Gb  ldexp.o [3]
scalbn                       0x14b5         Code  Gb  ldexp.o [3]
scalbnl                      0x14b5         Code  Gb  ldexp.o [3]
scale                        0x10d9   0x46  Code  Lc  xprintffull.o [2]
sec_hand                0x2000'0664    0x4  Data  Lc  xfail_s.o [2]
ssp_init                     0x21dd   0xb6  Code  Gb  ssp_func.o [1]
ssp_io_config                0x21bd   0x1e  Code  Gb  ssp_func.o [1]
ssp_write_one                0x2293   0x32  Code  Gb  ssp_func.o [1]
strchr                       0x1239         Code  Gb  strchr.o [4]
strlen                       0x12ad         Code  Gb  strlen.o [4]
system_init                  0x2951   0xb8  Code  Gb  sysclk_func.o [1]
systick_flag            0x2000'0628    0x4  Data  Gb  sleep_app.o [1]
timer_app                    0x2b59   0x42  Code  Gb  timer_app.o [1]
uart_init                    0x2431   0xb0  Code  Gb  uart_func.o [1]
uart_interrupt_enable        0x23c9   0x68  Code  Gb  uart_func.o [1]
uart_read_buf           0x2000'062c   0x34  Data  Gb  uart_isr.o [1]
uart_read_count         0x2000'0660    0x4  Data  Gb  uart_isr.o [1]
uart_write_one               0x24e1   0x3c  Code  Gb  uart_func.o [1]


[1] = C:\Users\olima\OneDrive\REV\MotorController2021\rev-motor-controller-2021\pac55xx_example_code_v1.4.0\pac55xx_peripheral_examples\iar_proj\Debug\Obj
[2] = dl7M_tlf.a
[3] = m7M_tl.a
[4] = rt7M_tl.a
[5] = shb_l.a

  11'819 bytes of readonly  code memory
   1'008 bytes of readwrite code memory
     834 bytes of readonly  data memory
   1'484 bytes of readwrite data memory

Errors: none
Warnings: none
